#
# There is insufficient memory for the Java Runtime Environment to continue.
# Native memory allocation (malloc) failed to allocate 888288 bytes for Chunk::new
# Possible reasons:
#   The system is out of physical RAM or swap space
#   The process is running with CompressedOops enabled, and the Java Heap may be blocking the growth of the native heap
# Possible solutions:
#   Reduce memory load on the system
#   Increase physical memory or swap space
#   Check if swap backing store is full
#   Decrease Java heap size (-Xmx/-Xms)
#   Decrease number of Java threads
#   Decrease Java thread stack sizes (-Xss)
#   Set larger code cache with -XX:ReservedCodeCacheSize=
#   JVM is running with Unscaled Compressed Oops mode in which the Java heap is
#     placed in the first 4GB address space. The Java Heap base address is the
#     maximum limit for the native heap growth. Please use -XX:HeapBaseMinAddress
#     to set the Java Heap base and to place the Java Heap above 4GB virtual address.
# This output file may be truncated or incomplete.
#
#  Out of Memory Error (arena.cpp:168), pid=14072, tid=11648
#
# JRE version: Java(TM) SE Runtime Environment (21.0.1+12) (build 21.0.1+12-LTS-29)
# Java VM: Java HotSpot(TM) 64-Bit Server VM (21.0.1+12-LTS-29, mixed mode, sharing, tiered, compressed oops, compressed class ptrs, g1 gc, windows-amd64)
# No core dump will be written. Minidumps are not enabled by default on client versions of Windows
#

---------------  S U M M A R Y ------------

Command Line: --enable-native-access=ALL-UNNAMED -Dclassworlds.conf=C:\apache-maven-3.9.14\bin\m2.conf -Dmaven.home=C:\apache-maven-3.9.14 -Dlibrary.jansi.path=C:\apache-maven-3.9.14\lib\jansi-native -Dmaven.multiModuleProjectDirectory=D:\Courier_Management_System\DeliveryService org.codehaus.plexus.classworlds.launcher.Launcher clean verify sonar:sonar

Host: Intel(R) Core(TM) i5-8265U CPU @ 1.60GHz, 8 cores, 3G,  Windows 11 , 64 bit Build 22621 (10.0.22621.3958)
Time: Mon Mar 30 16:38:20 2026 India Standard Time elapsed time: 2.671225 seconds (0d 0h 0m 2s)

---------------  T H R E A D  ---------------

Current thread (0x000001eefe6b5ca0):  JavaThread "C2 CompilerThread0" daemon [_thread_in_native, id=11648, stack(0x0000004da0800000,0x0000004da0900000) (1024K)]


Current CompileTask:
C2:   2671 2687       4       org.codehaus.plexus.util.xml.pull.MXParser::parseStartTag (1205 bytes)

Stack: [0x0000004da0800000,0x0000004da0900000]
Native frames: (J=compiled Java code, j=interpreted, Vv=VM code, C=native code)
V  [jvm.dll+0x6c9029]
V  [jvm.dll+0x854b81]
V  [jvm.dll+0x856e5e]
V  [jvm.dll+0x857543]
V  [jvm.dll+0x280c06]
V  [jvm.dll+0xc3ead]
V  [jvm.dll+0xc43c3]
V  [jvm.dll+0x3b576c]
V  [jvm.dll+0x382475]
V  [jvm.dll+0x3818ea]
V  [jvm.dll+0x249ad0]
V  [jvm.dll+0x2490b1]
V  [jvm.dll+0x1c9ca1]
V  [jvm.dll+0x2586b9]
V  [jvm.dll+0x256c9a]
V  [jvm.dll+0x3ef1b6]
V  [jvm.dll+0x7fd728]
V  [jvm.dll+0x6c777d]
C  [ucrtbase.dll+0x29333]
C  [KERNEL32.DLL+0x1257d]
C  [ntdll.dll+0x5af08]


---------------  P R O C E S S  ---------------

Threads class SMR info:
_java_thread_list=0x000001eec53a5290, length=12, elements={
0x000001eee113e150, 0x000001eefe6877d0, 0x000001eefe689700, 0x000001eefe68d510,
0x000001eefe694370, 0x000001eefe693690, 0x000001eefe6b4f10, 0x000001eefe6b5ca0,
0x000001eefe6b6740, 0x000001eefe913980, 0x000001eefe91a8e0, 0x000001eec53aaa30
}

Java Threads: ( => current thread )
  0x000001eee113e150 JavaThread "main"                              [_thread_in_native, id=16984, stack(0x0000004d9fa00000,0x0000004d9fb00000) (1024K)]
  0x000001eefe6877d0 JavaThread "Reference Handler"          daemon [_thread_blocked, id=14924, stack(0x0000004da0200000,0x0000004da0300000) (1024K)]
  0x000001eefe689700 JavaThread "Finalizer"                  daemon [_thread_blocked, id=19964, stack(0x0000004da0300000,0x0000004da0400000) (1024K)]
  0x000001eefe68d510 JavaThread "Signal Dispatcher"          daemon [_thread_blocked, id=7832, stack(0x0000004da0400000,0x0000004da0500000) (1024K)]
  0x000001eefe694370 JavaThread "Attach Listener"            daemon [_thread_blocked, id=17388, stack(0x0000004da0500000,0x0000004da0600000) (1024K)]
  0x000001eefe693690 JavaThread "Service Thread"             daemon [_thread_blocked, id=17596, stack(0x0000004da0600000,0x0000004da0700000) (1024K)]
  0x000001eefe6b4f10 JavaThread "Monitor Deflation Thread"   daemon [_thread_blocked, id=68, stack(0x0000004da0700000,0x0000004da0800000) (1024K)]
=>0x000001eefe6b5ca0 JavaThread "C2 CompilerThread0"         daemon [_thread_in_native, id=11648, stack(0x0000004da0800000,0x0000004da0900000) (1024K)]
  0x000001eefe6b6740 JavaThread "C1 CompilerThread0"         daemon [_thread_blocked, id=17548, stack(0x0000004da0900000,0x0000004da0a00000) (1024K)]
  0x000001eefe913980 JavaThread "Notification Thread"        daemon [_thread_blocked, id=6384, stack(0x0000004da0a00000,0x0000004da0b00000) (1024K)]
  0x000001eefe91a8e0 JavaThread "Common-Cleaner"             daemon [_thread_blocked, id=18428, stack(0x0000004da0b00000,0x0000004da0c00000) (1024K)]
  0x000001eec53aaa30 JavaThread "Thread-1"                   daemon [_thread_blocked, id=652, stack(0x0000004da1300000,0x0000004da1400000) (1024K)]
Total: 12

Other Threads:
  0x000001eefe66bda0 VMThread "VM Thread"                           [id=13940, stack(0x0000004da0100000,0x0000004da0200000) (1024K)]
  0x000001eefe65d5d0 WatcherThread "VM Periodic Task Thread"        [id=19960, stack(0x0000004da0000000,0x0000004da0100000) (1024K)]
  0x000001eee127fad0 WorkerThread "GC Thread#0"                     [id=18480, stack(0x0000004d9fb00000,0x0000004d9fc00000) (1024K)]
  0x000001eec50d1960 WorkerThread "GC Thread#1"                     [id=10488, stack(0x0000004da0c00000,0x0000004da0d00000) (1024K)]
  0x000001eec50b96f0 WorkerThread "GC Thread#2"                     [id=18740, stack(0x0000004da0d00000,0x0000004da0e00000) (1024K)]
  0x000001eec50b9a90 WorkerThread "GC Thread#3"                     [id=14712, stack(0x0000004da0e00000,0x0000004da0f00000) (1024K)]
  0x000001eec50b9e30 WorkerThread "GC Thread#4"                     [id=6304, stack(0x0000004da0f00000,0x0000004da1000000) (1024K)]
  0x000001eec50ba1d0 WorkerThread "GC Thread#5"                     [id=6560, stack(0x0000004da1000000,0x0000004da1100000) (1024K)]
  0x000001eec50ba570 WorkerThread "GC Thread#6"                     [id=2972, stack(0x0000004da1100000,0x0000004da1200000) (1024K)]
  0x000001eec50ba910 WorkerThread "GC Thread#7"                     [id=12440, stack(0x0000004da1200000,0x0000004da1300000) (1024K)]
  0x000001eee12888a0 ConcurrentGCThread "G1 Main Marker"            [id=5896, stack(0x0000004d9fc00000,0x0000004d9fd00000) (1024K)]
  0x000001eee128ab50 WorkerThread "G1 Conc#0"                       [id=16420, stack(0x0000004d9fd00000,0x0000004d9fe00000) (1024K)]
  0x000001eee12ef0c0 ConcurrentGCThread "G1 Refine#0"               [id=8300, stack(0x0000004d9fe00000,0x0000004d9ff00000) (1024K)]
  0x000001eee12efc30 ConcurrentGCThread "G1 Service"                [id=19620, stack(0x0000004d9ff00000,0x0000004da0000000) (1024K)]
Total: 14

Threads with active compile tasks:
C2 CompilerThread0     2716 2687       4       org.codehaus.plexus.util.xml.pull.MXParser::parseStartTag (1205 bytes)
Total: 1

VM state: not at safepoint (normal execution)

VM Mutex/Monitor currently owned by a thread: None

Heap address: 0x00000000c1e00000, size: 994 MB, Compressed Oops mode: 32-bit

CDS archive(s) mapped at: [0x000001ee80000000-0x000001ee80c90000-0x000001ee80c90000), size 13172736, SharedBaseAddress: 0x000001ee80000000, ArchiveRelocationMode: 1.
Compressed class space mapped at: 0x000001ee81000000-0x000001eec1000000, reserved size: 1073741824
Narrow klass base: 0x000001ee80000000, Narrow klass shift: 0, Narrow klass range: 0x100000000

GC Precious Log:
 CardTable entry size: 512
 Card Set container configuration: InlinePtr #cards 5 size 8 Array Of Cards #cards 12 size 40 Howl #buckets 4 coarsen threshold 1843 Howl Bitmap #cards 512 size 80 coarsen threshold 460 Card regions per heap region 1 cards per card region 2048
 CPUs: 8 total, 8 available
 Memory: 3971M
 Large Page Support: Disabled
 NUMA Support: Disabled
 Compressed Oops: Enabled (32-bit)
 Heap Region Size: 1M
 Heap Min Capacity: 8M
 Heap Initial Capacity: 64M
 Heap Max Capacity: 994M
 Pre-touch: Disabled
 Parallel Workers: 8
 Concurrent Workers: 2
 Concurrent Refinement Workers: 8
 Periodic GC: Disabled

Heap:
 garbage-first heap   total 65536K, used 31318K [0x00000000c1e00000, 0x0000000100000000)
  region size 1024K, 28 young (28672K), 2 survivors (2048K)
 Metaspace       used 14664K, committed 14912K, reserved 1114112K
  class space    used 1775K, committed 1920K, reserved 1048576K

Heap Regions: E=young(eden), S=young(survivor), O=old, HS=humongous(starts), HC=humongous(continues), CS=collection set, F=free, TAMS=top-at-mark-start, PB=parsable bottom
|   0|0x00000000c1e00000, 0x00000000c1f00000, 0x00000000c1f00000|100%| O|  |TAMS 0x00000000c1e00000| PB 0x00000000c1e00000| Untracked 
|   1|0x00000000c1f00000, 0x00000000c2000000, 0x00000000c2000000|100%| O|  |TAMS 0x00000000c1f00000| PB 0x00000000c1f00000| Untracked 
|   2|0x00000000c2000000, 0x00000000c2100000, 0x00000000c2100000|100%| O|  |TAMS 0x00000000c2000000| PB 0x00000000c2000000| Untracked 
|   3|0x00000000c2100000, 0x00000000c21d3c00, 0x00000000c2200000| 82%| O|  |TAMS 0x00000000c2100000| PB 0x00000000c2100000| Untracked 
|   4|0x00000000c2200000, 0x00000000c2200000, 0x00000000c2300000|  0%| F|  |TAMS 0x00000000c2200000| PB 0x00000000c2200000| Untracked 
|   5|0x00000000c2300000, 0x00000000c2300000, 0x00000000c2400000|  0%| F|  |TAMS 0x00000000c2300000| PB 0x00000000c2300000| Untracked 
|   6|0x00000000c2400000, 0x00000000c2400000, 0x00000000c2500000|  0%| F|  |TAMS 0x00000000c2400000| PB 0x00000000c2400000| Untracked 
|   7|0x00000000c2500000, 0x00000000c2500000, 0x00000000c2600000|  0%| F|  |TAMS 0x00000000c2500000| PB 0x00000000c2500000| Untracked 
|   8|0x00000000c2600000, 0x00000000c2600000, 0x00000000c2700000|  0%| F|  |TAMS 0x00000000c2600000| PB 0x00000000c2600000| Untracked 
|   9|0x00000000c2700000, 0x00000000c2700000, 0x00000000c2800000|  0%| F|  |TAMS 0x00000000c2700000| PB 0x00000000c2700000| Untracked 
|  10|0x00000000c2800000, 0x00000000c2800000, 0x00000000c2900000|  0%| F|  |TAMS 0x00000000c2800000| PB 0x00000000c2800000| Untracked 
|  11|0x00000000c2900000, 0x00000000c2900000, 0x00000000c2a00000|  0%| F|  |TAMS 0x00000000c2900000| PB 0x00000000c2900000| Untracked 
|  12|0x00000000c2a00000, 0x00000000c2a00000, 0x00000000c2b00000|  0%| F|  |TAMS 0x00000000c2a00000| PB 0x00000000c2a00000| Untracked 
|  13|0x00000000c2b00000, 0x00000000c2b00000, 0x00000000c2c00000|  0%| F|  |TAMS 0x00000000c2b00000| PB 0x00000000c2b00000| Untracked 
|  14|0x00000000c2c00000, 0x00000000c2c00000, 0x00000000c2d00000|  0%| F|  |TAMS 0x00000000c2c00000| PB 0x00000000c2c00000| Untracked 
|  15|0x00000000c2d00000, 0x00000000c2d00000, 0x00000000c2e00000|  0%| F|  |TAMS 0x00000000c2d00000| PB 0x00000000c2d00000| Untracked 
|  16|0x00000000c2e00000, 0x00000000c2e00000, 0x00000000c2f00000|  0%| F|  |TAMS 0x00000000c2e00000| PB 0x00000000c2e00000| Untracked 
|  17|0x00000000c2f00000, 0x00000000c2f00000, 0x00000000c3000000|  0%| F|  |TAMS 0x00000000c2f00000| PB 0x00000000c2f00000| Untracked 
|  18|0x00000000c3000000, 0x00000000c3000000, 0x00000000c3100000|  0%| F|  |TAMS 0x00000000c3000000| PB 0x00000000c3000000| Untracked 
|  19|0x00000000c3100000, 0x00000000c3100000, 0x00000000c3200000|  0%| F|  |TAMS 0x00000000c3100000| PB 0x00000000c3100000| Untracked 
|  20|0x00000000c3200000, 0x00000000c3200000, 0x00000000c3300000|  0%| F|  |TAMS 0x00000000c3200000| PB 0x00000000c3200000| Untracked 
|  21|0x00000000c3300000, 0x00000000c3300000, 0x00000000c3400000|  0%| F|  |TAMS 0x00000000c3300000| PB 0x00000000c3300000| Untracked 
|  22|0x00000000c3400000, 0x00000000c3400000, 0x00000000c3500000|  0%| F|  |TAMS 0x00000000c3400000| PB 0x00000000c3400000| Untracked 
|  23|0x00000000c3500000, 0x00000000c3500000, 0x00000000c3600000|  0%| F|  |TAMS 0x00000000c3500000| PB 0x00000000c3500000| Untracked 
|  24|0x00000000c3600000, 0x00000000c3600000, 0x00000000c3700000|  0%| F|  |TAMS 0x00000000c3600000| PB 0x00000000c3600000| Untracked 
|  25|0x00000000c3700000, 0x00000000c3700000, 0x00000000c3800000|  0%| F|  |TAMS 0x00000000c3700000| PB 0x00000000c3700000| Untracked 
|  26|0x00000000c3800000, 0x00000000c3800000, 0x00000000c3900000|  0%| F|  |TAMS 0x00000000c3800000| PB 0x00000000c3800000| Untracked 
|  27|0x00000000c3900000, 0x00000000c3900000, 0x00000000c3a00000|  0%| F|  |TAMS 0x00000000c3900000| PB 0x00000000c3900000| Untracked 
|  28|0x00000000c3a00000, 0x00000000c3a00000, 0x00000000c3b00000|  0%| F|  |TAMS 0x00000000c3a00000| PB 0x00000000c3a00000| Untracked 
|  29|0x00000000c3b00000, 0x00000000c3bc1d70, 0x00000000c3c00000| 75%| S|CS|TAMS 0x00000000c3b00000| PB 0x00000000c3b00000| Complete 
|  30|0x00000000c3c00000, 0x00000000c3d00000, 0x00000000c3d00000|100%| S|CS|TAMS 0x00000000c3c00000| PB 0x00000000c3c00000| Complete 
|  31|0x00000000c3d00000, 0x00000000c3d00000, 0x00000000c3e00000|  0%| F|  |TAMS 0x00000000c3d00000| PB 0x00000000c3d00000| Untracked 
|  32|0x00000000c3e00000, 0x00000000c3e00000, 0x00000000c3f00000|  0%| F|  |TAMS 0x00000000c3e00000| PB 0x00000000c3e00000| Untracked 
|  33|0x00000000c3f00000, 0x00000000c3f00000, 0x00000000c4000000|  0%| F|  |TAMS 0x00000000c3f00000| PB 0x00000000c3f00000| Untracked 
|  34|0x00000000c4000000, 0x00000000c4000000, 0x00000000c4100000|  0%| F|  |TAMS 0x00000000c4000000| PB 0x00000000c4000000| Untracked 
|  35|0x00000000c4100000, 0x00000000c4100000, 0x00000000c4200000|  0%| F|  |TAMS 0x00000000c4100000| PB 0x00000000c4100000| Untracked 
|  36|0x00000000c4200000, 0x00000000c4200000, 0x00000000c4300000|  0%| F|  |TAMS 0x00000000c4200000| PB 0x00000000c4200000| Untracked 
|  37|0x00000000c4300000, 0x00000000c4300000, 0x00000000c4400000|  0%| F|  |TAMS 0x00000000c4300000| PB 0x00000000c4300000| Untracked 
|  38|0x00000000c4400000, 0x00000000c4484010, 0x00000000c4500000| 51%| E|  |TAMS 0x00000000c4400000| PB 0x00000000c4400000| Complete 
|  39|0x00000000c4500000, 0x00000000c4600000, 0x00000000c4600000|100%| E|CS|TAMS 0x00000000c4500000| PB 0x00000000c4500000| Complete 
|  40|0x00000000c4600000, 0x00000000c4700000, 0x00000000c4700000|100%| E|CS|TAMS 0x00000000c4600000| PB 0x00000000c4600000| Complete 
|  41|0x00000000c4700000, 0x00000000c4800000, 0x00000000c4800000|100%| E|CS|TAMS 0x00000000c4700000| PB 0x00000000c4700000| Complete 
|  42|0x00000000c4800000, 0x00000000c4900000, 0x00000000c4900000|100%| E|CS|TAMS 0x00000000c4800000| PB 0x00000000c4800000| Complete 
|  43|0x00000000c4900000, 0x00000000c4a00000, 0x00000000c4a00000|100%| E|CS|TAMS 0x00000000c4900000| PB 0x00000000c4900000| Complete 
|  44|0x00000000c4a00000, 0x00000000c4b00000, 0x00000000c4b00000|100%| E|CS|TAMS 0x00000000c4a00000| PB 0x00000000c4a00000| Complete 
|  45|0x00000000c4b00000, 0x00000000c4c00000, 0x00000000c4c00000|100%| E|CS|TAMS 0x00000000c4b00000| PB 0x00000000c4b00000| Complete 
|  46|0x00000000c4c00000, 0x00000000c4d00000, 0x00000000c4d00000|100%| E|CS|TAMS 0x00000000c4c00000| PB 0x00000000c4c00000| Complete 
|  47|0x00000000c4d00000, 0x00000000c4e00000, 0x00000000c4e00000|100%| E|CS|TAMS 0x00000000c4d00000| PB 0x00000000c4d00000| Complete 
|  48|0x00000000c4e00000, 0x00000000c4f00000, 0x00000000c4f00000|100%| E|CS|TAMS 0x00000000c4e00000| PB 0x00000000c4e00000| Complete 
|  49|0x00000000c4f00000, 0x00000000c5000000, 0x00000000c5000000|100%| E|CS|TAMS 0x00000000c4f00000| PB 0x00000000c4f00000| Complete 
|  50|0x00000000c5000000, 0x00000000c5100000, 0x00000000c5100000|100%| E|CS|TAMS 0x00000000c5000000| PB 0x00000000c5000000| Complete 
|  51|0x00000000c5100000, 0x00000000c5200000, 0x00000000c5200000|100%| E|CS|TAMS 0x00000000c5100000| PB 0x00000000c5100000| Complete 
|  52|0x00000000c5200000, 0x00000000c5300000, 0x00000000c5300000|100%| E|CS|TAMS 0x00000000c5200000| PB 0x00000000c5200000| Complete 
|  53|0x00000000c5300000, 0x00000000c5400000, 0x00000000c5400000|100%| E|CS|TAMS 0x00000000c5300000| PB 0x00000000c5300000| Complete 
|  54|0x00000000c5400000, 0x00000000c5500000, 0x00000000c5500000|100%| E|CS|TAMS 0x00000000c5400000| PB 0x00000000c5400000| Complete 
|  55|0x00000000c5500000, 0x00000000c5600000, 0x00000000c5600000|100%| E|CS|TAMS 0x00000000c5500000| PB 0x00000000c5500000| Complete 
|  56|0x00000000c5600000, 0x00000000c5700000, 0x00000000c5700000|100%| E|CS|TAMS 0x00000000c5600000| PB 0x00000000c5600000| Complete 
|  57|0x00000000c5700000, 0x00000000c5800000, 0x00000000c5800000|100%| E|CS|TAMS 0x00000000c5700000| PB 0x00000000c5700000| Complete 
|  58|0x00000000c5800000, 0x00000000c5900000, 0x00000000c5900000|100%| E|CS|TAMS 0x00000000c5800000| PB 0x00000000c5800000| Complete 
|  59|0x00000000c5900000, 0x00000000c5a00000, 0x00000000c5a00000|100%| E|CS|TAMS 0x00000000c5900000| PB 0x00000000c5900000| Complete 
|  60|0x00000000c5a00000, 0x00000000c5b00000, 0x00000000c5b00000|100%| E|CS|TAMS 0x00000000c5a00000| PB 0x00000000c5a00000| Complete 
|  61|0x00000000c5b00000, 0x00000000c5c00000, 0x00000000c5c00000|100%| E|CS|TAMS 0x00000000c5b00000| PB 0x00000000c5b00000| Complete 
|  62|0x00000000c5c00000, 0x00000000c5d00000, 0x00000000c5d00000|100%| E|CS|TAMS 0x00000000c5c00000| PB 0x00000000c5c00000| Complete 
|  63|0x00000000c5d00000, 0x00000000c5e00000, 0x00000000c5e00000|100%| E|CS|TAMS 0x00000000c5d00000| PB 0x00000000c5d00000| Complete 

Card table byte_map: [0x000001eefaae0000,0x000001eeface0000] _byte_map_base: 0x000001eefa4d1000

Marking Bits: (CMBitMap*) 0x000001eee12801d0
 Bits: [0x000001eeface0000, 0x000001eefbc68000)

Polling page: 0x000001eeeae50000

Metaspace:

Usage:
  Non-class:     12.59 MB used.
      Class:      1.73 MB used.
       Both:     14.32 MB used.

Virtual space:
  Non-class space:       64.00 MB reserved,      12.69 MB ( 20%) committed,  1 nodes.
      Class space:        1.00 GB reserved,       1.88 MB ( <1%) committed,  1 nodes.
             Both:        1.06 GB reserved,      14.56 MB (  1%) committed. 

Chunk freelists:
   Non-Class:  2.56 MB
       Class:  14.00 MB
        Both:  16.56 MB

MaxMetaspaceSize: unlimited
CompressedClassSpaceSize: 1.00 GB
Initial GC threshold: 21.00 MB
Current GC threshold: 21.00 MB
CDS: on
 - commit_granule_bytes: 65536.
 - commit_granule_words: 8192.
 - virtual_space_node_default_size: 8388608.
 - enlarge_chunks_in_place: 1.
 - use_allocation_guard: 0.


Internal statistics:

num_allocs_failed_limit: 0.
num_arena_births: 138.
num_arena_deaths: 0.
num_vsnodes_births: 2.
num_vsnodes_deaths: 0.
num_space_committed: 233.
num_space_uncommitted: 0.
num_chunks_returned_to_freelist: 0.
num_chunks_taken_from_freelist: 638.
num_chunk_merges: 0.
num_chunk_splits: 439.
num_chunks_enlarged: 358.
num_inconsistent_stats: 0.

CodeHeap 'non-profiled nmethods': size=120000Kb used=979Kb max_used=979Kb free=119021Kb
 bounds [0x000001eef2940000, 0x000001eef2bb0000, 0x000001eef9e70000]
CodeHeap 'profiled nmethods': size=120000Kb used=5764Kb max_used=5764Kb free=114235Kb
 bounds [0x000001eeeae70000, 0x000001eeeb420000, 0x000001eef23a0000]
CodeHeap 'non-nmethods': size=5760Kb used=1392Kb max_used=1439Kb free=4367Kb
 bounds [0x000001eef23a0000, 0x000001eef2610000, 0x000001eef2940000]
 total_blobs=3321 nmethods=2834 adapters=391
 compilation: enabled
              stopped_count=0, restarted_count=0
 full_count=0

Compilation events (20 events):
Event: 2.590 Thread 0x000001eefe6b6740 2774       3       java.lang.invoke.MemberName::isVarargs (23 bytes)
Event: 2.590 Thread 0x000001eefe6b6740 nmethod 2774 0x000001eeeb3eae10 code [0x000001eeeb3eafe0, 0x000001eeeb3eb368]
Event: 2.590 Thread 0x000001eefe6b6740 2772       3       jdk.internal.org.objectweb.asm.Type::getDescriptor (93 bytes)
Event: 2.591 Thread 0x000001eefe6b6740 nmethod 2772 0x000001eeeb3eb490 code [0x000001eeeb3eb700, 0x000001eeeb3ebe08]
Event: 2.594 Thread 0x000001eefe6b6740 2775       3       java.util.regex.Pattern$BmpCharProperty::match (55 bytes)
Event: 2.595 Thread 0x000001eefe6b6740 nmethod 2775 0x000001eeeb3ec110 code [0x000001eeeb3ec300, 0x000001eeeb3ec7b8]
Event: 2.595 Thread 0x000001eefe6b6740 2776       3       java.util.regex.Pattern$CharPropertyGreedy::match (160 bytes)
Event: 2.596 Thread 0x000001eefe6b6740 nmethod 2776 0x000001eeeb3ec910 code [0x000001eeeb3ecb60, 0x000001eeeb3ed548]
Event: 2.596 Thread 0x000001eefe6b6740 2778       3       com.google.inject.spi.Dependency::get (15 bytes)
Event: 2.597 Thread 0x000001eefe6b6740 nmethod 2778 0x000001eeeb3ed890 code [0x000001eeeb3edae0, 0x000001eeeb3ee520]
Event: 2.597 Thread 0x000001eefe6b6740 2777       3       java.util.Collections$UnmodifiableList::get (11 bytes)
Event: 2.597 Thread 0x000001eefe6b6740 nmethod 2777 0x000001eeeb3ee910 code [0x000001eeeb3eeac0, 0x000001eeeb3eec98]
Event: 2.598 Thread 0x000001eefe6b6740 2779       3       java.lang.invoke.MemberName::hashCode (43 bytes)
Event: 2.599 Thread 0x000001eefe6b6740 nmethod 2779 0x000001eeeb3eed90 code [0x000001eeeb3eefe0, 0x000001eeeb3efc58]
Event: 2.599 Thread 0x000001eefe6b6740 2780       3       java.lang.Byte::<init> (10 bytes)
Event: 2.599 Thread 0x000001eefe6b6740 nmethod 2780 0x000001eeeb3eff90 code [0x000001eeeb3f0140, 0x000001eeeb3f0310]
Event: 2.599 Thread 0x000001eefe6b6740 2781       3       java.lang.Byte::hashCode (8 bytes)
Event: 2.599 Thread 0x000001eefe6b6740 nmethod 2781 0x000001eeeb3f0410 code [0x000001eeeb3f05c0, 0x000001eeeb3f0728]
Event: 2.599 Thread 0x000001eefe6b6740 2782       3       java.lang.Byte::hashCode (2 bytes)
Event: 2.599 Thread 0x000001eefe6b6740 nmethod 2782 0x000001eeeb3f0810 code [0x000001eeeb3f09a0, 0x000001eeeb3f0a90]

GC Heap History (4 events):
Event: 1.166 GC heap before
{Heap before GC invocations=0 (full 0):
 garbage-first heap   total 65536K, used 22528K [0x00000000c1e00000, 0x0000000100000000)
  region size 1024K, 23 young (23552K), 0 survivors (0K)
 Metaspace       used 5623K, committed 5824K, reserved 1114112K
  class space    used 657K, committed 768K, reserved 1048576K
}
Event: 1.174 GC heap after
{Heap after GC invocations=1 (full 0):
 garbage-first heap   total 65536K, used 3740K [0x00000000c1e00000, 0x0000000100000000)
  region size 1024K, 3 young (3072K), 3 survivors (3072K)
 Metaspace       used 5623K, committed 5824K, reserved 1114112K
  class space    used 657K, committed 768K, reserved 1048576K
}
Event: 1.804 GC heap before
{Heap before GC invocations=1 (full 0):
 garbage-first heap   total 65536K, used 34460K [0x00000000c1e00000, 0x0000000100000000)
  region size 1024K, 33 young (33792K), 3 survivors (3072K)
 Metaspace       used 9738K, committed 9920K, reserved 1114112K
  class space    used 1158K, committed 1280K, reserved 1048576K
}
Event: 1.814 GC heap after
{Heap after GC invocations=2 (full 0):
 garbage-first heap   total 65536K, used 5718K [0x00000000c1e00000, 0x0000000100000000)
  region size 1024K, 2 young (2048K), 2 survivors (2048K)
 Metaspace       used 9738K, committed 9920K, reserved 1114112K
  class space    used 1158K, committed 1280K, reserved 1048576K
}

Dll operation events (8 events):
Event: 0.008 Loaded shared library C:\Program Files\Java\jdk-21\bin\java.dll
Event: 0.050 Loaded shared library C:\Program Files\Java\jdk-21\bin\jsvml.dll
Event: 0.072 Loaded shared library C:\Program Files\Java\jdk-21\bin\net.dll
Event: 0.080 Loaded shared library C:\Program Files\Java\jdk-21\bin\nio.dll
Event: 0.086 Loaded shared library C:\Program Files\Java\jdk-21\bin\zip.dll
Event: 0.331 Loaded shared library C:\Program Files\Java\jdk-21\bin\jimage.dll
Event: 0.335 Loaded shared library C:\apache-maven-3.9.14\lib\jansi-native\Windows\x86_64\jansi.dll
Event: 0.357 Loaded shared library C:\Program Files\Java\jdk-21\bin\verify.dll

Deoptimization events (20 events):
Event: 2.521 Thread 0x000001eee113e150 DEOPT PACKING pc=0x000001eef2a0c084 sp=0x0000004d9fafdf90
Event: 2.521 Thread 0x000001eee113e150 DEOPT UNPACKING pc=0x000001eef23f46a2 sp=0x0000004d9fafdf10 mode 2
Event: 2.521 Thread 0x000001eee113e150 Uncommon trap: trap_request=0xffffffde fr.pc=0x000001eef2a0c084 relative=0x0000000000000864
Event: 2.521 Thread 0x000001eee113e150 Uncommon trap: reason=class_check action=maybe_recompile pc=0x000001eef2a0c084 method=java.util.HashMap.putVal(ILjava/lang/Object;Ljava/lang/Object;ZZ)Ljava/lang/Object; @ 203 c2
Event: 2.521 Thread 0x000001eee113e150 DEOPT PACKING pc=0x000001eef2a0c084 sp=0x0000004d9fafdf90
Event: 2.521 Thread 0x000001eee113e150 DEOPT UNPACKING pc=0x000001eef23f46a2 sp=0x0000004d9fafdf10 mode 2
Event: 2.521 Thread 0x000001eee113e150 Uncommon trap: trap_request=0xffffffde fr.pc=0x000001eef2a0c084 relative=0x0000000000000864
Event: 2.521 Thread 0x000001eee113e150 Uncommon trap: reason=class_check action=maybe_recompile pc=0x000001eef2a0c084 method=java.util.HashMap.putVal(ILjava/lang/Object;Ljava/lang/Object;ZZ)Ljava/lang/Object; @ 203 c2
Event: 2.521 Thread 0x000001eee113e150 DEOPT PACKING pc=0x000001eef2a0c084 sp=0x0000004d9fafdf90
Event: 2.521 Thread 0x000001eee113e150 DEOPT UNPACKING pc=0x000001eef23f46a2 sp=0x0000004d9fafdf10 mode 2
Event: 2.570 Thread 0x000001eee113e150 Uncommon trap: trap_request=0xffffffbe fr.pc=0x000001eef2a1baf0 relative=0x0000000000000390
Event: 2.570 Thread 0x000001eee113e150 Uncommon trap: reason=profile_predicate action=maybe_recompile pc=0x000001eef2a1baf0 method=com.google.inject.internal.aop.ImmutableStringTrie.nextPivotColumn([Ljava/lang/String;III)I @ 21 c2
Event: 2.570 Thread 0x000001eee113e150 DEOPT PACKING pc=0x000001eef2a1baf0 sp=0x0000004d9fafc2e0
Event: 2.570 Thread 0x000001eee113e150 DEOPT UNPACKING pc=0x000001eef23f46a2 sp=0x0000004d9fafc270 mode 2
Event: 2.579 Thread 0x000001eee113e150 Uncommon trap: trap_request=0xffffff45 fr.pc=0x000001eef2a17310 relative=0x0000000000001c10
Event: 2.579 Thread 0x000001eee113e150 Uncommon trap: reason=unstable_if action=reinterpret pc=0x000001eef2a17310 method=jdk.internal.org.objectweb.asm.Frame.execute(IILjdk/internal/org/objectweb/asm/Symbol;Ljdk/internal/org/objectweb/asm/SymbolTable;)V @ 1 c2
Event: 2.579 Thread 0x000001eee113e150 DEOPT PACKING pc=0x000001eef2a17310 sp=0x0000004d9fafc510
Event: 2.579 Thread 0x000001eee113e150 DEOPT UNPACKING pc=0x000001eef23f46a2 sp=0x0000004d9fafc478 mode 2
Event: 2.600 Thread 0x000001eee113e150 DEOPT PACKING pc=0x000001eeeaf4a5ee sp=0x0000004d9fafd1b0
Event: 2.600 Thread 0x000001eee113e150 DEOPT UNPACKING pc=0x000001eef23f4e42 sp=0x0000004d9fafc6f8 mode 0

Classes loaded (20 events):
Event: 2.433 Loading class sun/nio/ch/FileLockTable
Event: 2.434 Loading class sun/nio/ch/FileLockTable done
Event: 2.434 Loading class sun/nio/ch/FileKey
Event: 2.434 Loading class sun/nio/ch/FileKey done
Event: 2.434 Loading class sun/nio/ch/FileLockTable$FileLockReference
Event: 2.434 Loading class sun/nio/ch/FileLockTable$FileLockReference done
Event: 2.434 Loading class java/nio/channels/spi/AbstractInterruptibleChannel$1
Event: 2.434 Loading class sun/nio/ch/Interruptible
Event: 2.434 Loading class sun/nio/ch/Interruptible done
Event: 2.434 Loading class java/nio/channels/spi/AbstractInterruptibleChannel$1 done
Event: 2.436 Loading class java/util/AbstractMap$2
Event: 2.437 Loading class java/util/AbstractMap$2 done
Event: 2.437 Loading class java/util/AbstractMap$2$1
Event: 2.437 Loading class java/util/AbstractMap$2$1 done
Event: 2.567 Loading class java/util/StringTokenizer
Event: 2.568 Loading class java/util/StringTokenizer done
Event: 2.580 Loading class sun/invoke/util/ValueConversions$1
Event: 2.580 Loading class sun/invoke/util/ValueConversions$1 done
Event: 2.581 Loading class java/lang/invoke/BoundMethodHandle$Species_LI
Event: 2.581 Loading class java/lang/invoke/BoundMethodHandle$Species_LI done

Classes unloaded (0 events):
No events

Classes redefined (0 events):
No events

Internal exceptions (20 events):
Event: 0.970 Thread 0x000001eee113e150 Exception <a 'java/lang/NoSuchMethodError'{0x00000000c4d0bc80}: 'int java.lang.invoke.DirectMethodHandle$Holder.invokeSpecialIFC(java.lang.Object, java.lang.Object, java.lang.Object, java.lang.Object, java.lang.Object)'> (0x00000000c4d0bc80) 
thrown [s\open\src\hotspot\share\interpreter\linkResolver.cpp, line 773]
Event: 1.056 Thread 0x000001eee113e150 Exception <a 'java/lang/NoSuchMethodError'{0x00000000c4ca4ff8}: 'java.lang.Object java.lang.invoke.DirectMethodHandle$Holder.newInvokeSpecial(java.lang.Object, java.lang.Object, java.lang.Object, java.lang.Object, java.lang.Object)'> (0x00000000c4ca4ff8) 
thrown [s\open\src\hotspot\share\interpreter\linkResolver.cpp, line 773]
Event: 1.086 Thread 0x000001eee113e150 Exception <a 'java/lang/NoSuchMethodError'{0x00000000c4bbf6f8}: 'int java.lang.invoke.DirectMethodHandle$Holder.invokeStaticInit(java.lang.Object, java.lang.Object)'> (0x00000000c4bbf6f8) 
thrown [s\open\src\hotspot\share\interpreter\linkResolver.cpp, line 773]
Event: 1.097 Thread 0x000001eee113e150 Exception <a 'java/lang/NoClassDefFoundError'{0x00000000c4bf7990}: javax/enterprise/inject/Typed> (0x00000000c4bf7990) 
thrown [s\open\src\hotspot\share\classfile\systemDictionary.cpp, line 301]
Event: 1.918 Thread 0x000001eee113e150 Exception <a 'java/lang/NoSuchMethodError'{0x00000000c59999b0}: 'void java.lang.invoke.DirectMethodHandle$Holder.invokeStaticInit(java.lang.Object, java.lang.Object, java.lang.Object)'> (0x00000000c59999b0) 
thrown [s\open\src\hotspot\share\interpreter\linkResolver.cpp, line 773]
Event: 1.931 Thread 0x000001eee113e150 Implicit null exception at 0x000001eef29b4960 to 0x000001eef29b4b58
Event: 1.933 Thread 0x000001eee113e150 Exception <a 'java/lang/NoSuchMethodError'{0x00000000c5808bb0}: 'java.lang.Object java.lang.invoke.Invokers$Holder.invokeExact_MT(java.lang.Object, int, java.lang.Object)'> (0x00000000c5808bb0) 
thrown [s\open\src\hotspot\share\interpreter\linkResolver.cpp, line 773]
Event: 2.158 Thread 0x000001eee113e150 Exception <a 'java/lang/NoSuchMethodError'{0x00000000c50279a0}: 'void java.lang.invoke.Invokers$Holder.invokeExact_MT(java.lang.Object, java.lang.Object, java.lang.Object, java.lang.Object)'> (0x00000000c50279a0) 
thrown [s\open\src\hotspot\share\interpreter\linkResolver.cpp, line 773]
Event: 2.175 Thread 0x000001eee113e150 Exception <a 'java/lang/NoClassDefFoundError'{0x00000000c50baad0}: com/google/inject/servlet/ServletModuleTargetVisitor> (0x00000000c50baad0) 
thrown [s\open\src\hotspot\share\classfile\systemDictionary.cpp, line 301]
Event: 2.294 Thread 0x000001eee113e150 Exception <a 'java/lang/NoSuchMethodError'{0x00000000c4d0b570}: 'java.lang.Object java.lang.invoke.DirectMethodHandle$Holder.invokeStaticInit(java.lang.Object, int, int, int, int)'> (0x00000000c4d0b570) 
thrown [s\open\src\hotspot\share\interpreter\linkResolver.cpp, line 773]
Event: 2.396 Thread 0x000001eee113e150 Implicit null exception at 0x000001eef296a524 to 0x000001eef296abbc
Event: 2.396 Thread 0x000001eee113e150 Implicit null exception at 0x000001eef29677a0 to 0x000001eef2967e3c
Event: 2.447 Thread 0x000001eee113e150 Exception <a 'java/lang/NoSuchMethodError'{0x00000000c4993f38}: 'void java.lang.invoke.DirectMethodHandle$Holder.invokeSpecial(java.lang.Object, java.lang.Object, java.lang.Object, java.lang.Object, java.lang.Object)'> (0x00000000c4993f38) 
thrown [s\open\src\hotspot\share\interpreter\linkResolver.cpp, line 773]
Event: 2.452 Thread 0x000001eee113e150 Exception <a 'java/lang/NoSuchMethodError'{0x00000000c49ae2b0}: 'void java.lang.invoke.DirectMethodHandle$Holder.invokeSpecial(java.lang.Object, java.lang.Object, java.lang.Object, java.lang.Object, java.lang.Object, java.lang.Object)'> (0x00000000c49ae2b0) 
thrown [s\open\src\hotspot\share\interpreter\linkResolver.cpp, line 773]
Event: 2.491 Thread 0x000001eee113e150 Exception <a 'java/lang/NoSuchMethodError'{0x00000000c48a60d8}: 'java.lang.Object java.lang.invoke.DirectMethodHandle$Holder.invokeVirtual(java.lang.Object, java.lang.Object, java.lang.Object)'> (0x00000000c48a60d8) 
thrown [s\open\src\hotspot\share\interpreter\linkResolver.cpp, line 773]
Event: 2.580 Thread 0x000001eee113e150 Exception <a 'java/lang/NoSuchMethodError'{0x00000000c4610a30}: 'void java.lang.invoke.DirectMethodHandle$Holder.invokeVirtual(java.lang.Object, java.lang.Object, int)'> (0x00000000c4610a30) 
thrown [s\open\src\hotspot\share\interpreter\linkResolver.cpp, line 773]
Event: 2.581 Thread 0x000001eee113e150 Exception <a 'java/lang/NoSuchMethodError'{0x00000000c4614b78}: 'int java.lang.invoke.DirectMethodHandle$Holder.invokeSpecial(java.lang.Object, java.lang.Object, java.lang.Object, int)'> (0x00000000c4614b78) 
thrown [s\open\src\hotspot\share\interpreter\linkResolver.cpp, line 773]
Event: 2.583 Thread 0x000001eee113e150 Exception <a 'java/lang/NoSuchMethodError'{0x00000000c4627220}: 'java.lang.Object java.lang.invoke.DirectMethodHandle$Holder.invokeStatic(java.lang.Object, java.lang.Object, java.lang.Object, java.lang.Object, int)'> (0x00000000c4627220) 
thrown [s\open\src\hotspot\share\interpreter\linkResolver.cpp, line 773]
Event: 2.584 Thread 0x000001eee113e150 Exception <a 'java/lang/NoSuchMethodError'{0x00000000c462f000}: 'void java.lang.invoke.DirectMethodHandle$Holder.invokeSpecial(java.lang.Object, java.lang.Object, java.lang.Object, int)'> (0x00000000c462f000) 
thrown [s\open\src\hotspot\share\interpreter\linkResolver.cpp, line 773]
Event: 2.584 Thread 0x000001eee113e150 Exception <a 'java/lang/NoSuchMethodError'{0x00000000c46326c0}: 'void java.lang.invoke.DelegatingMethodHandle$Holder.reinvoke_L(java.lang.Object, java.lang.Object, int)'> (0x00000000c46326c0) 
thrown [s\open\src\hotspot\share\interpreter\linkResolver.cpp, line 773]

ZGC Phase Switch (0 events):
No events

VM Operations (20 events):
Event: 1.973 Executing VM operation: HandshakeAllThreads (Deoptimize)
Event: 1.973 Executing VM operation: HandshakeAllThreads (Deoptimize) done
Event: 2.025 Executing VM operation: HandshakeAllThreads (Deoptimize)
Event: 2.025 Executing VM operation: HandshakeAllThreads (Deoptimize) done
Event: 2.130 Executing VM operation: ICBufferFull
Event: 2.130 Executing VM operation: ICBufferFull done
Event: 2.154 Executing VM operation: HandshakeAllThreads (Deoptimize)
Event: 2.154 Executing VM operation: HandshakeAllThreads (Deoptimize) done
Event: 2.234 Executing VM operation: HandshakeAllThreads (Deoptimize)
Event: 2.234 Executing VM operation: HandshakeAllThreads (Deoptimize) done
Event: 2.261 Executing VM operation: HandshakeAllThreads (Deoptimize)
Event: 2.261 Executing VM operation: HandshakeAllThreads (Deoptimize) done
Event: 2.310 Executing VM operation: HandshakeAllThreads (Deoptimize)
Event: 2.310 Executing VM operation: HandshakeAllThreads (Deoptimize) done
Event: 2.356 Executing VM operation: HandshakeAllThreads (Deoptimize)
Event: 2.356 Executing VM operation: HandshakeAllThreads (Deoptimize) done
Event: 2.357 Executing VM operation: HandshakeAllThreads (Deoptimize)
Event: 2.357 Executing VM operation: HandshakeAllThreads (Deoptimize) done
Event: 2.593 Executing VM operation: ICBufferFull
Event: 2.594 Executing VM operation: ICBufferFull done

Events (14 events):
Event: 0.032 Thread 0x000001eee113e150 Thread added: 0x000001eee113e150
Event: 0.047 Thread 0x000001eefe6877d0 Thread added: 0x000001eefe6877d0
Event: 0.047 Thread 0x000001eefe689700 Thread added: 0x000001eefe689700
Event: 0.048 Thread 0x000001eefe68d510 Thread added: 0x000001eefe68d510
Event: 0.048 Thread 0x000001eefe694370 Thread added: 0x000001eefe694370
Event: 0.048 Thread 0x000001eefe693690 Thread added: 0x000001eefe693690
Event: 0.048 Thread 0x000001eefe6b4f10 Thread added: 0x000001eefe6b4f10
Event: 0.048 Thread 0x000001eefe6b5ca0 Thread added: 0x000001eefe6b5ca0
Event: 0.048 Thread 0x000001eefe6b6740 Thread added: 0x000001eefe6b6740
Event: 0.065 Thread 0x000001eefe913980 Thread added: 0x000001eefe913980
Event: 0.067 Thread 0x000001eefe91a8e0 Thread added: 0x000001eefe91a8e0
Event: 0.329 Thread 0x000001eefec5c6a0 Thread added: 0x000001eefec5c6a0
Event: 0.979 Thread 0x000001eefec5c6a0 Thread exited: 0x000001eefec5c6a0
Event: 2.329 Thread 0x000001eec53aaa30 Thread added: 0x000001eec53aaa30


Dynamic libraries:
0x00007ff648cf0000 - 0x00007ff648d00000 	C:\Program Files\Java\jdk-21\bin\java.exe
0x00007ffd6b9d0000 - 0x00007ffd6bbe7000 	C:\Windows\SYSTEM32\ntdll.dll
0x00007ffd6a190000 - 0x00007ffd6a254000 	C:\Windows\System32\KERNEL32.DLL
0x00007ffd69060000 - 0x00007ffd69417000 	C:\Windows\System32\KERNELBASE.dll
0x00007ffd695e0000 - 0x00007ffd696f1000 	C:\Windows\System32\ucrtbase.dll
0x00007ffd59fa0000 - 0x00007ffd59fb9000 	C:\Program Files\Java\jdk-21\bin\jli.dll
0x00007ffd69880000 - 0x00007ffd69932000 	C:\Windows\System32\ADVAPI32.dll
0x00007ffd69ce0000 - 0x00007ffd69d87000 	C:\Windows\System32\msvcrt.dll
0x00007ffd3a770000 - 0x00007ffd3a78b000 	C:\Program Files\Java\jdk-21\bin\VCRUNTIME140.dll
0x00007ffd6a260000 - 0x00007ffd6a308000 	C:\Windows\System32\sechost.dll
0x00007ffd68ec0000 - 0x00007ffd68ee8000 	C:\Windows\System32\bcrypt.dll
0x00007ffd6a8c0000 - 0x00007ffd6a9d4000 	C:\Windows\System32\RPCRT4.dll
0x00007ffd6b7e0000 - 0x00007ffd6b98f000 	C:\Windows\System32\USER32.dll
0x00007ffd69420000 - 0x00007ffd69446000 	C:\Windows\System32\win32u.dll
0x00007ffd575c0000 - 0x00007ffd57853000 	C:\Windows\WinSxS\amd64_microsoft.windows.common-controls_6595b64144ccf1df_6.0.22621.3672_none_2713b9d173822955\COMCTL32.dll
0x00007ffd69760000 - 0x00007ffd69789000 	C:\Windows\System32\GDI32.dll
0x00007ffd69450000 - 0x00007ffd69568000 	C:\Windows\System32\gdi32full.dll
0x00007ffd68ce0000 - 0x00007ffd68d7a000 	C:\Windows\System32\msvcp_win.dll
0x00007ffd64870000 - 0x00007ffd6487a000 	C:\Windows\SYSTEM32\VERSION.dll
0x00007ffd6a570000 - 0x00007ffd6a5a1000 	C:\Windows\System32\IMM32.DLL
0x00007ffd64810000 - 0x00007ffd6481c000 	C:\Program Files\Java\jdk-21\bin\vcruntime140_1.dll
0x00007ffd3a6e0000 - 0x00007ffd3a76e000 	C:\Program Files\Java\jdk-21\bin\msvcp140.dll
0x00007ffd1d4a0000 - 0x00007ffd1e1b5000 	C:\Program Files\Java\jdk-21\bin\server\jvm.dll
0x00007ffd6aa60000 - 0x00007ffd6aad1000 	C:\Windows\System32\WS2_32.dll
0x00007ffd68bb0000 - 0x00007ffd68bfd000 	C:\Windows\SYSTEM32\POWRPROF.dll
0x00007ffd64880000 - 0x00007ffd648b4000 	C:\Windows\SYSTEM32\WINMM.dll
0x00007ffd68ae0000 - 0x00007ffd68af3000 	C:\Windows\SYSTEM32\UMPDC.dll
0x00007ffd67cf0000 - 0x00007ffd67d08000 	C:\Windows\SYSTEM32\kernel.appcore.dll
0x00007ffd62570000 - 0x00007ffd6257a000 	C:\Program Files\Java\jdk-21\bin\jimage.dll
0x00007ffd664d0000 - 0x00007ffd66702000 	C:\Windows\SYSTEM32\DBGHELP.DLL
0x00007ffd69da0000 - 0x00007ffd6a12e000 	C:\Windows\System32\combase.dll
0x00007ffd69790000 - 0x00007ffd69867000 	C:\Windows\System32\OLEAUT32.dll
0x00007ffd54de0000 - 0x00007ffd54e12000 	C:\Windows\SYSTEM32\dbgcore.DLL
0x00007ffd68d80000 - 0x00007ffd68dfb000 	C:\Windows\System32\bcryptPrimitives.dll
0x00007ffd5a3b0000 - 0x00007ffd5a3cf000 	C:\Program Files\Java\jdk-21\bin\java.dll
0x00007ffd6af70000 - 0x00007ffd6b7d9000 	C:\Windows\System32\SHELL32.dll
0x00007ffd66c00000 - 0x00007ffd674ff000 	C:\Windows\SYSTEM32\windows.storage.dll
0x00007ffd66ac0000 - 0x00007ffd66bff000 	C:\Windows\SYSTEM32\wintypes.dll
0x00007ffd6a470000 - 0x00007ffd6a569000 	C:\Windows\System32\SHCORE.dll
0x00007ffd69ac0000 - 0x00007ffd69b1e000 	C:\Windows\System32\shlwapi.dll
0x00007ffd68c10000 - 0x00007ffd68c37000 	C:\Windows\SYSTEM32\profapi.dll
0x00007ffd38c70000 - 0x00007ffd38d47000 	C:\Program Files\Java\jdk-21\bin\jsvml.dll
0x00007ffd5a3a0000 - 0x00007ffd5a3b0000 	C:\Program Files\Java\jdk-21\bin\net.dll
0x00007ffd64920000 - 0x00007ffd64a56000 	C:\Windows\SYSTEM32\WINHTTP.dll
0x00007ffd68160000 - 0x00007ffd681c9000 	C:\Windows\system32\mswsock.dll
0x00007ffd552d0000 - 0x00007ffd552e6000 	C:\Program Files\Java\jdk-21\bin\nio.dll
0x00007ffd58f50000 - 0x00007ffd58f68000 	C:\Program Files\Java\jdk-21\bin\zip.dll
0x00007ffd643f0000 - 0x00007ffd64414000 	C:\apache-maven-3.9.14\lib\jansi-native\Windows\x86_64\jansi.dll
0x00007ffd59db0000 - 0x00007ffd59dc0000 	C:\Program Files\Java\jdk-21\bin\verify.dll

dbghelp: loaded successfully - version: 4.0.5 - missing functions: none
symbol engine: initialized successfully - sym options: 0x614 - pdb path: .;C:\Program Files\Java\jdk-21\bin;C:\Windows\SYSTEM32;C:\Windows\WinSxS\amd64_microsoft.windows.common-controls_6595b64144ccf1df_6.0.22621.3672_none_2713b9d173822955;C:\Program Files\Java\jdk-21\bin\server;C:\apache-maven-3.9.14\lib\jansi-native\Windows\x86_64

VM Arguments:
jvm_args: --enable-native-access=ALL-UNNAMED -Dclassworlds.conf=C:\apache-maven-3.9.14\bin\m2.conf -Dmaven.home=C:\apache-maven-3.9.14 -Dlibrary.jansi.path=C:\apache-maven-3.9.14\lib\jansi-native -Dmaven.multiModuleProjectDirectory=D:\Courier_Management_System\DeliveryService 
java_command: org.codehaus.plexus.classworlds.launcher.Launcher clean verify sonar:sonar
java_class_path (initial): C:\apache-maven-3.9.14\boot\plexus-classworlds-2.9.0.jar
Launcher Type: SUN_STANDARD

[Global flags]
     intx CICompilerCount                          = 4                                         {product} {ergonomic}
     uint ConcGCThreads                            = 2                                         {product} {ergonomic}
     uint G1ConcRefinementThreads                  = 8                                         {product} {ergonomic}
   size_t G1HeapRegionSize                         = 1048576                                   {product} {ergonomic}
    uintx GCDrainStackTargetSize                   = 64                                        {product} {ergonomic}
   size_t InitialHeapSize                          = 67108864                                  {product} {ergonomic}
   size_t MarkStackSize                            = 4194304                                   {product} {ergonomic}
   size_t MaxHeapSize                              = 1042284544                                {product} {ergonomic}
   size_t MaxNewSize                               = 624951296                                 {product} {ergonomic}
   size_t MinHeapDeltaBytes                        = 1048576                                   {product} {ergonomic}
   size_t MinHeapSize                              = 8388608                                   {product} {ergonomic}
    uintx NonNMethodCodeHeapSize                   = 5839372                                {pd product} {ergonomic}
    uintx NonProfiledCodeHeapSize                  = 122909434                              {pd product} {ergonomic}
    uintx ProfiledCodeHeapSize                     = 122909434                              {pd product} {ergonomic}
    uintx ReservedCodeCacheSize                    = 251658240                              {pd product} {ergonomic}
     bool SegmentedCodeCache                       = true                                      {product} {ergonomic}
   size_t SoftMaxHeapSize                          = 1042284544                             {manageable} {ergonomic}
     bool UseCompressedOops                        = true                           {product lp64_product} {ergonomic}
     bool UseG1GC                                  = true                                      {product} {ergonomic}
     bool UseLargePagesIndividualAllocation        = false                                  {pd product} {ergonomic}

Logging:
Log output configuration:
 #0: stdout all=warning uptime,level,tags foldmultilines=false
 #1: stderr all=off uptime,level,tags foldmultilines=false

Environment Variables:
JAVA_HOME=C:\Program Files\Java\jdk-21
PATH=D:\oracle\product\10.2.0\db_1\bin;C:\Program Files\Smart Projects\IsoBuster;C:\oraclexe\app\oracle\product\11.2.0\server\bin;C:\Windows\system32;C:\Windows;C:\Windows\System32\Wbem;C:\Windows\System32\WindowsPowerShell\v1.0\;C:\Windows\System32\OpenSSH\;C:\Program Files\Git\cmd;C:\composer;C:\Program Files\Git\bin;C:\Program Files\nodejs\;C:\Program Files (x86)\Microsoft SQL Server\160\Tools\Binn\;C:\Program Files\Microsoft SQL Server\160\Tools\Binn\;C:\Program Files\Microsoft SQL Server\Client SDK\ODBC\170\Tools\Binn\;C:\Program Files\Microsoft SQL Server\160\DTS\Binn\;C:\Program Files\Java\jdk-21\bin;C:\Program Files\MySQL\MySQL Server 8.0\bin;C:\Program Files\Erlang OTP\bin;C:\Program Files\Docker\Docker\resources\bin;C:\Program Files\Java\jdk-21\bin;C:\apache-maven-3.9.14\bin;C:\Program Files\MySQL\MySQL Shell 8.0\bin\;C:\Users\DELL\AppData\Local\Programs\Python\Python313\Scripts\;C:\Users\DELL\AppData\Local\Programs\Python\Python313\;C:\Users\DELL\AppData\Local\Programs\Python\Python311\Scripts\;C:\Users\DELL\AppData\Local\Programs\Python\Python311\;C:\Users\DELL\AppData\Local\Microsoft\WindowsApps;C:\Users\DELL\AppData\Local\Programs\Microsoft VS Code\bin;C:\MinGW\bin;C:\xampp\php;C:\Users\DELL\composer;C:\Users\DELL\AppData\Roaming\Composer\vendor\bin;C:\Users\DELL\AppData\Roaming\npm
USERNAME=DELL
OS=Windows_NT
PROCESSOR_IDENTIFIER=Intel64 Family 6 Model 142 Stepping 12, GenuineIntel
TMP=C:\Users\DELL\AppData\Local\Temp
TEMP=C:\Users\DELL\AppData\Local\Temp




Periodic native trim disabled

---------------  S Y S T E M  ---------------

OS:
 Windows 11 , 64 bit Build 22621 (10.0.22621.3958)
OS uptime: 1 days 23:40 hours
Hyper-V role detected

CPU: total 8 (initial active 8) (4 cores per cpu, 2 threads per core) family 6 model 142 stepping 12 microcode 0xf8, cx8, cmov, fxsr, ht, mmx, 3dnowpref, sse, sse2, sse3, ssse3, sse4.1, sse4.2, popcnt, lzcnt, tsc, tscinvbit, avx, avx2, aes, erms, clmul, bmi1, bmi2, adx, fma, vzeroupper, clflush, clflushopt, hv, rdtscp, f16c
Processor Information for all 8 processors :
  Max Mhz: 1800, Current Mhz: 1600, Mhz Limit: 1584

Memory: 4k page, system-wide physical 3971M (297M free)
TotalPageFile size 16259M (AvailPageFile size 4M)
current process WorkingSet (physical memory assigned to process): 112M, peak: 112M
current process commit charge ("private bytes"): 179M, peak: 180M

vm_info: Java HotSpot(TM) 64-Bit Server VM (21.0.1+12-LTS-29) for windows-amd64 JRE (21.0.1+12-LTS-29), built on 2023-10-05T13:27:09Z by "mach5one" with MS VC++ 17.1 (VS2022)

END.
