#
# There is insufficient memory for the Java Runtime Environment to continue.
# Native memory allocation (malloc) failed to allocate 1119216 bytes for Chunk::new
# Possible reasons:
#   The system is out of physical RAM or swap space
#   The process is running with CompressedOops enabled, and the Java Heap may be blocking the growth of the native heap
# Possible solutions:
#   Reduce memory load on the system
#   Increase physical memory or swap space
#   Check if swap backing store is full
#   Decrease Java heap size (-Xmx/-Xms)
#   Decrease number of Java threads
#   Decrease Java thread stack sizes (-Xss)
#   Set larger code cache with -XX:ReservedCodeCacheSize=
#   JVM is running with Unscaled Compressed Oops mode in which the Java heap is
#     placed in the first 4GB address space. The Java Heap base address is the
#     maximum limit for the native heap growth. Please use -XX:HeapBaseMinAddress
#     to set the Java Heap base and to place the Java Heap above 4GB virtual address.
# This output file may be truncated or incomplete.
#
#  Out of Memory Error (arena.cpp:168), pid=5292, tid=18168
#
# JRE version: Java(TM) SE Runtime Environment (21.0.1+12) (build 21.0.1+12-LTS-29)
# Java VM: Java HotSpot(TM) 64-Bit Server VM (21.0.1+12-LTS-29, mixed mode, sharing, tiered, compressed oops, compressed class ptrs, g1 gc, windows-amd64)
# No core dump will be written. Minidumps are not enabled by default on client versions of Windows
#

---------------  S U M M A R Y ------------

Command Line: -Dfile.encoding=UTF-8 -Dstdout.encoding=UTF-8 -Dstderr.encoding=UTF-8 -XX:+ShowCodeDetailsInExceptionMessages com.CourierManagement.DeliveryService.DeliveryServiceApplication

Host: Intel(R) Core(TM) i5-8265U CPU @ 1.60GHz, 8 cores, 3G,  Windows 11 , 64 bit Build 22621 (10.0.22621.3958)
Time: Mon May 11 12:41:35 2026 India Standard Time elapsed time: 68.679156 seconds (0d 0h 1m 8s)

---------------  T H R E A D  ---------------

Current thread (0x0000026b5973d910):  JavaThread "C2 CompilerThread0" daemon [_thread_in_native, id=18168, stack(0x000000e1a6d00000,0x000000e1a6e00000) (1024K)]


Current CompileTask:
C2:  68679 7928       4       org.springframework.core.ResolvableType::isArray (59 bytes)

Stack: [0x000000e1a6d00000,0x000000e1a6e00000]
Native frames: (J=compiled Java code, j=interpreted, Vv=VM code, C=native code)
V  [jvm.dll+0x6c9029]
V  [jvm.dll+0x854b81]
V  [jvm.dll+0x856e5e]
V  [jvm.dll+0x857543]
V  [jvm.dll+0x280c06]
V  [jvm.dll+0xc3ead]
V  [jvm.dll+0xc43c3]
V  [jvm.dll+0x3b5732]
V  [jvm.dll+0x382475]
V  [jvm.dll+0x3818ea]
V  [jvm.dll+0x249ad0]
V  [jvm.dll+0x2490b1]
V  [jvm.dll+0x1c9ca1]
V  [jvm.dll+0x2586b9]
V  [jvm.dll+0x256c9a]
V  [jvm.dll+0x3ef1b6]
V  [jvm.dll+0x7fd728]
V  [jvm.dll+0x6c777d]
C  [ucrtbase.dll+0x29333]
C  [KERNEL32.DLL+0x1257d]
C  [ntdll.dll+0x5af08]


---------------  P R O C E S S  ---------------

Threads class SMR info:
_java_thread_list=0x0000026ba3fe2960, length=36, elements={
0x0000026b5971d4c0, 0x0000026b5971ed30, 0x0000026b59723bb0, 0x0000026b59724b70,
0x0000026b59727f30, 0x0000026b597292e0, 0x0000026b5973d910, 0x0000026b5973e760,
0x0000026b599cec60, 0x0000026b599dd290, 0x0000026ba0559370, 0x0000026ba0557930,
0x0000026ba0559a00, 0x0000026ba055a090, 0x0000026ba055a720, 0x0000026ba0557fc0,
0x0000026ba0558650, 0x0000026ba0558ce0, 0x0000026ba321c050, 0x0000026ba321c6e0,
0x0000026ba321cd70, 0x0000026ba321da90, 0x0000026ba321d400, 0x0000026ba321e120,
0x0000026ba321b330, 0x0000026ba321b9c0, 0x0000026ba321e7b0, 0x0000026ba6225010,
0x0000026ba6227770, 0x0000026ba6226a50, 0x0000026ba62256a0, 0x0000026ba6225d30,
0x0000026ba62270e0, 0x0000026ba62263c0, 0x0000026ba6227e00, 0x0000026ba6224980
}

Java Threads: ( => current thread )
  0x0000026b5971d4c0 JavaThread "Reference Handler"          daemon [_thread_blocked, id=20616, stack(0x000000e1a6700000,0x000000e1a6800000) (1024K)]
  0x0000026b5971ed30 JavaThread "Finalizer"                  daemon [_thread_blocked, id=14676, stack(0x000000e1a6800000,0x000000e1a6900000) (1024K)]
  0x0000026b59723bb0 JavaThread "Signal Dispatcher"          daemon [_thread_blocked, id=15440, stack(0x000000e1a6900000,0x000000e1a6a00000) (1024K)]
  0x0000026b59724b70 JavaThread "Attach Listener"            daemon [_thread_blocked, id=18056, stack(0x000000e1a6a00000,0x000000e1a6b00000) (1024K)]
  0x0000026b59727f30 JavaThread "Service Thread"             daemon [_thread_blocked, id=17744, stack(0x000000e1a6b00000,0x000000e1a6c00000) (1024K)]
  0x0000026b597292e0 JavaThread "Monitor Deflation Thread"   daemon [_thread_blocked, id=12048, stack(0x000000e1a6c00000,0x000000e1a6d00000) (1024K)]
=>0x0000026b5973d910 JavaThread "C2 CompilerThread0"         daemon [_thread_in_native, id=18168, stack(0x000000e1a6d00000,0x000000e1a6e00000) (1024K)]
  0x0000026b5973e760 JavaThread "C1 CompilerThread0"         daemon [_thread_blocked, id=21240, stack(0x000000e1a6e00000,0x000000e1a6f00000) (1024K)]
  0x0000026b599cec60 JavaThread "Notification Thread"        daemon [_thread_blocked, id=4796, stack(0x000000e1a6f00000,0x000000e1a7000000) (1024K)]
  0x0000026b599dd290 JavaThread "Common-Cleaner"             daemon [_thread_blocked, id=19472, stack(0x000000e1a7000000,0x000000e1a7100000) (1024K)]
  0x0000026ba0559370 JavaThread "Catalina-utility-1"                [_thread_blocked, id=16336, stack(0x000000e1a7900000,0x000000e1a7a00000) (1024K)]
  0x0000026ba0557930 JavaThread "Catalina-utility-2"                [_thread_blocked, id=1960, stack(0x000000e1a7a00000,0x000000e1a7b00000) (1024K)]
  0x0000026ba0559a00 JavaThread "container-0"                       [_thread_blocked, id=15496, stack(0x000000e1a7b00000,0x000000e1a7c00000) (1024K)]
  0x0000026ba055a090 JavaThread "mysql-cj-abandoned-connection-cleanup" daemon [_thread_blocked, id=1360, stack(0x000000e1a7c00000,0x000000e1a7d00000) (1024K)]
  0x0000026ba055a720 JavaThread "HikariPool-1 housekeeper"   daemon [_thread_blocked, id=14748, stack(0x000000e1a7e00000,0x000000e1a7f00000) (1024K)]
  0x0000026ba0557fc0 JavaThread "spring.cloud.inetutils"     daemon [_thread_blocked, id=11720, stack(0x000000e1a8100000,0x000000e1a8200000) (1024K)]
  0x0000026ba0558650 JavaThread "spectator-gauge-polling-0"  daemon [_thread_blocked, id=19808, stack(0x000000e1a7f00000,0x000000e1a8000000) (1024K)]
  0x0000026ba0558ce0 JavaThread "AsyncResolver-bootstrap-%d" daemon [_thread_blocked, id=15804, stack(0x000000e1a8000000,0x000000e1a8100000) (1024K)]
  0x0000026ba321c050 JavaThread "DiscoveryClient-%d"         daemon [_thread_blocked, id=20996, stack(0x000000e1a8400000,0x000000e1a8500000) (1024K)]
  0x0000026ba321c6e0 JavaThread "DiscoveryClient-%d"         daemon [_thread_blocked, id=9676, stack(0x000000e1a8500000,0x000000e1a8600000) (1024K)]
  0x0000026ba321cd70 JavaThread "DiscoveryClient-InstanceInfoReplicator-%d" daemon [_thread_blocked, id=7164, stack(0x000000e1a8600000,0x000000e1a8700000) (1024K)]
  0x0000026ba321da90 JavaThread "http-nio-8086-exec-1"       daemon [_thread_blocked, id=11088, stack(0x000000e1a8700000,0x000000e1a8800000) (1024K)]
  0x0000026ba321d400 JavaThread "http-nio-8086-exec-2"       daemon [_thread_blocked, id=13936, stack(0x000000e1a8800000,0x000000e1a8900000) (1024K)]
  0x0000026ba321e120 JavaThread "http-nio-8086-exec-3"       daemon [_thread_blocked, id=19804, stack(0x000000e1a8900000,0x000000e1a8a00000) (1024K)]
  0x0000026ba321b330 JavaThread "http-nio-8086-exec-4"       daemon [_thread_blocked, id=12596, stack(0x000000e1a8a00000,0x000000e1a8b00000) (1024K)]
  0x0000026ba321b9c0 JavaThread "http-nio-8086-exec-5"       daemon [_thread_blocked, id=20092, stack(0x000000e1a8b00000,0x000000e1a8c00000) (1024K)]
  0x0000026ba321e7b0 JavaThread "http-nio-8086-exec-6"       daemon [_thread_blocked, id=12980, stack(0x000000e1a8c00000,0x000000e1a8d00000) (1024K)]
  0x0000026ba6225010 JavaThread "http-nio-8086-exec-7"       daemon [_thread_blocked, id=9248, stack(0x000000e1a8d00000,0x000000e1a8e00000) (1024K)]
  0x0000026ba6227770 JavaThread "http-nio-8086-exec-8"       daemon [_thread_blocked, id=3708, stack(0x000000e1a8e00000,0x000000e1a8f00000) (1024K)]
  0x0000026ba6226a50 JavaThread "http-nio-8086-exec-9"       daemon [_thread_blocked, id=12036, stack(0x000000e1a8f00000,0x000000e1a9000000) (1024K)]
  0x0000026ba62256a0 JavaThread "http-nio-8086-exec-10"      daemon [_thread_blocked, id=18968, stack(0x000000e1a9000000,0x000000e1a9100000) (1024K)]
  0x0000026ba6225d30 JavaThread "http-nio-8086-Poller"       daemon [_thread_in_native, id=3992, stack(0x000000e1a9100000,0x000000e1a9200000) (1024K)]
  0x0000026ba62270e0 JavaThread "http-nio-8086-Acceptor"     daemon [_thread_in_native, id=20384, stack(0x000000e1a9200000,0x000000e1a9300000) (1024K)]
  0x0000026ba62263c0 JavaThread "DestroyJavaVM"                     [_thread_blocked, id=16632, stack(0x000000e1a5f00000,0x000000e1a6000000) (1024K)]
  0x0000026ba6227e00 JavaThread "DiscoveryClient-CacheRefreshExecutor-%d" daemon [_thread_blocked, id=11488, stack(0x000000e1a5c00000,0x000000e1a5d00000) (1024K)]
  0x0000026ba6224980 JavaThread "DiscoveryClient-HeartbeatExecutor-%d" daemon [_thread_blocked, id=16376, stack(0x000000e1a5d00000,0x000000e1a5e00000) (1024K)]
Total: 36

Other Threads:
  0x0000026b59702c40 VMThread "VM Thread"                           [id=12308, stack(0x000000e1a6600000,0x000000e1a6700000) (1024K)]
  0x0000026b596e5c70 WatcherThread "VM Periodic Task Thread"        [id=15896, stack(0x000000e1a6500000,0x000000e1a6600000) (1024K)]
  0x0000026b3e258a90 WorkerThread "GC Thread#0"                     [id=16344, stack(0x000000e1a6000000,0x000000e1a6100000) (1024K)]
  0x0000026b9f2ccac0 WorkerThread "GC Thread#1"                     [id=6064, stack(0x000000e1a7100000,0x000000e1a7200000) (1024K)]
  0x0000026b9fab2a80 WorkerThread "GC Thread#2"                     [id=14468, stack(0x000000e1a7200000,0x000000e1a7300000) (1024K)]
  0x0000026b9f7fe400 WorkerThread "GC Thread#3"                     [id=17140, stack(0x000000e1a7300000,0x000000e1a7400000) (1024K)]
  0x0000026b9f7fe7a0 WorkerThread "GC Thread#4"                     [id=17660, stack(0x000000e1a7400000,0x000000e1a7500000) (1024K)]
  0x0000026b9ff1b520 WorkerThread "GC Thread#5"                     [id=6256, stack(0x000000e1a7600000,0x000000e1a7700000) (1024K)]
  0x0000026ba00028e0 WorkerThread "GC Thread#6"                     [id=9824, stack(0x000000e1a7700000,0x000000e1a7800000) (1024K)]
  0x0000026b9ff1b8c0 WorkerThread "GC Thread#7"                     [id=19464, stack(0x000000e1a7800000,0x000000e1a7900000) (1024K)]
  0x0000026b3e261f40 ConcurrentGCThread "G1 Main Marker"            [id=11164, stack(0x000000e1a6100000,0x000000e1a6200000) (1024K)]
  0x0000026b3e263390 WorkerThread "G1 Conc#0"                       [id=4344, stack(0x000000e1a6200000,0x000000e1a6300000) (1024K)]
  0x0000026ba01e1800 WorkerThread "G1 Conc#1"                       [id=19088, stack(0x000000e1a7500000,0x000000e1a7600000) (1024K)]
  0x0000026b3e2caa70 ConcurrentGCThread "G1 Refine#0"               [id=14428, stack(0x000000e1a6300000,0x000000e1a6400000) (1024K)]
  0x0000026b3e2cb5e0 ConcurrentGCThread "G1 Service"                [id=11220, stack(0x000000e1a6400000,0x000000e1a6500000) (1024K)]
Total: 15

Threads with active compile tasks:
C2 CompilerThread0    68889 7928       4       org.springframework.core.ResolvableType::isArray (59 bytes)
Total: 1

VM state: not at safepoint (normal execution)

VM Mutex/Monitor currently owned by a thread: None

Heap address: 0x00000000c1e00000, size: 994 MB, Compressed Oops mode: 32-bit

CDS archive(s) mapped at: [0x0000026b5a000000-0x0000026b5ac90000-0x0000026b5ac90000), size 13172736, SharedBaseAddress: 0x0000026b5a000000, ArchiveRelocationMode: 1.
Compressed class space mapped at: 0x0000026b5b000000-0x0000026b9b000000, reserved size: 1073741824
Narrow klass base: 0x0000026b5a000000, Narrow klass shift: 0, Narrow klass range: 0x100000000

GC Precious Log:
 CardTable entry size: 512
 Card Set container configuration: InlinePtr #cards 5 size 8 Array Of Cards #cards 12 size 40 Howl #buckets 4 coarsen threshold 1843 Howl Bitmap #cards 512 size 80 coarsen threshold 460 Card regions per heap region 1 cards per card region 2048
 CPUs: 8 total, 8 available
 Memory: 3971M
 Large Page Support: Disabled
 NUMA Support: Disabled
 Compressed Oops: Enabled (32-bit)
 Heap Region Size: 1M
 Heap Min Capacity: 8M
 Heap Initial Capacity: 64M
 Heap Max Capacity: 994M
 Pre-touch: Disabled
 Parallel Workers: 8
 Concurrent Workers: 2
 Concurrent Refinement Workers: 8
 Periodic GC: Disabled

Heap:
 garbage-first heap   total 73728K, used 63626K [0x00000000c1e00000, 0x0000000100000000)
  region size 1024K, 23 young (23552K), 2 survivors (2048K)
 Metaspace       used 85478K, committed 86272K, reserved 1179648K
  class space    used 11662K, committed 12032K, reserved 1048576K

Heap Regions: E=young(eden), S=young(survivor), O=old, HS=humongous(starts), HC=humongous(continues), CS=collection set, F=free, TAMS=top-at-mark-start, PB=parsable bottom
|   0|0x00000000c1e00000, 0x00000000c1f00000, 0x00000000c1f00000|100%|HS|  |TAMS 0x00000000c1e00000| PB 0x00000000c1e00000| Complete 
|   1|0x00000000c1f00000, 0x00000000c2000000, 0x00000000c2000000|100%|HS|  |TAMS 0x00000000c1f00000| PB 0x00000000c1f00000| Complete 
|   2|0x00000000c2000000, 0x00000000c2100000, 0x00000000c2100000|100%| O|  |TAMS 0x00000000c2000000| PB 0x00000000c2000000| Untracked 
|   3|0x00000000c2100000, 0x00000000c2200000, 0x00000000c2200000|100%| O|  |TAMS 0x00000000c2100000| PB 0x00000000c2100000| Untracked 
|   4|0x00000000c2200000, 0x00000000c2300000, 0x00000000c2300000|100%| O|  |TAMS 0x00000000c2200000| PB 0x00000000c2200000| Untracked 
|   5|0x00000000c2300000, 0x00000000c2400000, 0x00000000c2400000|100%| O|  |TAMS 0x00000000c2300000| PB 0x00000000c2300000| Untracked 
|   6|0x00000000c2400000, 0x00000000c2500000, 0x00000000c2500000|100%| O|  |TAMS 0x00000000c2400000| PB 0x00000000c2400000| Untracked 
|   7|0x00000000c2500000, 0x00000000c2600000, 0x00000000c2600000|100%| O|  |TAMS 0x00000000c2500000| PB 0x00000000c2500000| Untracked 
|   8|0x00000000c2600000, 0x00000000c2700000, 0x00000000c2700000|100%| O|  |TAMS 0x00000000c2600000| PB 0x00000000c2600000| Untracked 
|   9|0x00000000c2700000, 0x00000000c2800000, 0x00000000c2800000|100%| O|  |TAMS 0x00000000c2700000| PB 0x00000000c2700000| Untracked 
|  10|0x00000000c2800000, 0x00000000c2900000, 0x00000000c2900000|100%| O|  |TAMS 0x00000000c2800000| PB 0x00000000c2800000| Untracked 
|  11|0x00000000c2900000, 0x00000000c29dd130, 0x00000000c2a00000| 86%| O|  |TAMS 0x00000000c2900000| PB 0x00000000c2900000| Untracked 
|  12|0x00000000c2a00000, 0x00000000c2b00000, 0x00000000c2b00000|100%| O|  |TAMS 0x00000000c2a00000| PB 0x00000000c2a00000| Untracked 
|  13|0x00000000c2b00000, 0x00000000c2c00000, 0x00000000c2c00000|100%| O|  |TAMS 0x00000000c2b00000| PB 0x00000000c2b00000| Untracked 
|  14|0x00000000c2c00000, 0x00000000c2d00000, 0x00000000c2d00000|100%| O|  |TAMS 0x00000000c2c00000| PB 0x00000000c2c00000| Untracked 
|  15|0x00000000c2d00000, 0x00000000c2e00000, 0x00000000c2e00000|100%| O|  |TAMS 0x00000000c2d00000| PB 0x00000000c2d00000| Untracked 
|  16|0x00000000c2e00000, 0x00000000c2f00000, 0x00000000c2f00000|100%| O|  |TAMS 0x00000000c2e00000| PB 0x00000000c2e00000| Untracked 
|  17|0x00000000c2f00000, 0x00000000c3000000, 0x00000000c3000000|100%| O|  |TAMS 0x00000000c2f00000| PB 0x00000000c2f00000| Untracked 
|  18|0x00000000c3000000, 0x00000000c3100000, 0x00000000c3100000|100%| O|  |TAMS 0x00000000c3000000| PB 0x00000000c3000000| Untracked 
|  19|0x00000000c3100000, 0x00000000c3200000, 0x00000000c3200000|100%| O|  |TAMS 0x00000000c3100000| PB 0x00000000c3100000| Untracked 
|  20|0x00000000c3200000, 0x00000000c3300000, 0x00000000c3300000|100%| O|  |TAMS 0x00000000c3200000| PB 0x00000000c3200000| Untracked 
|  21|0x00000000c3300000, 0x00000000c3400000, 0x00000000c3400000|100%| O|  |TAMS 0x00000000c3300000| PB 0x00000000c3300000| Untracked 
|  22|0x00000000c3400000, 0x00000000c3500000, 0x00000000c3500000|100%| O|  |TAMS 0x00000000c3400000| PB 0x00000000c3400000| Untracked 
|  23|0x00000000c3500000, 0x00000000c3500000, 0x00000000c3600000|  0%| F|  |TAMS 0x00000000c3500000| PB 0x00000000c3500000| Untracked 
|  24|0x00000000c3600000, 0x00000000c3600000, 0x00000000c3700000|  0%| F|  |TAMS 0x00000000c3600000| PB 0x00000000c3600000| Untracked 
|  25|0x00000000c3700000, 0x00000000c3800000, 0x00000000c3800000|100%| O|  |TAMS 0x00000000c3700000| PB 0x00000000c3700000| Untracked 
|  26|0x00000000c3800000, 0x00000000c3900000, 0x00000000c3900000|100%| O|  |TAMS 0x00000000c3800000| PB 0x00000000c3800000| Untracked 
|  27|0x00000000c3900000, 0x00000000c3a00000, 0x00000000c3a00000|100%| O|  |TAMS 0x00000000c3900000| PB 0x00000000c3900000| Untracked 
|  28|0x00000000c3a00000, 0x00000000c3b00000, 0x00000000c3b00000|100%| O|  |TAMS 0x00000000c3a00000| PB 0x00000000c3a00000| Untracked 
|  29|0x00000000c3b00000, 0x00000000c3c00000, 0x00000000c3c00000|100%| O|  |TAMS 0x00000000c3b00000| PB 0x00000000c3b00000| Untracked 
|  30|0x00000000c3c00000, 0x00000000c3d00000, 0x00000000c3d00000|100%| O|  |TAMS 0x00000000c3c00000| PB 0x00000000c3c00000| Untracked 
|  31|0x00000000c3d00000, 0x00000000c3e00000, 0x00000000c3e00000|100%| O|  |TAMS 0x00000000c3d00000| PB 0x00000000c3d00000| Untracked 
|  32|0x00000000c3e00000, 0x00000000c3f00000, 0x00000000c3f00000|100%| O|  |TAMS 0x00000000c3e00000| PB 0x00000000c3e00000| Untracked 
|  33|0x00000000c3f00000, 0x00000000c4000000, 0x00000000c4000000|100%| O|  |TAMS 0x00000000c3f00000| PB 0x00000000c3f00000| Untracked 
|  34|0x00000000c4000000, 0x00000000c4100000, 0x00000000c4100000|100%| O|  |TAMS 0x00000000c4000000| PB 0x00000000c4000000| Untracked 
|  35|0x00000000c4100000, 0x00000000c4200000, 0x00000000c4200000|100%| O|  |TAMS 0x00000000c4100000| PB 0x00000000c4100000| Untracked 
|  36|0x00000000c4200000, 0x00000000c4300000, 0x00000000c4300000|100%| O|  |TAMS 0x00000000c4200000| PB 0x00000000c4200000| Untracked 
|  37|0x00000000c4300000, 0x00000000c4400000, 0x00000000c4400000|100%| O|  |TAMS 0x00000000c4300000| PB 0x00000000c4300000| Untracked 
|  38|0x00000000c4400000, 0x00000000c4500000, 0x00000000c4500000|100%| O|  |TAMS 0x00000000c4400000| PB 0x00000000c4400000| Untracked 
|  39|0x00000000c4500000, 0x00000000c4600000, 0x00000000c4600000|100%| O|  |TAMS 0x00000000c4500000| PB 0x00000000c4500000| Untracked 
|  40|0x00000000c4600000, 0x00000000c4700000, 0x00000000c4700000|100%| O|  |TAMS 0x00000000c4600000| PB 0x00000000c4600000| Untracked 
|  41|0x00000000c4700000, 0x00000000c4800000, 0x00000000c4800000|100%| O|  |TAMS 0x00000000c4700000| PB 0x00000000c4700000| Untracked 
|  42|0x00000000c4800000, 0x00000000c4890ce0, 0x00000000c4900000| 56%| O|  |TAMS 0x00000000c4800000| PB 0x00000000c4800000| Untracked 
|  43|0x00000000c4900000, 0x00000000c4900000, 0x00000000c4a00000|  0%| F|  |TAMS 0x00000000c4900000| PB 0x00000000c4900000| Untracked 
|  44|0x00000000c4a00000, 0x00000000c4a00000, 0x00000000c4b00000|  0%| F|  |TAMS 0x00000000c4a00000| PB 0x00000000c4a00000| Untracked 
|  45|0x00000000c4b00000, 0x00000000c4b00000, 0x00000000c4c00000|  0%| F|  |TAMS 0x00000000c4b00000| PB 0x00000000c4b00000| Untracked 
|  46|0x00000000c4c00000, 0x00000000c4c00000, 0x00000000c4d00000|  0%| F|  |TAMS 0x00000000c4c00000| PB 0x00000000c4c00000| Untracked 
|  47|0x00000000c4d00000, 0x00000000c4d00000, 0x00000000c4e00000|  0%| F|  |TAMS 0x00000000c4d00000| PB 0x00000000c4d00000| Untracked 
|  48|0x00000000c4e00000, 0x00000000c4eb4d20, 0x00000000c4f00000| 70%| S|CS|TAMS 0x00000000c4e00000| PB 0x00000000c4e00000| Complete 
|  49|0x00000000c4f00000, 0x00000000c5000000, 0x00000000c5000000|100%| S|CS|TAMS 0x00000000c4f00000| PB 0x00000000c4f00000| Complete 
|  50|0x00000000c5000000, 0x00000000c5000000, 0x00000000c5100000|  0%| F|  |TAMS 0x00000000c5000000| PB 0x00000000c5000000| Untracked 
|  51|0x00000000c5100000, 0x00000000c5188ca8, 0x00000000c5200000| 53%| E|  |TAMS 0x00000000c5100000| PB 0x00000000c5100000| Complete 
|  52|0x00000000c5200000, 0x00000000c5300000, 0x00000000c5300000|100%| E|CS|TAMS 0x00000000c5200000| PB 0x00000000c5200000| Complete 
|  53|0x00000000c5300000, 0x00000000c5400000, 0x00000000c5400000|100%| E|CS|TAMS 0x00000000c5300000| PB 0x00000000c5300000| Complete 
|  54|0x00000000c5400000, 0x00000000c5500000, 0x00000000c5500000|100%| E|CS|TAMS 0x00000000c5400000| PB 0x00000000c5400000| Complete 
|  55|0x00000000c5500000, 0x00000000c5600000, 0x00000000c5600000|100%| E|CS|TAMS 0x00000000c5500000| PB 0x00000000c5500000| Complete 
|  56|0x00000000c5600000, 0x00000000c5700000, 0x00000000c5700000|100%| E|CS|TAMS 0x00000000c5600000| PB 0x00000000c5600000| Complete 
|  57|0x00000000c5700000, 0x00000000c5800000, 0x00000000c5800000|100%| E|CS|TAMS 0x00000000c5700000| PB 0x00000000c5700000| Complete 
|  58|0x00000000c5800000, 0x00000000c5900000, 0x00000000c5900000|100%| E|CS|TAMS 0x00000000c5800000| PB 0x00000000c5800000| Complete 
|  59|0x00000000c5900000, 0x00000000c5a00000, 0x00000000c5a00000|100%| E|CS|TAMS 0x00000000c5900000| PB 0x00000000c5900000| Complete 
|  60|0x00000000c5a00000, 0x00000000c5b00000, 0x00000000c5b00000|100%| E|CS|TAMS 0x00000000c5a00000| PB 0x00000000c5a00000| Complete 
|  61|0x00000000c5b00000, 0x00000000c5c00000, 0x00000000c5c00000|100%| E|CS|TAMS 0x00000000c5b00000| PB 0x00000000c5b00000| Complete 
|  62|0x00000000c5c00000, 0x00000000c5d00000, 0x00000000c5d00000|100%| E|CS|TAMS 0x00000000c5c00000| PB 0x00000000c5c00000| Complete 
|  63|0x00000000c5d00000, 0x00000000c5e00000, 0x00000000c5e00000|100%| E|CS|TAMS 0x00000000c5d00000| PB 0x00000000c5d00000| Complete 
|  64|0x00000000c5e00000, 0x00000000c5f00000, 0x00000000c5f00000|100%| E|CS|TAMS 0x00000000c5e00000| PB 0x00000000c5e00000| Complete 
|  65|0x00000000c5f00000, 0x00000000c6000000, 0x00000000c6000000|100%| E|CS|TAMS 0x00000000c5f00000| PB 0x00000000c5f00000| Complete 
|  66|0x00000000c6000000, 0x00000000c6100000, 0x00000000c6100000|100%| E|CS|TAMS 0x00000000c6000000| PB 0x00000000c6000000| Complete 
|  67|0x00000000c6100000, 0x00000000c6200000, 0x00000000c6200000|100%| E|CS|TAMS 0x00000000c6100000| PB 0x00000000c6100000| Complete 
|  68|0x00000000c6200000, 0x00000000c6300000, 0x00000000c6300000|100%| E|CS|TAMS 0x00000000c6200000| PB 0x00000000c6200000| Complete 
|  69|0x00000000c6300000, 0x00000000c6400000, 0x00000000c6400000|100%| E|CS|TAMS 0x00000000c6300000| PB 0x00000000c6300000| Complete 
|  70|0x00000000c6400000, 0x00000000c6500000, 0x00000000c6500000|100%| E|CS|TAMS 0x00000000c6400000| PB 0x00000000c6400000| Complete 
|  71|0x00000000c6500000, 0x00000000c6600000, 0x00000000c6600000|100%| E|CS|TAMS 0x00000000c6500000| PB 0x00000000c6500000| Complete 

Card table byte_map: [0x0000026b55b90000,0x0000026b55d90000] _byte_map_base: 0x0000026b55581000

Marking Bits: (CMBitMap*) 0x0000026b3e2599a0
 Bits: [0x0000026b55d90000, 0x0000026b56d18000)

Polling page: 0x0000026b3c010000

Metaspace:

Usage:
  Non-class:     72.09 MB used.
      Class:     11.39 MB used.
       Both:     83.48 MB used.

Virtual space:
  Non-class space:      128.00 MB reserved,      72.50 MB ( 57%) committed,  2 nodes.
      Class space:        1.00 GB reserved,      11.75 MB (  1%) committed,  1 nodes.
             Both:        1.12 GB reserved,      84.25 MB (  7%) committed. 

Chunk freelists:
   Non-Class:  7.12 MB
       Class:  4.28 MB
        Both:  11.41 MB

MaxMetaspaceSize: unlimited
CompressedClassSpaceSize: 1.00 GB
Initial GC threshold: 21.00 MB
Current GC threshold: 127.12 MB
CDS: on
 - commit_granule_bytes: 65536.
 - commit_granule_words: 8192.
 - virtual_space_node_default_size: 8388608.
 - enlarge_chunks_in_place: 1.
 - use_allocation_guard: 0.


Internal statistics:

num_allocs_failed_limit: 9.
num_arena_births: 1284.
num_arena_deaths: 0.
num_vsnodes_births: 3.
num_vsnodes_deaths: 0.
num_space_committed: 1348.
num_space_uncommitted: 0.
num_chunks_returned_to_freelist: 9.
num_chunks_taken_from_freelist: 4347.
num_chunk_merges: 9.
num_chunk_splits: 3135.
num_chunks_enlarged: 2439.
num_inconsistent_stats: 0.

CodeHeap 'non-profiled nmethods': size=120000Kb used=4959Kb max_used=4959Kb free=115040Kb
 bounds [0x0000026b4e130000, 0x0000026b4e610000, 0x0000026b55660000]
CodeHeap 'profiled nmethods': size=120000Kb used=14202Kb max_used=14202Kb free=105797Kb
 bounds [0x0000026b46660000, 0x0000026b47450000, 0x0000026b4db90000]
CodeHeap 'non-nmethods': size=5760Kb used=1767Kb max_used=1832Kb free=3993Kb
 bounds [0x0000026b4db90000, 0x0000026b4de00000, 0x0000026b4e130000]
 total_blobs=7760 nmethods=6982 adapters=682
 compilation: enabled
              stopped_count=0, restarted_count=0
 full_count=0

Compilation events (20 events):
Event: 68.085 Thread 0x0000026b5973e760 nmethod 7918 0x0000026b4743cd90 code [0x0000026b4743d000, 0x0000026b4743d928]
Event: 68.086 Thread 0x0000026b5973e760 7919       3       org.apache.hc.core5.util.Tokenizer::isWhitespace (30 bytes)
Event: 68.086 Thread 0x0000026b5973e760 nmethod 7919 0x0000026b4743dc90 code [0x0000026b4743de40, 0x0000026b4743e038]
Event: 68.098 Thread 0x0000026b5973e760 7920       3       org.apache.hc.core5.util.CharArrayBuffer::append (37 bytes)
Event: 68.098 Thread 0x0000026b5973e760 nmethod 7920 0x0000026b4743e110 code [0x0000026b4743e2c0, 0x0000026b4743e4a0]
Event: 68.099 Thread 0x0000026b5973e760 7921       3       java.io.OutputStream::<init> (5 bytes)
Event: 68.101 Thread 0x0000026b5973e760 nmethod 7921 0x0000026b4743e610 code [0x0000026b4743e7c0, 0x0000026b4743e928]
Event: 68.151 Thread 0x0000026b5973e760 7922       3       org.apache.hc.core5.util.CharArrayBuffer::charAt (7 bytes)
Event: 68.151 Thread 0x0000026b5973e760 nmethod 7922 0x0000026b4743ea10 code [0x0000026b4743ebc0, 0x0000026b4743ed00]
Event: 68.154 Thread 0x0000026b5973e760 7923       3       org.apache.hc.core5.util.Tokenizer$Cursor::atEnd (17 bytes)
Event: 68.154 Thread 0x0000026b5973e760 nmethod 7923 0x0000026b4743ee10 code [0x0000026b4743efa0, 0x0000026b4743f110]
Event: 68.154 Thread 0x0000026b5973e760 7924       1       org.apache.hc.core5.util.Tokenizer$Cursor::getUpperBound (5 bytes)
Event: 68.154 Thread 0x0000026b5973e760 nmethod 7924 0x0000026b4e606f90 code [0x0000026b4e607120, 0x0000026b4e6071e8]
Event: 68.184 Thread 0x0000026b5973e760 7925       3       com.fasterxml.jackson.core.json.UTF8StreamJsonParser::nextToken (534 bytes)
Event: 68.211 Thread 0x0000026b5973e760 nmethod 7925 0x0000026b4743f190 code [0x0000026b4743f700, 0x0000026b47441c90]
Event: 68.211 Thread 0x0000026b5973e760 7926       1       com.fasterxml.jackson.core.json.JsonReadContext::getCurrentName (5 bytes)
Event: 68.211 Thread 0x0000026b5973e760 nmethod 7926 0x0000026b4e607290 code [0x0000026b4e607420, 0x0000026b4e6074e8]
Event: 68.212 Thread 0x0000026b5973e760 7927       1       com.fasterxml.jackson.databind.deser.CreatorProperty::getCreatorIndex (5 bytes)
Event: 68.212 Thread 0x0000026b5973e760 nmethod 7927 0x0000026b4e607590 code [0x0000026b4e607720, 0x0000026b4e6077e8]
Event: 68.294 Thread 0x0000026b5973d910 7928       4       org.springframework.core.ResolvableType::isArray (59 bytes)

GC Heap History (20 events):
Event: 13.563 GC heap before
{Heap before GC invocations=8 (full 0):
 garbage-first heap   total 61440K, used 36385K [0x00000000c1e00000, 0x0000000100000000)
  region size 1024K, 17 young (17408K), 4 survivors (4096K)
 Metaspace       used 35488K, committed 35968K, reserved 1114112K
  class space    used 4629K, committed 4864K, reserved 1048576K
}
Event: 13.580 GC heap after
{Heap after GC invocations=9 (full 0):
 garbage-first heap   total 61440K, used 25661K [0x00000000c1e00000, 0x0000000100000000)
  region size 1024K, 2 young (2048K), 2 survivors (2048K)
 Metaspace       used 35488K, committed 35968K, reserved 1114112K
  class space    used 4629K, committed 4864K, reserved 1048576K
}
Event: 16.566 GC heap before
{Heap before GC invocations=10 (full 0):
 garbage-first heap   total 61440K, used 52285K [0x00000000c1e00000, 0x0000000100000000)
  region size 1024K, 27 young (27648K), 2 survivors (2048K)
 Metaspace       used 39794K, committed 40384K, reserved 1114112K
  class space    used 5230K, committed 5504K, reserved 1048576K
}
Event: 16.575 GC heap after
{Heap after GC invocations=11 (full 0):
 garbage-first heap   total 73728K, used 26963K [0x00000000c1e00000, 0x0000000100000000)
  region size 1024K, 3 young (3072K), 3 survivors (3072K)
 Metaspace       used 39794K, committed 40384K, reserved 1114112K
  class space    used 5230K, committed 5504K, reserved 1048576K
}
Event: 23.943 GC heap before
{Heap before GC invocations=11 (full 0):
 garbage-first heap   total 73728K, used 61779K [0x00000000c1e00000, 0x0000000100000000)
  region size 1024K, 38 young (38912K), 3 survivors (3072K)
 Metaspace       used 52794K, committed 53376K, reserved 1114112K
  class space    used 6954K, committed 7232K, reserved 1048576K
}
Event: 23.971 GC heap after
{Heap after GC invocations=12 (full 0):
 garbage-first heap   total 73728K, used 29441K [0x00000000c1e00000, 0x0000000100000000)
  region size 1024K, 5 young (5120K), 5 survivors (5120K)
 Metaspace       used 52794K, committed 53376K, reserved 1114112K
  class space    used 6954K, committed 7232K, reserved 1048576K
}
Event: 27.250 GC heap before
{Heap before GC invocations=12 (full 0):
 garbage-first heap   total 73728K, used 54017K [0x00000000c1e00000, 0x0000000100000000)
  region size 1024K, 30 young (30720K), 5 survivors (5120K)
 Metaspace       used 59600K, committed 60160K, reserved 1114112K
  class space    used 7931K, committed 8192K, reserved 1048576K
}
Event: 27.270 GC heap after
{Heap after GC invocations=13 (full 0):
 garbage-first heap   total 73728K, used 31317K [0x00000000c1e00000, 0x0000000100000000)
  region size 1024K, 2 young (2048K), 2 survivors (2048K)
 Metaspace       used 59600K, committed 60160K, reserved 1114112K
  class space    used 7931K, committed 8192K, reserved 1048576K
}
Event: 30.142 GC heap before
{Heap before GC invocations=14 (full 0):
 garbage-first heap   total 73728K, used 64085K [0x00000000c1e00000, 0x0000000100000000)
  region size 1024K, 34 young (34816K), 2 survivors (2048K)
 Metaspace       used 67149K, committed 67776K, reserved 1114112K
  class space    used 9071K, committed 9344K, reserved 1048576K
}
Event: 30.150 GC heap after
{Heap after GC invocations=15 (full 0):
 garbage-first heap   total 73728K, used 33515K [0x00000000c1e00000, 0x0000000100000000)
  region size 1024K, 4 young (4096K), 4 survivors (4096K)
 Metaspace       used 67149K, committed 67776K, reserved 1114112K
  class space    used 9071K, committed 9344K, reserved 1048576K
}
Event: 31.805 GC heap before
{Heap before GC invocations=15 (full 0):
 garbage-first heap   total 73728K, used 63211K [0x00000000c1e00000, 0x0000000100000000)
  region size 1024K, 33 young (33792K), 4 survivors (4096K)
 Metaspace       used 71608K, committed 72320K, reserved 1114112K
  class space    used 9674K, committed 9984K, reserved 1048576K
}
Event: 31.814 GC heap after
{Heap after GC invocations=16 (full 0):
 garbage-first heap   total 73728K, used 35382K [0x00000000c1e00000, 0x0000000100000000)
  region size 1024K, 5 young (5120K), 5 survivors (5120K)
 Metaspace       used 71608K, committed 72320K, reserved 1114112K
  class space    used 9674K, committed 9984K, reserved 1048576K
}
Event: 33.772 GC heap before
{Heap before GC invocations=16 (full 0):
 garbage-first heap   total 73728K, used 63030K [0x00000000c1e00000, 0x0000000100000000)
  region size 1024K, 32 young (32768K), 5 survivors (5120K)
 Metaspace       used 74562K, committed 75264K, reserved 1179648K
  class space    used 10083K, committed 10368K, reserved 1048576K
}
Event: 33.786 GC heap after
{Heap after GC invocations=17 (full 0):
 garbage-first heap   total 73728K, used 37989K [0x00000000c1e00000, 0x0000000100000000)
  region size 1024K, 3 young (3072K), 3 survivors (3072K)
 Metaspace       used 74562K, committed 75264K, reserved 1179648K
  class space    used 10083K, committed 10368K, reserved 1048576K
}
Event: 35.107 GC heap before
{Heap before GC invocations=17 (full 0):
 garbage-first heap   total 73728K, used 64613K [0x00000000c1e00000, 0x0000000100000000)
  region size 1024K, 29 young (29696K), 3 survivors (3072K)
 Metaspace       used 77303K, committed 78016K, reserved 1179648K
  class space    used 10463K, committed 10816K, reserved 1048576K
}
Event: 35.114 GC heap after
{Heap after GC invocations=18 (full 0):
 garbage-first heap   total 73728K, used 39954K [0x00000000c1e00000, 0x0000000100000000)
  region size 1024K, 3 young (3072K), 3 survivors (3072K)
 Metaspace       used 77303K, committed 78016K, reserved 1179648K
  class space    used 10463K, committed 10816K, reserved 1048576K
}
Event: 36.082 GC heap before
{Heap before GC invocations=19 (full 0):
 garbage-first heap   total 73728K, used 64530K [0x00000000c1e00000, 0x0000000100000000)
  region size 1024K, 27 young (27648K), 3 survivors (3072K)
 Metaspace       used 79074K, committed 79936K, reserved 1179648K
  class space    used 10738K, committed 11136K, reserved 1048576K
}
Event: 36.090 GC heap after
{Heap after GC invocations=20 (full 0):
 garbage-first heap   total 73728K, used 42491K [0x00000000c1e00000, 0x0000000100000000)
  region size 1024K, 3 young (3072K), 3 survivors (3072K)
 Metaspace       used 79074K, committed 79936K, reserved 1179648K
  class space    used 10738K, committed 11136K, reserved 1048576K
}
Event: 36.761 GC heap before
{Heap before GC invocations=20 (full 0):
 garbage-first heap   total 73728K, used 65019K [0x00000000c1e00000, 0x0000000100000000)
  region size 1024K, 25 young (25600K), 3 survivors (3072K)
 Metaspace       used 81015K, committed 81856K, reserved 1179648K
  class space    used 11031K, committed 11456K, reserved 1048576K
}
Event: 36.770 GC heap after
{Heap after GC invocations=21 (full 0):
 garbage-first heap   total 73728K, used 43146K [0x00000000c1e00000, 0x0000000100000000)
  region size 1024K, 2 young (2048K), 2 survivors (2048K)
 Metaspace       used 81015K, committed 81856K, reserved 1179648K
  class space    used 11031K, committed 11456K, reserved 1048576K
}

Dll operation events (11 events):
Event: 0.192 Loaded shared library C:\Program Files\Java\jdk-21\bin\java.dll
Event: 0.333 Loaded shared library C:\Program Files\Java\jdk-21\bin\jsvml.dll
Event: 0.981 Loaded shared library C:\Program Files\Java\jdk-21\bin\net.dll
Event: 0.989 Loaded shared library C:\Program Files\Java\jdk-21\bin\nio.dll
Event: 0.997 Loaded shared library C:\Program Files\Java\jdk-21\bin\zip.dll
Event: 1.320 Loaded shared library C:\Program Files\Java\jdk-21\bin\jimage.dll
Event: 5.116 Loaded shared library C:\Program Files\Java\jdk-21\bin\sunmscapi.dll
Event: 13.605 Loaded shared library C:\Program Files\Java\jdk-21\bin\management.dll
Event: 13.622 Loaded shared library C:\Program Files\Java\jdk-21\bin\management_ext.dll
Event: 16.871 Loaded shared library C:\Program Files\Java\jdk-21\bin\verify.dll
Event: 19.456 Loaded shared library C:\Program Files\Java\jdk-21\bin\extnet.dll

Deoptimization events (20 events):
Event: 37.264 Thread 0x0000026b3c0642b0 DEOPT PACKING pc=0x0000026b4e293d18 sp=0x000000e1a5ffb600
Event: 37.264 Thread 0x0000026b3c0642b0 DEOPT UNPACKING pc=0x0000026b4dbe46a2 sp=0x000000e1a5ffb520 mode 2
Event: 37.285 Thread 0x0000026b3c0642b0 Uncommon trap: trap_request=0xffffff45 fr.pc=0x0000026b4e2586c4 relative=0x00000000000001e4
Event: 37.285 Thread 0x0000026b3c0642b0 Uncommon trap: reason=unstable_if action=reinterpret pc=0x0000026b4e2586c4 method=java.util.HashMap.getNode(Ljava/lang/Object;)Ljava/util/HashMap$Node; @ 66 c2
Event: 37.285 Thread 0x0000026b3c0642b0 DEOPT PACKING pc=0x0000026b4e2586c4 sp=0x000000e1a5ffb160
Event: 37.285 Thread 0x0000026b3c0642b0 DEOPT UNPACKING pc=0x0000026b4dbe46a2 sp=0x000000e1a5ffb0d0 mode 2
Event: 37.708 Thread 0x0000026b3c0642b0 DEOPT PACKING pc=0x0000026b4731839c sp=0x000000e1a5ffda80
Event: 37.708 Thread 0x0000026b3c0642b0 DEOPT UNPACKING pc=0x0000026b4dbe4e42 sp=0x000000e1a5ffcf18 mode 0
Event: 37.739 Thread 0x0000026ba321cd70 Uncommon trap: trap_request=0xffffffc6 fr.pc=0x0000026b4e3e10e0 relative=0x00000000000004c0
Event: 37.739 Thread 0x0000026ba321cd70 Uncommon trap: reason=bimorphic_or_optimized_type_check action=maybe_recompile pc=0x0000026b4e3e10e0 method=java.util.regex.Pattern$SliceI.match(Ljava/util/regex/Matcher;ILjava/lang/CharSequence;)Z @ 92 c2
Event: 37.739 Thread 0x0000026ba321cd70 DEOPT PACKING pc=0x0000026b4e3e10e0 sp=0x000000e1a86fe510
Event: 37.739 Thread 0x0000026ba321cd70 DEOPT UNPACKING pc=0x0000026b4dbe46a2 sp=0x000000e1a86fe498 mode 2
Event: 67.818 Thread 0x0000026ba6224980 Uncommon trap: trap_request=0xffffffc6 fr.pc=0x0000026b4e3e10e0 relative=0x00000000000004c0
Event: 67.818 Thread 0x0000026ba6224980 Uncommon trap: reason=bimorphic_or_optimized_type_check action=maybe_recompile pc=0x0000026b4e3e10e0 method=java.util.regex.Pattern$SliceI.match(Ljava/util/regex/Matcher;ILjava/lang/CharSequence;)Z @ 92 c2
Event: 67.818 Thread 0x0000026ba6227e00 Uncommon trap: trap_request=0xffffffc6 fr.pc=0x0000026b4e3e10e0 relative=0x00000000000004c0
Event: 67.818 Thread 0x0000026ba6227e00 Uncommon trap: reason=bimorphic_or_optimized_type_check action=maybe_recompile pc=0x0000026b4e3e10e0 method=java.util.regex.Pattern$SliceI.match(Ljava/util/regex/Matcher;ILjava/lang/CharSequence;)Z @ 92 c2
Event: 67.819 Thread 0x0000026ba6224980 DEOPT PACKING pc=0x0000026b4e3e10e0 sp=0x000000e1a5dfe4e0
Event: 67.819 Thread 0x0000026ba6227e00 DEOPT PACKING pc=0x0000026b4e3e10e0 sp=0x000000e1a5cfe7d0
Event: 67.819 Thread 0x0000026ba6224980 DEOPT UNPACKING pc=0x0000026b4dbe46a2 sp=0x000000e1a5dfe468 mode 2
Event: 67.820 Thread 0x0000026ba6227e00 DEOPT UNPACKING pc=0x0000026b4dbe46a2 sp=0x000000e1a5cfe758 mode 2

Classes loaded (20 events):
Event: 37.812 Loading class java/nio/channels/Pipe$SourceChannel done
Event: 37.812 Loading class sun/nio/ch/SourceChannelImpl done
Event: 37.812 Loading class sun/nio/ch/SinkChannelImpl
Event: 37.812 Loading class java/nio/channels/Pipe$SinkChannel
Event: 37.812 Loading class java/nio/channels/Pipe$SinkChannel done
Event: 37.812 Loading class sun/nio/ch/SinkChannelImpl done
Event: 37.816 Loading class java/nio/channels/spi/AbstractSelector$1
Event: 37.816 Loading class java/nio/channels/spi/AbstractSelector$1 done
Event: 37.818 Loading class java/util/AbstractMap$SimpleEntry
Event: 37.818 Loading class java/util/AbstractMap$SimpleEntry done
Event: 37.821 Loading class java/util/TreeMap$ValueSpliterator
Event: 37.822 Loading class java/util/TreeMap$TreeMapSpliterator
Event: 37.822 Loading class java/util/TreeMap$TreeMapSpliterator done
Event: 37.822 Loading class java/util/TreeMap$ValueSpliterator done
Event: 37.884 Loading class java/util/IdentityHashMap$KeySpliterator
Event: 37.884 Loading class java/util/IdentityHashMap$IdentityHashMapSpliterator
Event: 37.884 Loading class java/util/IdentityHashMap$IdentityHashMapSpliterator done
Event: 37.884 Loading class java/util/IdentityHashMap$KeySpliterator done
Event: 46.670 Loading class java/util/concurrent/ConcurrentLinkedQueue$Itr
Event: 46.671 Loading class java/util/concurrent/ConcurrentLinkedQueue$Itr done

Classes unloaded (0 events):
No events

Classes redefined (0 events):
No events

Internal exceptions (20 events):
Event: 33.460 Thread 0x0000026b3c0642b0 Exception <a 'java/lang/IncompatibleClassChangeError'{0x00000000c519f818}: Found class java.lang.Object, but interface was expected> (0x00000000c519f818) 
thrown [s\open\src\hotspot\share\interpreter\linkResolver.cpp, line 840]
Event: 33.461 Thread 0x0000026b3c0642b0 Exception <a 'java/lang/IncompatibleClassChangeError'{0x00000000c51a4c50}: Found class java.lang.Object, but interface was expected> (0x00000000c51a4c50) 
thrown [s\open\src\hotspot\share\interpreter\linkResolver.cpp, line 840]
Event: 33.545 Thread 0x0000026b3c0642b0 Exception <a 'java/lang/NoSuchMethodError'{0x00000000c505f890}: 'void java.lang.invoke.DirectMethodHandle$Holder.invokeVirtual(java.lang.Object, java.lang.Object, long)'> (0x00000000c505f890) 
thrown [s\open\src\hotspot\share\interpreter\linkResolver.cpp, line 773]
Event: 33.990 Thread 0x0000026b3c0642b0 Exception <a 'java/lang/NoSuchMethodError'{0x00000000c6292620}: 'void java.lang.invoke.DelegatingMethodHandle$Holder.reinvoke_L(java.lang.Object, java.lang.Object, int, java.lang.Object)'> (0x00000000c6292620) 
thrown [s\open\src\hotspot\share\interpreter\linkResolver.cpp, line 773]
Event: 34.760 Thread 0x0000026b3c0642b0 Exception <a 'java/lang/NoSuchMethodError'{0x00000000c54530a0}: 'void java.lang.invoke.DirectMethodHandle$Holder.invokeStatic(java.lang.Object, java.lang.Object, int)'> (0x00000000c54530a0) 
thrown [s\open\src\hotspot\share\interpreter\linkResolver.cpp, line 773]
Event: 34.998 Thread 0x0000026b3c0642b0 Exception <a 'java/lang/IncompatibleClassChangeError'{0x00000000c4e3fc40}: Found class java.lang.Object, but interface was expected> (0x00000000c4e3fc40) 
thrown [s\open\src\hotspot\share\interpreter\linkResolver.cpp, line 840]
Event: 35.427 Thread 0x0000026b3c0642b0 Exception <a 'java/lang/NoSuchMethodError'{0x00000000c60b9b88}: 'java.lang.Object java.lang.invoke.DirectMethodHandle$Holder.invokeInterface(java.lang.Object, java.lang.Object, java.lang.Object, java.lang.Object)'> (0x00000000c60b9b88) 
thrown [s\open\src\hotspot\share\interpreter\linkResolver.cpp, line 773]
Event: 35.728 Thread 0x0000026b3c0642b0 Exception <a 'java/lang/NoSuchMethodError'{0x00000000c573a7e8}: 'int java.lang.invoke.DirectMethodHandle$Holder.invokeStaticInit(java.lang.Object, java.lang.Object, java.lang.Object, java.lang.Object)'> (0x00000000c573a7e8) 
thrown [s\open\src\hotspot\share\interpreter\linkResolver.cpp, line 773]
Event: 35.796 Thread 0x0000026b3c0642b0 Exception <a 'java/lang/NoSuchMethodError'{0x00000000c56f39a0}: 'java.lang.Object java.lang.invoke.DirectMethodHandle$Holder.invokeVirtual(java.lang.Object, java.lang.Object, java.lang.Object, java.lang.Object, java.lang.Object, java.lang.Object, java.lang.Object, java.lang.Object, java.lang.Object)'> (0x00000000c56f39a0) 
thrown [s\open\src\hotspot\share\interpreter\linkResolver.cpp, line 773]
Event: 35.876 Thread 0x0000026b3c0642b0 Exception <a 'java/lang/NoSuchMethodError'{0x00000000c54cff00}: 'java.lang.Object java.lang.invoke.DirectMethodHandle$Holder.invokeVirtual(java.lang.Object, java.lang.Object, java.lang.Object, java.lang.Object, java.lang.Object, java.lang.Object, java.lang.Object, java.lang.Object, java.lang.Object, java.lang.Object)'> (0x00000000c54cff00) 
thrown [s\open\src\hotspot\share\interpreter\linkResolver.cpp, line 773]
Event: 36.099 Thread 0x0000026b3c0642b0 Exception <a 'java/lang/IncompatibleClassChangeError'{0x00000000c651df48}: Found class java.lang.Object, but interface was expected> (0x00000000c651df48) 
thrown [s\open\src\hotspot\share\interpreter\linkResolver.cpp, line 840]
Event: 36.124 Thread 0x0000026b3c0642b0 Implicit null exception at 0x0000026b4e2ba1eb to 0x0000026b4e2ba424
Event: 36.659 Thread 0x0000026b3c0642b0 Exception <a 'java/lang/NoSuchMethodError'{0x00000000c513c850}: 'double java.lang.invoke.DirectMethodHandle$Holder.invokeVirtual(java.lang.Object, java.lang.Object)'> (0x00000000c513c850) 
thrown [s\open\src\hotspot\share\interpreter\linkResolver.cpp, line 773]
Event: 37.629 Thread 0x0000026b3c0642b0 Exception <a 'java/lang/NoSuchMethodError'{0x00000000c5785438}: 'long java.lang.invoke.DirectMethodHandle$Holder.invokeStatic(java.lang.Object, java.lang.Object, int)'> (0x00000000c5785438) 
thrown [s\open\src\hotspot\share\interpreter\linkResolver.cpp, line 773]
Event: 37.631 Thread 0x0000026b3c0642b0 Exception <a 'java/lang/NoSuchMethodError'{0x00000000c578fe98}: 'java.lang.Object java.lang.invoke.DelegatingMethodHandle$Holder.reinvoke_L(java.lang.Object, int, int, long, java.lang.Object, long, long, long)'> (0x00000000c578fe98) 
thrown [s\open\src\hotspot\share\interpreter\linkResolver.cpp, line 773]
Event: 37.639 Thread 0x0000026b3c0642b0 Exception <a 'java/lang/NoSuchMethodError'{0x00000000c57b3628}: 'java.lang.Object java.lang.invoke.DelegatingMethodHandle$Holder.reinvoke_L(java.lang.Object, java.lang.Object, java.lang.Object, java.lang.Object, java.lang.Object, java.lang.Object, java.lang.Object, java.lang.Object, java.lang.Object, java.lang.Object, java.lang.Object, java.lang.Object, java.lang.Object, java.lang.Object, int, java.lang.Object, java.lang.Object, java.lang.Object, java.lang.Object, java.lang.Object, java.lang.Object, java.l
Event: 37.645 Thread 0x0000026b3c0642b0 Exception <a 'java/lang/NoSuchMethodError'{0x00000000c5601ad8}: 'java.lang.Object java.lang.invoke.DirectMethodHandle$Holder.invokeStatic(java.lang.Object, java.lang.Object, java.lang.Object, java.lang.Object, java.lang.Object, java.lang.Object, java.lang.Object, java.lang.Object, java.lang.Object, java.lang.Object, java.lang.Object, java.lang.Object, java.lang.Object)'> (0x00000000c5601ad8) 
thrown [s\open\src\hotspot\share\interpreter\linkResolver.cpp, line 773]
Event: 37.649 Thread 0x0000026b3c0642b0 Exception <a 'java/lang/NoSuchMethodError'{0x00000000c5622408}: 'java.lang.Object java.lang.invoke.DirectMethodHandle$Holder.invokeStatic(java.lang.Object, java.lang.Object, java.lang.Object, java.lang.Object, java.lang.Object, java.lang.Object, java.lang.Object, java.lang.Object, java.lang.Object, java.lang.Object, java.lang.Object, java.lang.Object, java.lang.Object, java.lang.Object)'> (0x00000000c5622408) 
thrown [s\open\src\hotspot\share\interpreter\linkResolver.cpp, line 773]
Event: 37.655 Thread 0x0000026b3c0642b0 Exception <a 'java/lang/NoSuchMethodError'{0x00000000c56380d8}: 'java.lang.Object java.lang.invoke.DelegatingMethodHandle$Holder.reinvoke_L(java.lang.Object, java.lang.Object, java.lang.Object, java.lang.Object, java.lang.Object, java.lang.Object, java.lang.Object, java.lang.Object, java.lang.Object, java.lang.Object, java.lang.Object, java.lang.Object, java.lang.Object, java.lang.Object, java.lang.Object, java.lang.Object, java.lang.Object, java.lang.Object, java.lang.Object, java.lang.Object, java.lang.O
Event: 37.831 Thread 0x0000026ba321cd70 Exception <a 'java/lang/NoSuchMethodError'{0x00000000c5224e30}: 'long java.lang.invoke.DelegatingMethodHandle$Holder.reinvoke_L(java.lang.Object, java.lang.Object)'> (0x00000000c5224e30) 
thrown [s\open\src\hotspot\share\interpreter\linkResolver.cpp, line 773]

ZGC Phase Switch (0 events):
No events

VM Operations (20 events):
Event: 36.405 Executing VM operation: HandshakeAllThreads (Deoptimize)
Event: 36.405 Executing VM operation: HandshakeAllThreads (Deoptimize) done
Event: 36.761 Executing VM operation: G1CollectForAllocation (G1 Evacuation Pause)
Event: 36.770 Executing VM operation: G1CollectForAllocation (G1 Evacuation Pause) done
Event: 37.140 Executing VM operation: HandshakeAllThreads (Deoptimize)
Event: 37.140 Executing VM operation: HandshakeAllThreads (Deoptimize) done
Event: 37.353 Executing VM operation: HandshakeAllThreads (Deoptimize)
Event: 37.353 Executing VM operation: HandshakeAllThreads (Deoptimize) done
Event: 38.361 Executing VM operation: Cleanup
Event: 38.361 Executing VM operation: Cleanup done
Event: 47.464 Executing VM operation: Cleanup
Event: 47.464 Executing VM operation: Cleanup done
Event: 60.375 Executing VM operation: HandshakeAllThreads (HandshakeForDeflation)
Event: 60.375 Executing VM operation: HandshakeAllThreads (HandshakeForDeflation) done
Event: 60.376 Executing VM operation: RendezvousGCThreads
Event: 60.376 Executing VM operation: RendezvousGCThreads done
Event: 67.454 Executing VM operation: Cleanup
Event: 67.454 Executing VM operation: Cleanup done
Event: 68.458 Executing VM operation: Cleanup
Event: 68.459 Executing VM operation: Cleanup done

Events (20 events):
Event: 36.725 Thread 0x0000026ba0558ce0 Thread added: 0x0000026ba0558ce0
Event: 37.689 Thread 0x0000026ba321c050 Thread added: 0x0000026ba321c050
Event: 37.693 Thread 0x0000026ba321c6e0 Thread added: 0x0000026ba321c6e0
Event: 37.700 Thread 0x0000026ba321cd70 Thread added: 0x0000026ba321cd70
Event: 37.757 Thread 0x0000026ba321da90 Thread added: 0x0000026ba321da90
Event: 37.758 Thread 0x0000026ba321d400 Thread added: 0x0000026ba321d400
Event: 37.758 Thread 0x0000026ba321e120 Thread added: 0x0000026ba321e120
Event: 37.758 Thread 0x0000026ba321b330 Thread added: 0x0000026ba321b330
Event: 37.759 Thread 0x0000026ba321b9c0 Thread added: 0x0000026ba321b9c0
Event: 37.759 Thread 0x0000026ba321e7b0 Thread added: 0x0000026ba321e7b0
Event: 37.759 Thread 0x0000026ba6225010 Thread added: 0x0000026ba6225010
Event: 37.759 Thread 0x0000026ba6227770 Thread added: 0x0000026ba6227770
Event: 37.759 Thread 0x0000026ba6226a50 Thread added: 0x0000026ba6226a50
Event: 37.759 Thread 0x0000026ba62256a0 Thread added: 0x0000026ba62256a0
Event: 37.815 Thread 0x0000026ba6225d30 Thread added: 0x0000026ba6225d30
Event: 37.818 Thread 0x0000026ba62270e0 Thread added: 0x0000026ba62270e0
Event: 37.893 Thread 0x0000026b3c0642b0 Thread exited: 0x0000026b3c0642b0
Event: 37.893 Thread 0x0000026ba62263c0 Thread added: 0x0000026ba62263c0
Event: 67.744 Thread 0x0000026ba6227e00 Thread added: 0x0000026ba6227e00
Event: 67.744 Thread 0x0000026ba6224980 Thread added: 0x0000026ba6224980


Dynamic libraries:
0x00007ff61f8b0000 - 0x00007ff61f8c0000 	C:\Program Files\Java\jdk-21\bin\javaw.exe
0x00007ffdb8070000 - 0x00007ffdb8287000 	C:\Windows\SYSTEM32\ntdll.dll
0x00007ffdb6640000 - 0x00007ffdb6704000 	C:\Windows\System32\KERNEL32.DLL
0x00007ffdb56b0000 - 0x00007ffdb5a67000 	C:\Windows\System32\KERNELBASE.dll
0x00007ffdb5be0000 - 0x00007ffdb5cf1000 	C:\Windows\System32\ucrtbase.dll
0x00007ffda4bb0000 - 0x00007ffda4bc9000 	C:\Program Files\Java\jdk-21\bin\jli.dll
0x00007ffdb6040000 - 0x00007ffdb60f2000 	C:\Windows\System32\ADVAPI32.dll
0x00007ffdb6590000 - 0x00007ffdb6637000 	C:\Windows\System32\msvcrt.dll
0x00007ffdb6f80000 - 0x00007ffdb7028000 	C:\Windows\System32\sechost.dll
0x00007ffdb5400000 - 0x00007ffdb5428000 	C:\Windows\System32\bcrypt.dll
0x00007ffdb7260000 - 0x00007ffdb7374000 	C:\Windows\System32\RPCRT4.dll
0x00007ffdb7e00000 - 0x00007ffdb7faf000 	C:\Windows\System32\USER32.dll
0x00007ffdb5430000 - 0x00007ffdb5456000 	C:\Windows\System32\win32u.dll
0x00007ffda3a10000 - 0x00007ffda3a2b000 	C:\Program Files\Java\jdk-21\bin\VCRUNTIME140.dll
0x00007ffdb7380000 - 0x00007ffdb73a9000 	C:\Windows\System32\GDI32.dll
0x00007ffda3a80000 - 0x00007ffda3d13000 	C:\Windows\WinSxS\amd64_microsoft.windows.common-controls_6595b64144ccf1df_6.0.22621.3672_none_2713b9d173822955\COMCTL32.dll
0x00007ffdb54d0000 - 0x00007ffdb55e8000 	C:\Windows\System32\gdi32full.dll
0x00007ffdb5d00000 - 0x00007ffdb5d9a000 	C:\Windows\System32\msvcp_win.dll
0x00007ffdb0df0000 - 0x00007ffdb0dfa000 	C:\Windows\SYSTEM32\VERSION.dll
0x00007ffdb5da0000 - 0x00007ffdb5dd1000 	C:\Windows\System32\IMM32.DLL
0x00007ffdb0b80000 - 0x00007ffdb0b8c000 	C:\Program Files\Java\jdk-21\bin\vcruntime140_1.dll
0x00007ffd41210000 - 0x00007ffd4129e000 	C:\Program Files\Java\jdk-21\bin\msvcp140.dll
0x00007ffd39c80000 - 0x00007ffd3a995000 	C:\Program Files\Java\jdk-21\bin\server\jvm.dll
0x00007ffdb7fb0000 - 0x00007ffdb8021000 	C:\Windows\System32\WS2_32.dll
0x00007ffdb50a0000 - 0x00007ffdb50ed000 	C:\Windows\SYSTEM32\POWRPROF.dll
0x00007ffdb00e0000 - 0x00007ffdb0114000 	C:\Windows\SYSTEM32\WINMM.dll
0x00007ffdb5080000 - 0x00007ffdb5093000 	C:\Windows\SYSTEM32\UMPDC.dll
0x00007ffdb4390000 - 0x00007ffdb43a8000 	C:\Windows\SYSTEM32\kernel.appcore.dll
0x00007ffdb0ab0000 - 0x00007ffdb0aba000 	C:\Program Files\Java\jdk-21\bin\jimage.dll
0x00007ffdb2930000 - 0x00007ffdb2b62000 	C:\Windows\SYSTEM32\DBGHELP.DLL
0x00007ffdb7430000 - 0x00007ffdb77be000 	C:\Windows\System32\combase.dll
0x00007ffdb6180000 - 0x00007ffdb6257000 	C:\Windows\System32\OLEAUT32.dll
0x00007ffda1f90000 - 0x00007ffda1fc2000 	C:\Windows\SYSTEM32\dbgcore.DLL
0x00007ffdb5380000 - 0x00007ffdb53fb000 	C:\Windows\System32\bcryptPrimitives.dll
0x00007ffd90900000 - 0x00007ffd9091f000 	C:\Program Files\Java\jdk-21\bin\java.dll
0x00007ffdb6710000 - 0x00007ffdb6f79000 	C:\Windows\System32\SHELL32.dll
0x00007ffdb32a0000 - 0x00007ffdb3b9f000 	C:\Windows\SYSTEM32\windows.storage.dll
0x00007ffdb3160000 - 0x00007ffdb329f000 	C:\Windows\SYSTEM32\wintypes.dll
0x00007ffdb5f40000 - 0x00007ffdb6039000 	C:\Windows\System32\SHCORE.dll
0x00007ffdb7200000 - 0x00007ffdb725e000 	C:\Windows\System32\shlwapi.dll
0x00007ffdb52b0000 - 0x00007ffdb52d7000 	C:\Windows\SYSTEM32\profapi.dll
0x00007ffd41130000 - 0x00007ffd41207000 	C:\Program Files\Java\jdk-21\bin\jsvml.dll
0x00007ffdad480000 - 0x00007ffdad490000 	C:\Program Files\Java\jdk-21\bin\net.dll
0x00007ffdb1610000 - 0x00007ffdb1746000 	C:\Windows\SYSTEM32\WINHTTP.dll
0x00007ffdb4800000 - 0x00007ffdb4869000 	C:\Windows\system32\mswsock.dll
0x00007ffd899d0000 - 0x00007ffd899e6000 	C:\Program Files\Java\jdk-21\bin\nio.dll
0x00007ffd898d0000 - 0x00007ffd898e8000 	C:\Program Files\Java\jdk-21\bin\zip.dll
0x00007ffdb3e00000 - 0x00007ffdb3e2d000 	C:\Windows\SYSTEM32\IPHLPAPI.DLL
0x00007ffdb77c0000 - 0x00007ffdb77c9000 	C:\Windows\System32\NSI.dll
0x00007ffdb3e70000 - 0x00007ffdb3f72000 	C:\Windows\SYSTEM32\DNSAPI.dll
0x00007ffdada30000 - 0x00007ffdada3a000 	C:\Windows\System32\rasadhlp.dll
0x00007ffdb0750000 - 0x00007ffdb07d3000 	C:\Windows\System32\fwpuclnt.dll
0x00007ffdace50000 - 0x00007ffdace5e000 	C:\Program Files\Java\jdk-21\bin\sunmscapi.dll
0x00007ffdb5a70000 - 0x00007ffdb5bd6000 	C:\Windows\System32\CRYPT32.dll
0x00007ffdb4c50000 - 0x00007ffdb4c7d000 	C:\Windows\SYSTEM32\ncrypt.dll
0x00007ffdb4c10000 - 0x00007ffdb4c47000 	C:\Windows\SYSTEM32\NTASN1.dll
0x00007ffdb4a40000 - 0x00007ffdb4a5b000 	C:\Windows\SYSTEM32\CRYPTSP.dll
0x00007ffdb42f0000 - 0x00007ffdb4325000 	C:\Windows\system32\rsaenh.dll
0x00007ffdb48d0000 - 0x00007ffdb48f8000 	C:\Windows\SYSTEM32\USERENV.dll
0x00007ffdb4a60000 - 0x00007ffdb4a6c000 	C:\Windows\SYSTEM32\CRYPTBASE.dll
0x00007ffdac810000 - 0x00007ffdac81a000 	C:\Program Files\Java\jdk-21\bin\management.dll
0x00007ffda7130000 - 0x00007ffda713b000 	C:\Program Files\Java\jdk-21\bin\management_ext.dll
0x00007ffdb6170000 - 0x00007ffdb6178000 	C:\Windows\System32\PSAPI.DLL
0x00007ffda5a80000 - 0x00007ffda5a90000 	C:\Program Files\Java\jdk-21\bin\verify.dll
0x00007ffdad080000 - 0x00007ffdad087000 	C:\Program Files\Java\jdk-21\bin\extnet.dll
0x00007ffd585b0000 - 0x00007ffd585b8000 	C:\Windows\system32\wshunix.dll

dbghelp: loaded successfully - version: 4.0.5 - missing functions: none
symbol engine: initialized successfully - sym options: 0x614 - pdb path: .;C:\Program Files\Java\jdk-21\bin;C:\Windows\SYSTEM32;C:\Windows\WinSxS\amd64_microsoft.windows.common-controls_6595b64144ccf1df_6.0.22621.3672_none_2713b9d173822955;C:\Program Files\Java\jdk-21\bin\server

VM Arguments:
jvm_args: -Dfile.encoding=UTF-8 -Dstdout.encoding=UTF-8 -Dstderr.encoding=UTF-8 -XX:+ShowCodeDetailsInExceptionMessages 
java_command: com.CourierManagement.DeliveryService.DeliveryServiceApplication
java_class_path (initial): D:\Courier_Management_System\DeliveryService\target\classes;C:\Users\DELL\.m2\repository\org\springframework\boot\spring-boot-starter-web\3.3.5\spring-boot-starter-web-3.3.5.jar;C:\Users\DELL\.m2\repository\org\springframework\boot\spring-boot-starter\3.3.5\spring-boot-starter-3.3.5.jar;C:\Users\DELL\.m2\repository\org\springframework\boot\spring-boot\3.3.5\spring-boot-3.3.5.jar;C:\Users\DELL\.m2\repository\org\springframework\boot\spring-boot-autoconfigure\3.3.5\spring-boot-autoconfigure-3.3.5.jar;C:\Users\DELL\.m2\repository\org\springframework\boot\spring-boot-starter-logging\3.3.5\spring-boot-starter-logging-3.3.5.jar;C:\Users\DELL\.m2\repository\ch\qos\logback\logback-classic\1.5.11\logback-classic-1.5.11.jar;C:\Users\DELL\.m2\repository\ch\qos\logback\logback-core\1.5.11\logback-core-1.5.11.jar;C:\Users\DELL\.m2\repository\org\apache\logging\log4j\log4j-to-slf4j\2.23.1\log4j-to-slf4j-2.23.1.jar;C:\Users\DELL\.m2\repository\org\apache\logging\log4j\log4j-api\2.23.1\log4j-api-2.23.1.jar;C:\Users\DELL\.m2\repository\org\slf4j\jul-to-slf4j\2.0.16\jul-to-slf4j-2.0.16.jar;C:\Users\DELL\.m2\repository\jakarta\annotation\jakarta.annotation-api\2.1.1\jakarta.annotation-api-2.1.1.jar;C:\Users\DELL\.m2\repository\org\yaml\snakeyaml\2.2\snakeyaml-2.2.jar;C:\Users\DELL\.m2\repository\org\springframework\boot\spring-boot-starter-json\3.3.5\spring-boot-starter-json-3.3.5.jar;C:\Users\DELL\.m2\repository\com\fasterxml\jackson\datatype\jackson-datatype-jdk8\2.17.2\jackson-datatype-jdk8-2.17.2.jar;C:\Users\DELL\.m2\repository\com\fasterxml\jackson\datatype\jackson-datatype-jsr310\2.17.2\jackson-datatype-jsr310-2.17.2.jar;C:\Users\DELL\.m2\repository\com\fasterxml\jackson\module\jackson-module-parameter-names\2.17.2\jackson-module-parameter-names-2.17.2.jar;C:\Users\DELL\.m2\repository\org\springframework\boot\spring-boot-starter-tomcat\3.3.5\spring-boot-starter-tomcat-3.3.5.jar;C:\Users\DELL\.m2\repository\org\apache\tomcat\embed\tomcat-embed-core\10.1.31\tomcat-embed-core-10.1.31.jar;C:\Users\DELL\.m2\repository\org\apache\tomcat\embed\tomcat-embed-websocket\10.1.31\tomcat-embed-websocket-10.1.31.jar;C:\Users\DELL\.m2\repository\org\springframework\spring-web\6.1.14\spring-web-6.1.14.jar;C:\Users\DELL\.m2\repository\org\springframework\spring-beans\6.1.14\spring-beans-6.1.14.jar;C:\Users\DELL\.m2\repository\io\micrometer\micrometer-observation\1.13.6\micrometer-observation-1.13.6.jar;C:\Users\DELL\.m2\repository\io\micrometer\micrometer-commons\1.13.6\micrometer-commons-1.13.6.jar;C:\Users\DELL\.m2\repository\org\springframework\spring-webmvc\6.1.14\spring-webmvc-6.1.14.jar;C:\Users\DELL\.m2\repository\org\springframework\spring-context\6.1.14\spring-context-6.1.14.jar;C:\Users\DELL\.m2\repository\org\springframework\spring-expression\6.1.14\spring-expression-6.1.14.jar;C:\Users\DELL\.m2\repository\org\springframework\boot\spring-boot-starter-data-jpa\3.3.5\spring-boot-starter-data-jpa-3.3.5.jar;C:\Users\DELL\.m2\repository\org\springframework\boot\spring-boot-starter-aop\3.3.5\spring-boot-starter-aop-3.3.5.jar;C:\Users\DELL\.m2\repository\org\aspectj\aspectjweaver\1.9.22.1\aspectjweaver-1.9.22.1.jar;C:\Users\DELL\.m2\repository\org\springframework\boot\spring-boot-starter-jdbc\3.3.5\spring-boot-starter-jdbc-3.3.5.jar;C:\Users\DELL\.m2\repository\com\zaxxer\HikariCP\5.1.0\HikariCP-5.1.0.jar;C:\Users\DELL\.m2\repository\org\springframework\spring-jdbc\6.1.14\spring-jdbc-6.1.14.jar;C:\Users\DELL\.m2\repository\org\hibernate\orm\hibernate-core\6.5.3.Final\hibernate-core-6.5.3.Final.jar;C:\Users\DELL\.m2\repository\jakarta\persistence\jakarta.persistence-api\3.1.0\jakarta.persistence-api-3.1.0.jar;C:\Users\DELL\.m2\repository\jakarta\transaction\jakarta.transaction-api\2.0.1\jakarta.transaction-api-2.0.1.jar;C:\Users\DELL\.m2\repository\org\jboss\logging\jboss-logging\3.5.3.Final\jboss-logging-3.5.3.Final.jar;C:\Users\DELL\.m2\repository\org\hibernate\common\hibernate-commons-annotations\6.0.6.Final\hibernate-commons-annotations-6.0.6.Final.jar;C:\Users\DELL\.m2\repository\io\smallrye\jandex\3.1.2\jandex-3.1.2.jar;C:\Users\DELL\.m2\repository\com\fasterxml\classmate\1.7.0\classmate-1.7.0.jar;C:\Users\DELL\.m2\repository\net\bytebuddy\byte-buddy\1.14.19\byte-buddy-1.14.19.jar;C:\Users\DELL\.m2\repository\org\glassfish\jaxb\jaxb-runtime\4.0.5\jaxb-runtime-4.0.5.jar;C:\Users\DELL\.m2\repository\org\glassfish\jaxb\jaxb-core\4.0.5\jaxb-core-4.0.5.jar;C:\Users\DELL\.m2\repository\org\eclipse\angus\angus-activation\2.0.2\angus-activation-2.0.2.jar;C:\Users\DELL\.m2\repository\org\glassfish\jaxb\txw2\4.0.5\txw2-4.0.5.jar;C:\Users\DELL\.m2\repository\com\sun\istack\istack-commons-runtime\4.1.2\istack-commons-runtime-4.1.2.jar;C:\Users\DELL\.m2\repository\jakarta\inject\jakarta.inject-api\2.0.1\jakarta.inject-api-2.0.1.jar;C:\Users\DELL\.m2\repository\org\antlr\antlr4-runtime\4.13.0\antlr4-runtime-4.13.0.jar;C:\Users\DELL\.m2\repository\org\springframework\data\spring-data-jpa\3.3.5\spring-data-jpa-3.3.5.jar;C:\Users\DELL\.m2\repository\org\springframework\data\spring-data-commons\3.3.5\spring-data-commons-3.3.5.jar;C:\Users\DELL\.m2\repository\org\springframework\spring-orm\6.1.14\spring-orm-6.1.14.jar;C:\Users\DELL\.m2\repository\org\springframework\spring-tx\6.1.14\spring-tx-6.1.14.jar;C:\Users\DELL\.m2\repository\org\springframework\spring-aspects\6.1.14\spring-aspects-6.1.14.jar;C:\Users\DELL\.m2\repository\org\springframework\boot\spring-boot-starter-security\3.3.5\spring-boot-starter-security-3.3.5.jar;C:\Users\DELL\.m2\repository\org\springframework\spring-aop\6.1.14\spring-aop-6.1.14.jar;C:\Users\DELL\.m2\repository\org\springframework\security\spring-security-config\6.3.4\spring-security-config-6.3.4.jar;C:\Users\DELL\.m2\repository\org\springframework\security\spring-security-web\6.3.4\spring-security-web-6.3.4.jar;C:\Users\DELL\.m2\repository\org\springframework\boot\spring-boot-starter-validation\3.3.5\spring-boot-starter-validation-3.3.5.jar;C:\Users\DELL\.m2\repository\org\apache\tomcat\embed\tomcat-embed-el\10.1.31\tomcat-embed-el-10.1.31.jar;C:\Users\DELL\.m2\repository\org\hibernate\validator\hibernate-validator\8.0.1.Final\hibernate-validator-8.0.1.Final.jar;C:\Users\DELL\.m2\repository\jakarta\validation\jakarta.validation-api\3.0.2\jakarta.validation-api-3.0.2.jar;C:\Users\DELL\.m2\repository\org\springframework\boot\spring-boot-starter-amqp\3.3.5\spring-boot-starter-amqp-3.3.5.jar;C:\Users\DELL\.m2\repository\org\springframework\spring-messaging\6.1.14\spring-messaging-6.1.14.jar;C:\Users\DELL\.m2\repository\org\springframework\amqp\spring-rabbit\3.1.7\spring-rabbit-3.1.7.jar;C:\Users\DELL\.m2\repository\org\springframework\amqp\spring-amqp\3.1.7\spring-amqp-3.1.7.jar;C:\Users\DELL\.m2\repository\org\springframework\retry\spring-retry\2.0.10\spring-retry-2.0.10.jar;C:\Users\DELL\.m2\repository\com\rabbitmq\amqp-client\5.21.0\amqp-client-5.21.0.jar;C:\Users\DELL\.m2\repository\org\springframework\cloud\spring-cloud-starter-netflix-eureka-client\4.1.5\spring-cloud-starter-netflix-eureka-client-4.1.5.jar;C:\Users\DELL\.m2\repository\org\springframework\cloud\spring-cloud-starter\4.1.5\spring-cloud-starter-4.1.5.jar;C:\Users\DELL\.m2\repository\org\springframework\cloud\spring-cloud-context\4.1.5\spring-cloud-context-4.1.5.jar;C:\Users\DELL\.m2\repository\org\springframework\security\spring-security-rsa\1.1.3\spring-security-rsa-1.1.3.jar;C:\Users\DELL\.m2\repository\org\bouncycastle\bcprov-jdk18on\1.78\bcprov-jdk18on-1.78.jar;C:\Users\DELL\.m2\repository\org\springframework\cloud\spring-cloud-netflix-eureka-client\4.1.5\spring-cloud-netflix-eureka-client-4.1.5.jar;C:\Users\DELL\.m2\repository\org\apache\httpcomponents\client5\httpclient5\5.3.1\httpclient5-5.3.1.jar;C:\Users\DELL\.m2\repository\org\apache\httpcomponents\core5\httpcore5\5.2.5\httpcore5-5.2.5.jar;C:\Users\DELL\.m2\repository\org\apache\httpcomponents\core5\httpcore5-h2\5.2.5\httpcore5-h2-5.2.5.jar;C:\Users\DELL\.m2\repository\com\netflix\eureka\eureka-client\2.0.4\eureka-client-2.0.4.jar;C:\Users\DELL\.m2\repository\com\thoughtworks\xstream\xstream\1.4.20\xstream-1.4.20.jar;C:\Users\DELL\.m2\repository\io\github\x-stream\mxparser\1.2.2\mxparser-1.2.2.jar;C:\Users\DELL\.m2\repository\xmlpull\xmlpull\1.1.3.1\xmlpull-1.1.3.1.jar;C:\Users\DELL\.m2\repository\jakarta\ws\rs\jakarta.ws.rs-api\3.1.0\jakarta.ws.rs-api-3.1.0.jar;C:\Users\DELL\.m2\repository\com\netflix\spectator\spectator-api\1.7.3\spectator-api-1.7.3.jar;C:\Users\DELL\.m2\repository\org\apache\httpcomponents\httpclient\4.5.3\httpclient-4.5.3.jar;C:\Users\DELL\.m2\repository\org\apache\httpcomponents\httpcore\4.4.16\httpcore-4.4.16.jar;C:\Users\DELL\.m2\repository\commons-codec\commons-codec\1.16.1\commons-codec-1.16.1.jar;C:\Users\DELL\.m2\repository\commons-configuration\commons-configuration\1.10\commons-configuration-1.10.jar;C:\Users\DELL\.m2\repository\commons-lang\commons-lang\2.6\commons-lang-2.6.jar;C:\Users\DELL\.m2\repository\com\fasterxml\jackson\core\jackson-annotations\2.17.2\jackson-annotations-2.17.2.jar;C:\Users\DELL\.m2\repository\com\fasterxml\jackson\core\jackson-core\2.17.2\jackson-core-2.17.2.jar;C:\Users\DELL\.m2\repository\com\netflix\netflix-commons\netflix-eventbus\0.3.0\netflix-eventbus-0.3.0.jar;C:\Users\DELL\.m2\repository\com\netflix\netflix-commons\netflix-infix\0.3.0\netflix-infix-0.3.0.jar;C:\Users\DELL\.m2\repository\commons-jxpath\commons-jxpath\1.3\commons-jxpath-1.3.jar;C:\Users\DELL\.m2\repository\joda-time\joda-time\2.3\joda-time-2.3.jar;C:\Users\DELL\.m2\repository\org\antlr\antlr-runtime\3.4\antlr-runtime-3.4.jar;C:\Users\DELL\.m2\repository\org\antlr\stringtemplate\3.2.1\stringtemplate-3.2.1.jar;C:\Users\DELL\.m2\repository\antlr\antlr\2.7.7\antlr-2.7.7.jar;C:\Users\DELL\.m2\repository\com\google\code\gson\gson\2.10.1\gson-2.10.1.jar;C:\Users\DELL\.m2\repository\com\netflix\servo\servo-core\0.5.3\servo-core-0.5.3.jar;C:\Users\DELL\.m2\repository\org\apache\commons\commons-math\2.2\commons-math-2.2.jar;C:\Users\DELL\.m2\repository\javax\annotation\javax.annotation-api\1.2\javax.annotation-api-1.2.jar;C:\Users\DELL\.m2\repository\org\codehaus\jettison\jettison\1.5.4\jettison-1.5.4.jar;C:\Users\DELL\.m2\repository\com\netflix\eureka\eureka-core\2.0.4\eureka-core-2.0.4.jar;C:\Users\DELL\.m2\repository\com\fasterxml\woodstox\woodstox-core\6.4.0\woodstox-core-6.4.0.jar;C:\Users\DELL\.m2\repository\org\codehaus\woodstox\stax2-api\4.2.1\stax2-api-4.2.1.jar;C:\Users\DELL\.m2\repository\com\google\guava\guava\33.0.0-jre\guava-33.0.0-jre.jar;C:\Users\DELL\.m2\repository\com\google\guava\failureaccess\1.0.2\failureaccess-1.0.2.jar;C:\Users\DELL\.m2\repository\com\google\guava\listenablefuture\9999.0-empty-to-avoid-conflict-with-guava\listenablefuture-9999.0-empty-to-avoid-conflict-with-guava.jar;C:\Users\DELL\.m2\repository\org\checkerframework\checker-qual\3.41.0\checker-qual-3.41.0.jar;C:\Users\DELL\.m2\repository\com\google\errorprone\error_prone_annotations\2.23.0\error_prone_annotations-2.23.0.jar;C:\Users\DELL\.m2\repository\com\google\j2objc\j2objc-annotations\2.8\j2objc-annotations-2.8.jar;C:\Users\DELL\.m2\repository\org\springframework\cloud\spring-cloud-starter-loadbalancer\4.1.5\spring-cloud-starter-loadbalancer-4.1.5.jar;C:\Users\DELL\.m2\repository\org\springframework\cloud\spring-cloud-loadbalancer\4.1.5\spring-cloud-loadbalancer-4.1.5.jar;C:\Users\DELL\.m2\repository\io\projectreactor\reactor-core\3.6.11\reactor-core-3.6.11.jar;C:\Users\DELL\.m2\repository\org\reactivestreams\reactive-streams\1.0.4\reactive-streams-1.0.4.jar;C:\Users\DELL\.m2\repository\io\projectreactor\addons\reactor-extra\3.5.2\reactor-extra-3.5.2.jar;C:\Users\DELL\.m2\repository\org\springframework\boot\spring-boot-starter-cache\3.3.5\spring-boot-starter-cache-3.3.5.jar;C:\Users\DELL\.m2\repository\org\springframework\spring-context-support\6.1.14\spring-context-support-6.1.14.jar;C:\Users\DELL\.m2\repository\com\stoyanr\evictor\1.0.0\evictor-1.0.0.jar;C:\Users\DELL\.m2\repository\org\springframework\cloud\spring-cloud-starter-openfeign\4.1.4\spring-cloud-starter-openfeign-4.1.4.jar;C:\Users\DELL\.m2\repository\org\springframework\cloud\spring-cloud-openfeign-core\4.1.4\spring-cloud-openfeign-core-4.1.4.jar;C:\Users\DELL\.m2\repository\io\github\openfeign\feign-form-spring\13.5\feign-form-spring-13.5.jar;C:\Users\DELL\.m2\repository\io\github\openfeign\feign-form\13.5\feign-form-13.5.jar;C:\Users\DELL\.m2\repository\commons-fileupload\commons-fileupload\1.5\commons-fileupload-1.5.jar;C:\Users\DELL\.m2\repository\commons-io\commons-io\2.11.0\commons-io-2.11.0.jar;C:\Users\DELL\.m2\repository\org\springframework\cloud\spring-cloud-commons\4.1.5\spring-cloud-commons-4.1.5.jar;C:\Users\DELL\.m2\repository\org\springframework\security\spring-security-crypto\6.3.4\spring-security-crypto-6.3.4.jar;C:\Users\DELL\.m2\repository\io\github\openfeign\feign-core\13.5\feign-core-13.5.jar;C:\Users\DELL\.m2\repository\io\github\openfeign\feign-slf4j\13.5\feign-slf4j-13.5.jar;C:\Users\DELL\.m2\repository\io\micrometer\micrometer-tracing-bridge-brave\1.3.5\micrometer-tracing-bridge-brave-1.3.5.jar;C:\Users\DELL\.m2\repository\io\micrometer\micrometer-tracing\1.3.5\micrometer-tracing-1.3.5.jar;C:\Users\DELL\.m2\repository\io\micrometer\context-propagation\1.1.2\context-propagation-1.1.2.jar;C:\Users\DELL\.m2\repository\aopalliance\aopalliance\1.0\aopalliance-1.0.jar;C:\Users\DELL\.m2\repository\org\slf4j\slf4j-api\2.0.16\slf4j-api-2.0.16.jar;C:\Users\DELL\.m2\repository\io\zipkin\brave\brave\6.0.3\brave-6.0.3.jar;C:\Users\DELL\.m2\repository\io\zipkin\brave\brave-context-slf4j\6.0.3\brave-context-slf4j-6.0.3.jar;C:\Users\DELL\.m2\repository\io\zipkin\brave\brave-instrumentation-http\6.0.3\brave-instrumentation-http-6.0.3.jar;C:\Users\DELL\.m2\repository\io\zipkin\aws\brave-propagation-aws\1.2.5\brave-propagation-aws-1.2.5.jar;C:\Users\DELL\.m2\repository\io\zipkin\contrib\brave-propagation-w3c\brave-propagation-tracecontext\0.2.0\brave-propagation-tracecontext-0.2.0.jar;C:\Users\DELL\.m2\repository\io\zipkin\reporter2\zipkin-reporter-brave\3.4.2\zipkin-reporter-brave-3.4.2.jar;C:\Users\DELL\.m2\repository\io\zipkin\reporter2\zipkin-reporter\3.4.2\zipkin-reporter-3.4.2.jar;C:\Users\DELL\.m2\repository\org\springdoc\springdoc-openapi-starter-webmvc-ui\2.3.0\springdoc-openapi-starter-webmvc-ui-2.3.0.jar;C:\Users\DELL\.m2\repository\org\springdoc\springdoc-openapi-starter-webmvc-api\2.3.0\springdoc-openapi-starter-webmvc-api-2.3.0.jar;C:\Users\DELL\.m2\repository\org\springdoc\springdoc-openapi-starter-common\2.3.0\springdoc-openapi-starter-common-2.3.0.jar;C:\Users\DELL\.m2\repository\io\swagger\core\v3\swagger-core-jakarta\2.2.19\swagger-core-jakarta-2.2.19.jar;C:\Users\DELL\.m2\repository\org\apache\commons\commons-lang3\3.14.0\commons-lang3-3.14.0.jar;C:\Users\DELL\.m2\repository\io\swagger\core\v3\swagger-annotations-jakarta\2.2.19\swagger-annotations-jakarta-2.2.19.jar;C:\Users\DELL\.m2\repository\io\swagger\core\v3\swagger-models-jakarta\2.2.19\swagger-models-jakarta-2.2.19.jar;C:\Users\DELL\.m2\repository\com\fasterxml\jackson\dataformat\jackson-dataformat-yaml\2.17.2\jackson-dataformat-yaml-2.17.2.jar;C:\Users\DELL\.m2\repository\org\webjars\swagger-ui\5.10.3\swagger-ui-5.10.3.jar;C:\Users\DELL\.m2\repository\com\mysql\mysql-connector-j\8.3.0\mysql-connector-j-8.3.0.jar;C:\Users\DELL\.m2\repository\org\projectlombok\lombok\1.18.34\lombok-1.18.34.jar;C:\Users\DELL\.m2\repository\io\jsonwebtoken\jjwt-api\0.11.5\jjwt-api-0.11.5.jar;C:\Users\DELL\.m2\repository\io\jsonwebtoken\jjwt-impl\0.11.5\jjwt-impl-0.11.5.jar;C:\Users\DELL\.m2\repository\io\jsonwebtoken\jjwt-jackson\0.11.5\jjwt-jackson-0.11.5.jar;C:\Users\DELL\.m2\repository\com\fasterxml\jackson\core\jackson-databind\2.17.2\jackson-databind-2.17.2.jar;C:\Users\DELL\.m2\repository\jakarta\xml\bind\jakarta.xml.bind-api\4.0.2\jakarta.xml.bind-api-4.0.2.jar;C:\Users\DELL\.m2\repository\jakarta\activation\jakarta.activation-api\2.1.3\jakarta.activation-api-2.1.3.jar;C:\Users\DELL\.m2\repository\org\springframework\spring-core\6.1.14\spring-core-6.1.14.jar;C:\Users\DELL\.m2\repository\org\springframework\spring-jcl\6.1.14\spring-jcl-6.1.14.jar;C:\Users\DELL\.m2\repository\org\springframework\security\spring-security-core\6.3.4\spring-security-core-6.3.4.jar
Launcher Type: SUN_STANDARD

[Global flags]
     intx CICompilerCount                          = 4                                         {product} {ergonomic}
     uint ConcGCThreads                            = 2                                         {product} {ergonomic}
     uint G1ConcRefinementThreads                  = 8                                         {product} {ergonomic}
   size_t G1HeapRegionSize                         = 1048576                                   {product} {ergonomic}
    uintx GCDrainStackTargetSize                   = 64                                        {product} {ergonomic}
   size_t InitialHeapSize                          = 67108864                                  {product} {ergonomic}
   size_t MarkStackSize                            = 4194304                                   {product} {ergonomic}
   size_t MaxHeapSize                              = 1042284544                                {product} {ergonomic}
   size_t MaxNewSize                               = 624951296                                 {product} {ergonomic}
   size_t MinHeapDeltaBytes                        = 1048576                                   {product} {ergonomic}
   size_t MinHeapSize                              = 8388608                                   {product} {ergonomic}
    uintx NonNMethodCodeHeapSize                   = 5839372                                {pd product} {ergonomic}
    uintx NonProfiledCodeHeapSize                  = 122909434                              {pd product} {ergonomic}
    uintx ProfiledCodeHeapSize                     = 122909434                              {pd product} {ergonomic}
    uintx ReservedCodeCacheSize                    = 251658240                              {pd product} {ergonomic}
     bool SegmentedCodeCache                       = true                                      {product} {ergonomic}
     bool ShowCodeDetailsInExceptionMessages       = true                                   {manageable} {command line}
   size_t SoftMaxHeapSize                          = 1042284544                             {manageable} {ergonomic}
     bool UseCompressedOops                        = true                           {product lp64_product} {ergonomic}
     bool UseG1GC                                  = true                                      {product} {ergonomic}
     bool UseLargePagesIndividualAllocation        = false                                  {pd product} {ergonomic}

Logging:
Log output configuration:
 #0: stdout all=warning uptime,level,tags foldmultilines=false
 #1: stderr all=off uptime,level,tags foldmultilines=false

Environment Variables:
JAVA_HOME=C:\Program Files\Java\jdk-21
PATH=C:/Program Files/Java/jdk-21/bin/server;C:/Program Files/Java/jdk-21/bin;D:\oracle\product\10.2.0\db_1\bin;C:\Program Files\Smart Projects\IsoBuster;C:\oraclexe\app\oracle\product\11.2.0\server\bin;C:\Windows\system32;C:\Windows;C:\Windows\System32\Wbem;C:\Windows\System32\WindowsPowerShell\v1.0\;C:\Windows\System32\OpenSSH\;C:\Program Files\Git\cmd;C:\composer;C:\Program Files\Git\bin;C:\Program Files\nodejs\;C:\Program Files (x86)\Microsoft SQL Server\160\Tools\Binn\;C:\Program Files\Microsoft SQL Server\160\Tools\Binn\;C:\Program Files\Microsoft SQL Server\Client SDK\ODBC\170\Tools\Binn\;C:\Program Files\Microsoft SQL Server\160\DTS\Binn\;C:\Program Files\Java\jdk-21\bin;C:\Program Files\MySQL\MySQL Server 8.0\bin;C:\Program Files\Erlang OTP\bin;C:\Program Files\Docker\Docker\resources\bin;C:\Program Files\Java\jdk-21\bin;C:\apache-maven-3.9.14\bin;C:\Program Files\MySQL\MySQL Shell 8.0\bin\;C:\Users\DELL\AppData\Local\Programs\Python\Python313\Scripts\;C:\Users\DELL\AppData\Local\Programs\Python\Python313\;C:\Users\DELL\AppData\Local\Programs\Python\Python311\Scripts\;C:\Users\DELL\AppData\Local\Programs\Python\Python311\;C:\Users\DELL\AppData\Local\Microsoft\WindowsApps;C:\Users\DELL\AppData\Local\Programs\Microsoft VS Code\bin;C:\MinGW\bin;C:\xampp\php;C:\Users\DELL\composer;C:\Users\DELL\AppData\Roaming\Composer\vendor\bin;C:\Users\DELL\AppData\Roaming\npm;C:\Users\DELL\AppData\Local\Programs\Antigravity\bin;C:\Users\DELL\AppData\Local\Programs\cursor\resources\app\bin;C:\Windows\system32;
USERNAME=DELL
OS=Windows_NT
PROCESSOR_IDENTIFIER=Intel64 Family 6 Model 142 Stepping 12, GenuineIntel
TMP=C:\Users\DELL\AppData\Local\Temp
TEMP=C:\Users\DELL\AppData\Local\Temp




Periodic native trim disabled

---------------  S Y S T E M  ---------------

OS:
 Windows 11 , 64 bit Build 22621 (10.0.22621.3958)
OS uptime: 0 days 13:42 hours
Hyper-V role detected

CPU: total 8 (initial active 8) (4 cores per cpu, 2 threads per core) family 6 model 142 stepping 12 microcode 0xf8, cx8, cmov, fxsr, ht, mmx, 3dnowpref, sse, sse2, sse3, ssse3, sse4.1, sse4.2, popcnt, lzcnt, tsc, tscinvbit, avx, avx2, aes, erms, clmul, bmi1, bmi2, adx, fma, vzeroupper, clflush, clflushopt, hv, rdtscp, f16c
Processor Information for all 8 processors :
  Max Mhz: 1800, Current Mhz: 1600, Mhz Limit: 1584

Memory: 4k page, system-wide physical 3971M (250M free)
TotalPageFile size 16259M (AvailPageFile size 342M)
current process WorkingSet (physical memory assigned to process): 83M, peak: 288M
current process commit charge ("private bytes"): 319M, peak: 358M

vm_info: Java HotSpot(TM) 64-Bit Server VM (21.0.1+12-LTS-29) for windows-amd64 JRE (21.0.1+12-LTS-29), built on 2023-10-05T13:27:09Z by "mach5one" with MS VC++ 17.1 (VS2022)

END.
