#
# There is insufficient memory for the Java Runtime Environment to continue.
# Native memory allocation (malloc) failed to allocate 1020656 bytes for Chunk::new
# Possible reasons:
#   The system is out of physical RAM or swap space
#   The process is running with CompressedOops enabled, and the Java Heap may be blocking the growth of the native heap
# Possible solutions:
#   Reduce memory load on the system
#   Increase physical memory or swap space
#   Check if swap backing store is full
#   Decrease Java heap size (-Xmx/-Xms)
#   Decrease number of Java threads
#   Decrease Java thread stack sizes (-Xss)
#   Set larger code cache with -XX:ReservedCodeCacheSize=
#   JVM is running with Unscaled Compressed Oops mode in which the Java heap is
#     placed in the first 4GB address space. The Java Heap base address is the
#     maximum limit for the native heap growth. Please use -XX:HeapBaseMinAddress
#     to set the Java Heap base and to place the Java Heap above 4GB virtual address.
# This output file may be truncated or incomplete.
#
#  Out of Memory Error (arena.cpp:168), pid=3472, tid=11212
#
# JRE version: Java(TM) SE Runtime Environment (21.0.1+12) (build 21.0.1+12-LTS-29)
# Java VM: Java HotSpot(TM) 64-Bit Server VM (21.0.1+12-LTS-29, mixed mode, sharing, tiered, compressed oops, compressed class ptrs, g1 gc, windows-amd64)
# No core dump will be written. Minidumps are not enabled by default on client versions of Windows
#

---------------  S U M M A R Y ------------

Command Line: -Dserver.port=0 -Dfile.encoding=UTF-8 -Dstdout.encoding=UTF-8 -Dstderr.encoding=UTF-8 -XX:+ShowCodeDetailsInExceptionMessages com.CourierManagement.TrackingService.TrackingServiceApplication

Host: Intel(R) Core(TM) i5-8265U CPU @ 1.60GHz, 8 cores, 3G,  Windows 11 , 64 bit Build 22621 (10.0.22621.3958)
Time: Sat Mar 28 16:46:39 2026 India Standard Time elapsed time: 23.188807 seconds (0d 0h 0m 23s)

---------------  T H R E A D  ---------------

Current thread (0x00000202fcfbbd90):  JavaThread "C2 CompilerThread0" daemon [_thread_in_native, id=11212, stack(0x00000039daf00000,0x00000039db000000) (1024K)]


Current CompileTask:
C2:  23188 7080       4       org.springframework.core.annotation.AnnotationsScanner::getBaseTypeMethods (123 bytes)

Stack: [0x00000039daf00000,0x00000039db000000]
Native frames: (J=compiled Java code, j=interpreted, Vv=VM code, C=native code)
V  [jvm.dll+0x6c9029]
V  [jvm.dll+0x854b81]
V  [jvm.dll+0x856e5e]
V  [jvm.dll+0x857543]
V  [jvm.dll+0x280c06]
V  [jvm.dll+0xc3ead]
V  [jvm.dll+0xc43c3]
V  [jvm.dll+0x3b5732]
V  [jvm.dll+0x382475]
V  [jvm.dll+0x3818ea]
V  [jvm.dll+0x249ad0]
V  [jvm.dll+0x2490b1]
V  [jvm.dll+0x1c9ca1]
V  [jvm.dll+0x2586b9]
V  [jvm.dll+0x256c9a]
V  [jvm.dll+0x3ef1b6]
V  [jvm.dll+0x7fd728]
V  [jvm.dll+0x6c777d]
C  [ucrtbase.dll+0x29333]
C  [KERNEL32.DLL+0x1257d]
C  [ntdll.dll+0x5af08]


---------------  P R O C E S S  ---------------

Threads class SMR info:
_java_thread_list=0x00000202d6dccbb0, length=31, elements={
0x00000202f0ad1520, 0x00000202fcfaf1a0, 0x00000202fcfafcd0, 0x00000202fcfb3070,
0x00000202fcfb56f0, 0x00000202fcfb9d70, 0x00000202fcfba3e0, 0x00000202fcfbbd90,
0x00000202fcfc2810, 0x00000202fd2f18e0, 0x00000202fd2f8950, 0x00000202d50b79e0,
0x00000202d50b6cc0, 0x00000202d50b9420, 0x00000202d50b7350, 0x00000202d50b8070,
0x00000202d50b5fa0, 0x00000202d50b8700, 0x00000202d5a1aa30, 0x00000202d5a1b750,
0x00000202d5a1c470, 0x00000202d5a1e540, 0x00000202d5a1bde0, 0x00000202d5a1cb00,
0x00000202d5a1ebd0, 0x00000202d5a1deb0, 0x00000202d5a1a3a0, 0x00000202d5a1d190,
0x00000202d5a1d820, 0x00000202d5a1f8f0, 0x00000202d5a1f260
}

Java Threads: ( => current thread )
  0x00000202f0ad1520 JavaThread "main"                              [_thread_in_native, id=10016, stack(0x00000039da100000,0x00000039da200000) (1024K)]
  0x00000202fcfaf1a0 JavaThread "Reference Handler"          daemon [_thread_blocked, id=15080, stack(0x00000039da900000,0x00000039daa00000) (1024K)]
  0x00000202fcfafcd0 JavaThread "Finalizer"                  daemon [_thread_blocked, id=3888, stack(0x00000039daa00000,0x00000039dab00000) (1024K)]
  0x00000202fcfb3070 JavaThread "Signal Dispatcher"          daemon [_thread_blocked, id=7544, stack(0x00000039dab00000,0x00000039dac00000) (1024K)]
  0x00000202fcfb56f0 JavaThread "Attach Listener"            daemon [_thread_blocked, id=23360, stack(0x00000039dac00000,0x00000039dad00000) (1024K)]
  0x00000202fcfb9d70 JavaThread "Service Thread"             daemon [_thread_blocked, id=17960, stack(0x00000039dad00000,0x00000039dae00000) (1024K)]
  0x00000202fcfba3e0 JavaThread "Monitor Deflation Thread"   daemon [_thread_blocked, id=16456, stack(0x00000039dae00000,0x00000039daf00000) (1024K)]
=>0x00000202fcfbbd90 JavaThread "C2 CompilerThread0"         daemon [_thread_in_native, id=11212, stack(0x00000039daf00000,0x00000039db000000) (1024K)]
  0x00000202fcfc2810 JavaThread "C1 CompilerThread0"         daemon [_thread_blocked, id=20000, stack(0x00000039db000000,0x00000039db100000) (1024K)]
  0x00000202fd2f18e0 JavaThread "Notification Thread"        daemon [_thread_blocked, id=11680, stack(0x00000039db100000,0x00000039db200000) (1024K)]
  0x00000202fd2f8950 JavaThread "Common-Cleaner"             daemon [_thread_blocked, id=3368, stack(0x00000039db200000,0x00000039db300000) (1024K)]
  0x00000202d50b79e0 JavaThread "Catalina-utility-1"                [_thread_blocked, id=14476, stack(0x00000039dbc00000,0x00000039dbd00000) (1024K)]
  0x00000202d50b6cc0 JavaThread "Catalina-utility-2"                [_thread_blocked, id=12644, stack(0x00000039dbd00000,0x00000039dbe00000) (1024K)]
  0x00000202d50b9420 JavaThread "container-0"                       [_thread_blocked, id=12336, stack(0x00000039dbe00000,0x00000039dbf00000) (1024K)]
  0x00000202d50b7350 JavaThread "mysql-cj-abandoned-connection-cleanup" daemon [_thread_blocked, id=19600, stack(0x00000039dbf00000,0x00000039dc000000) (1024K)]
  0x00000202d50b8070 JavaThread "HikariPool-1 housekeeper"   daemon [_thread_blocked, id=9692, stack(0x00000039dc100000,0x00000039dc200000) (1024K)]
  0x00000202d50b5fa0 JavaThread "spring.cloud.inetutils"     daemon [_thread_blocked, id=10752, stack(0x00000039dbb00000,0x00000039dbc00000) (1024K)]
  0x00000202d50b8700 JavaThread "http-nio-auto-1-exec-1"     daemon [_thread_blocked, id=10784, stack(0x00000039dc200000,0x00000039dc300000) (1024K)]
  0x00000202d5a1aa30 JavaThread "http-nio-auto-1-exec-2"     daemon [_thread_blocked, id=10776, stack(0x00000039dc300000,0x00000039dc400000) (1024K)]
  0x00000202d5a1b750 JavaThread "http-nio-auto-1-exec-3"     daemon [_thread_blocked, id=10780, stack(0x00000039dc400000,0x00000039dc500000) (1024K)]
  0x00000202d5a1c470 JavaThread "http-nio-auto-1-exec-4"     daemon [_thread_blocked, id=6100, stack(0x00000039dc500000,0x00000039dc600000) (1024K)]
  0x00000202d5a1e540 JavaThread "http-nio-auto-1-exec-5"     daemon [_thread_blocked, id=4656, stack(0x00000039dc600000,0x00000039dc700000) (1024K)]
  0x00000202d5a1bde0 JavaThread "http-nio-auto-1-exec-6"     daemon [_thread_blocked, id=9136, stack(0x00000039dc700000,0x00000039dc800000) (1024K)]
  0x00000202d5a1cb00 JavaThread "http-nio-auto-1-exec-7"     daemon [_thread_blocked, id=19252, stack(0x00000039dc800000,0x00000039dc900000) (1024K)]
  0x00000202d5a1ebd0 JavaThread "http-nio-auto-1-exec-8"     daemon [_thread_blocked, id=10728, stack(0x00000039dc900000,0x00000039dca00000) (1024K)]
  0x00000202d5a1deb0 JavaThread "http-nio-auto-1-exec-9"     daemon [_thread_blocked, id=13380, stack(0x00000039dca00000,0x00000039dcb00000) (1024K)]
  0x00000202d5a1a3a0 JavaThread "http-nio-auto-1-exec-10"    daemon [_thread_blocked, id=23716, stack(0x00000039dcb00000,0x00000039dcc00000) (1024K)]
  0x00000202d5a1d190 JavaThread "http-nio-auto-1-Poller"     daemon [_thread_in_native, id=23632, stack(0x00000039dcc00000,0x00000039dcd00000) (1024K)]
  0x00000202d5a1d820 JavaThread "http-nio-auto-1-Acceptor"   daemon [_thread_in_native, id=23720, stack(0x00000039dcd00000,0x00000039dce00000) (1024K)]
  0x00000202d5a1f8f0 JavaThread "AsyncResolver-bootstrap-0"  daemon [_thread_blocked, id=23724, stack(0x00000039dce00000,0x00000039dcf00000) (1024K)]
  0x00000202d5a1f260 JavaThread "idle-connection-evictor-1"  daemon [_thread_blocked, id=23640, stack(0x00000039dcf00000,0x00000039dd000000) (1024K)]
Total: 31

Other Threads:
  0x00000202fcf92f30 VMThread "VM Thread"                           [id=12648, stack(0x00000039da800000,0x00000039da900000) (1024K)]
  0x00000202fcf79650 WatcherThread "VM Periodic Task Thread"        [id=9672, stack(0x00000039da700000,0x00000039da800000) (1024K)]
  0x00000202f0b0afd0 WorkerThread "GC Thread#0"                     [id=24172, stack(0x00000039da200000,0x00000039da300000) (1024K)]
  0x00000202fe248970 WorkerThread "GC Thread#1"                     [id=6996, stack(0x00000039db300000,0x00000039db400000) (1024K)]
  0x00000202fe25af30 WorkerThread "GC Thread#2"                     [id=20432, stack(0x00000039db400000,0x00000039db500000) (1024K)]
  0x00000202fdc2b650 WorkerThread "GC Thread#3"                     [id=13128, stack(0x00000039db500000,0x00000039db600000) (1024K)]
  0x00000202fe266f50 WorkerThread "GC Thread#4"                     [id=20764, stack(0x00000039db600000,0x00000039db700000) (1024K)]
  0x00000202fe603f30 WorkerThread "GC Thread#5"                     [id=23252, stack(0x00000039db800000,0x00000039db900000) (1024K)]
  0x00000202fe6458c0 WorkerThread "GC Thread#6"                     [id=20044, stack(0x00000039db900000,0x00000039dba00000) (1024K)]
  0x00000202fe6e9680 WorkerThread "GC Thread#7"                     [id=19484, stack(0x00000039dba00000,0x00000039dbb00000) (1024K)]
  0x00000202f0b14540 ConcurrentGCThread "G1 Main Marker"            [id=17684, stack(0x00000039da300000,0x00000039da400000) (1024K)]
  0x00000202f0b15c50 WorkerThread "G1 Conc#0"                       [id=22292, stack(0x00000039da400000,0x00000039da500000) (1024K)]
  0x00000202fe591f70 WorkerThread "G1 Conc#1"                       [id=17120, stack(0x00000039db700000,0x00000039db800000) (1024K)]
  0x00000202f0b7c400 ConcurrentGCThread "G1 Refine#0"               [id=20908, stack(0x00000039da500000,0x00000039da600000) (1024K)]
  0x00000202f0b7eb90 ConcurrentGCThread "G1 Service"                [id=7100, stack(0x00000039da600000,0x00000039da700000) (1024K)]
Total: 15

Threads with active compile tasks:
C2 CompilerThread0    23226 7080       4       org.springframework.core.annotation.AnnotationsScanner::getBaseTypeMethods (123 bytes)
Total: 1

VM state: not at safepoint (normal execution)

VM Mutex/Monitor currently owned by a thread: None

Heap address: 0x00000000c1e00000, size: 994 MB, Compressed Oops mode: 32-bit

CDS archive(s) mapped at: [0x000002028f000000-0x000002028fc90000-0x000002028fc90000), size 13172736, SharedBaseAddress: 0x000002028f000000, ArchiveRelocationMode: 1.
Compressed class space mapped at: 0x0000020290000000-0x00000202d0000000, reserved size: 1073741824
Narrow klass base: 0x000002028f000000, Narrow klass shift: 0, Narrow klass range: 0x100000000

GC Precious Log:
 CardTable entry size: 512
 Card Set container configuration: InlinePtr #cards 5 size 8 Array Of Cards #cards 12 size 40 Howl #buckets 4 coarsen threshold 1843 Howl Bitmap #cards 512 size 80 coarsen threshold 460 Card regions per heap region 1 cards per card region 2048
 CPUs: 8 total, 8 available
 Memory: 3971M
 Large Page Support: Disabled
 NUMA Support: Disabled
 Compressed Oops: Enabled (32-bit)
 Heap Region Size: 1M
 Heap Min Capacity: 8M
 Heap Initial Capacity: 64M
 Heap Max Capacity: 994M
 Pre-touch: Disabled
 Parallel Workers: 8
 Concurrent Workers: 2
 Concurrent Refinement Workers: 8
 Periodic GC: Disabled

Heap:
 garbage-first heap   total 71680K, used 45666K [0x00000000c1e00000, 0x0000000100000000)
  region size 1024K, 7 young (7168K), 3 survivors (3072K)
 Metaspace       used 82662K, committed 83456K, reserved 1179648K
  class space    used 11210K, committed 11584K, reserved 1048576K

Heap Regions: E=young(eden), S=young(survivor), O=old, HS=humongous(starts), HC=humongous(continues), CS=collection set, F=free, TAMS=top-at-mark-start, PB=parsable bottom
|   0|0x00000000c1e00000, 0x00000000c1f00000, 0x00000000c1f00000|100%|HS|  |TAMS 0x00000000c1e00000| PB 0x00000000c1e00000| Complete 
|   1|0x00000000c1f00000, 0x00000000c2000000, 0x00000000c2000000|100%| O|  |TAMS 0x00000000c1f00000| PB 0x00000000c1f00000| Untracked 
|   2|0x00000000c2000000, 0x00000000c2100000, 0x00000000c2100000|100%|HS|  |TAMS 0x00000000c2000000| PB 0x00000000c2000000| Complete 
|   3|0x00000000c2100000, 0x00000000c2200000, 0x00000000c2200000|100%| O|  |TAMS 0x00000000c2100000| PB 0x00000000c2100000| Untracked 
|   4|0x00000000c2200000, 0x00000000c2300000, 0x00000000c2300000|100%| O|  |TAMS 0x00000000c2200000| PB 0x00000000c2200000| Untracked 
|   5|0x00000000c2300000, 0x00000000c2400000, 0x00000000c2400000|100%| O|  |TAMS 0x00000000c2300000| PB 0x00000000c2300000| Untracked 
|   6|0x00000000c2400000, 0x00000000c2500000, 0x00000000c2500000|100%| O|  |TAMS 0x00000000c2400000| PB 0x00000000c2400000| Untracked 
|   7|0x00000000c2500000, 0x00000000c2600000, 0x00000000c2600000|100%| O|  |TAMS 0x00000000c2500000| PB 0x00000000c2500000| Untracked 
|   8|0x00000000c2600000, 0x00000000c2700000, 0x00000000c2700000|100%| O|  |TAMS 0x00000000c2600000| PB 0x00000000c2600000| Untracked 
|   9|0x00000000c2700000, 0x00000000c2800000, 0x00000000c2800000|100%| O|  |TAMS 0x00000000c2700000| PB 0x00000000c2700000| Untracked 
|  10|0x00000000c2800000, 0x00000000c2900000, 0x00000000c2900000|100%| O|  |TAMS 0x00000000c2800000| PB 0x00000000c2800000| Untracked 
|  11|0x00000000c2900000, 0x00000000c2a00000, 0x00000000c2a00000|100%| O|  |TAMS 0x00000000c2900000| PB 0x00000000c2900000| Untracked 
|  12|0x00000000c2a00000, 0x00000000c2b00000, 0x00000000c2b00000|100%| O|  |TAMS 0x00000000c2a00000| PB 0x00000000c2a00000| Untracked 
|  13|0x00000000c2b00000, 0x00000000c2c00000, 0x00000000c2c00000|100%| O|  |TAMS 0x00000000c2b00000| PB 0x00000000c2b00000| Untracked 
|  14|0x00000000c2c00000, 0x00000000c2d00000, 0x00000000c2d00000|100%| O|  |TAMS 0x00000000c2c00000| PB 0x00000000c2c00000| Untracked 
|  15|0x00000000c2d00000, 0x00000000c2e00000, 0x00000000c2e00000|100%| O|  |TAMS 0x00000000c2d00000| PB 0x00000000c2d00000| Untracked 
|  16|0x00000000c2e00000, 0x00000000c2f00000, 0x00000000c2f00000|100%| O|  |TAMS 0x00000000c2e00000| PB 0x00000000c2e00000| Untracked 
|  17|0x00000000c2f00000, 0x00000000c3000000, 0x00000000c3000000|100%| O|  |TAMS 0x00000000c2f00000| PB 0x00000000c2f00000| Untracked 
|  18|0x00000000c3000000, 0x00000000c3100000, 0x00000000c3100000|100%| O|  |TAMS 0x00000000c3000000| PB 0x00000000c3000000| Untracked 
|  19|0x00000000c3100000, 0x00000000c3200000, 0x00000000c3200000|100%| O|  |TAMS 0x00000000c3100000| PB 0x00000000c3100000| Untracked 
|  20|0x00000000c3200000, 0x00000000c3300000, 0x00000000c3300000|100%| O|  |TAMS 0x00000000c3200000| PB 0x00000000c3200000| Untracked 
|  21|0x00000000c3300000, 0x00000000c3400000, 0x00000000c3400000|100%| O|  |TAMS 0x00000000c3300000| PB 0x00000000c3300000| Untracked 
|  22|0x00000000c3400000, 0x00000000c3500000, 0x00000000c3500000|100%| O|  |TAMS 0x00000000c3400000| PB 0x00000000c3400000| Untracked 
|  23|0x00000000c3500000, 0x00000000c3600000, 0x00000000c3600000|100%| O|  |TAMS 0x00000000c3500000| PB 0x00000000c3500000| Untracked 
|  24|0x00000000c3600000, 0x00000000c3700000, 0x00000000c3700000|100%| O|Cm|TAMS 0x00000000c3600000| PB 0x00000000c3600000| Complete 
|  25|0x00000000c3700000, 0x00000000c3800000, 0x00000000c3800000|100%| O|  |TAMS 0x00000000c3700000| PB 0x00000000c3700000| Untracked 
|  26|0x00000000c3800000, 0x00000000c3900000, 0x00000000c3900000|100%| O|  |TAMS 0x00000000c3800000| PB 0x00000000c3800000| Untracked 
|  27|0x00000000c3900000, 0x00000000c3a00000, 0x00000000c3a00000|100%| O|  |TAMS 0x00000000c3900000| PB 0x00000000c3900000| Untracked 
|  28|0x00000000c3a00000, 0x00000000c3b00000, 0x00000000c3b00000|100%| O|  |TAMS 0x00000000c3a00000| PB 0x00000000c3a00000| Untracked 
|  29|0x00000000c3b00000, 0x00000000c3c00000, 0x00000000c3c00000|100%| O|  |TAMS 0x00000000c3b00000| PB 0x00000000c3b00000| Untracked 
|  30|0x00000000c3c00000, 0x00000000c3d00000, 0x00000000c3d00000|100%| O|  |TAMS 0x00000000c3c00000| PB 0x00000000c3c00000| Untracked 
|  31|0x00000000c3d00000, 0x00000000c3e00000, 0x00000000c3e00000|100%| O|  |TAMS 0x00000000c3d00000| PB 0x00000000c3d00000| Untracked 
|  32|0x00000000c3e00000, 0x00000000c3f00000, 0x00000000c3f00000|100%| O|  |TAMS 0x00000000c3e00000| PB 0x00000000c3e00000| Untracked 
|  33|0x00000000c3f00000, 0x00000000c4000000, 0x00000000c4000000|100%| O|  |TAMS 0x00000000c3f00000| PB 0x00000000c3f00000| Untracked 
|  34|0x00000000c4000000, 0x00000000c4100000, 0x00000000c4100000|100%| O|Cm|TAMS 0x00000000c4000000| PB 0x00000000c4000000| Complete 
|  35|0x00000000c4100000, 0x00000000c4200000, 0x00000000c4200000|100%| O|  |TAMS 0x00000000c4100000| PB 0x00000000c4100000| Untracked 
|  36|0x00000000c4200000, 0x00000000c4300000, 0x00000000c4300000|100%| O|  |TAMS 0x00000000c4200000| PB 0x00000000c4200000| Untracked 
|  37|0x00000000c4300000, 0x00000000c4400000, 0x00000000c4400000|100%| O|  |TAMS 0x00000000c4300000| PB 0x00000000c4300000| Untracked 
|  38|0x00000000c4400000, 0x00000000c4400000, 0x00000000c4500000|  0%| F|  |TAMS 0x00000000c4400000| PB 0x00000000c4400000| Untracked 
|  39|0x00000000c4500000, 0x00000000c4500000, 0x00000000c4600000|  0%| F|  |TAMS 0x00000000c4500000| PB 0x00000000c4500000| Untracked 
|  40|0x00000000c4600000, 0x00000000c4600000, 0x00000000c4700000|  0%| F|  |TAMS 0x00000000c4600000| PB 0x00000000c4600000| Untracked 
|  41|0x00000000c4700000, 0x00000000c4798810, 0x00000000c4800000| 59%| O|  |TAMS 0x00000000c4700000| PB 0x00000000c4700000| Untracked 
|  42|0x00000000c4800000, 0x00000000c4800000, 0x00000000c4900000|  0%| F|  |TAMS 0x00000000c4800000| PB 0x00000000c4800000| Untracked 
|  43|0x00000000c4900000, 0x00000000c4900000, 0x00000000c4a00000|  0%| F|  |TAMS 0x00000000c4900000| PB 0x00000000c4900000| Untracked 
|  44|0x00000000c4a00000, 0x00000000c4a00000, 0x00000000c4b00000|  0%| F|  |TAMS 0x00000000c4a00000| PB 0x00000000c4a00000| Untracked 
|  45|0x00000000c4b00000, 0x00000000c4b00000, 0x00000000c4c00000|  0%| F|  |TAMS 0x00000000c4b00000| PB 0x00000000c4b00000| Untracked 
|  46|0x00000000c4c00000, 0x00000000c4c00000, 0x00000000c4d00000|  0%| F|  |TAMS 0x00000000c4c00000| PB 0x00000000c4c00000| Untracked 
|  47|0x00000000c4d00000, 0x00000000c4d00000, 0x00000000c4e00000|  0%| F|  |TAMS 0x00000000c4d00000| PB 0x00000000c4d00000| Untracked 
|  48|0x00000000c4e00000, 0x00000000c4e00000, 0x00000000c4f00000|  0%| F|  |TAMS 0x00000000c4e00000| PB 0x00000000c4e00000| Untracked 
|  49|0x00000000c4f00000, 0x00000000c4f00000, 0x00000000c5000000|  0%| F|  |TAMS 0x00000000c4f00000| PB 0x00000000c4f00000| Untracked 
|  50|0x00000000c5000000, 0x00000000c5000000, 0x00000000c5100000|  0%| F|  |TAMS 0x00000000c5000000| PB 0x00000000c5000000| Untracked 
|  51|0x00000000c5100000, 0x00000000c5100000, 0x00000000c5200000|  0%| F|  |TAMS 0x00000000c5100000| PB 0x00000000c5100000| Untracked 
|  52|0x00000000c5200000, 0x00000000c5300000, 0x00000000c5300000|100%| S|CS|TAMS 0x00000000c5200000| PB 0x00000000c5200000| Complete 
|  53|0x00000000c5300000, 0x00000000c5400000, 0x00000000c5400000|100%| S|CS|TAMS 0x00000000c5300000| PB 0x00000000c5300000| Complete 
|  54|0x00000000c5400000, 0x00000000c5500000, 0x00000000c5500000|100%| S|CS|TAMS 0x00000000c5400000| PB 0x00000000c5400000| Complete 
|  55|0x00000000c5500000, 0x00000000c5500000, 0x00000000c5600000|  0%| F|  |TAMS 0x00000000c5500000| PB 0x00000000c5500000| Untracked 
|  56|0x00000000c5600000, 0x00000000c5600000, 0x00000000c5700000|  0%| F|  |TAMS 0x00000000c5600000| PB 0x00000000c5600000| Untracked 
|  57|0x00000000c5700000, 0x00000000c5700000, 0x00000000c5800000|  0%| F|  |TAMS 0x00000000c5700000| PB 0x00000000c5700000| Untracked 
|  58|0x00000000c5800000, 0x00000000c5800000, 0x00000000c5900000|  0%| F|  |TAMS 0x00000000c5800000| PB 0x00000000c5800000| Untracked 
|  59|0x00000000c5900000, 0x00000000c5900000, 0x00000000c5a00000|  0%| F|  |TAMS 0x00000000c5900000| PB 0x00000000c5900000| Untracked 
|  60|0x00000000c5a00000, 0x00000000c5a00000, 0x00000000c5b00000|  0%| F|  |TAMS 0x00000000c5a00000| PB 0x00000000c5a00000| Untracked 
|  61|0x00000000c5b00000, 0x00000000c5b00000, 0x00000000c5c00000|  0%| F|  |TAMS 0x00000000c5b00000| PB 0x00000000c5b00000| Untracked 
|  62|0x00000000c5c00000, 0x00000000c5c00000, 0x00000000c5d00000|  0%| F|  |TAMS 0x00000000c5c00000| PB 0x00000000c5c00000| Untracked 
|  63|0x00000000c5d00000, 0x00000000c5d00000, 0x00000000c5e00000|  0%| F|  |TAMS 0x00000000c5d00000| PB 0x00000000c5d00000| Untracked 
|  64|0x00000000c5e00000, 0x00000000c5e00000, 0x00000000c5f00000|  0%| F|  |TAMS 0x00000000c5e00000| PB 0x00000000c5e00000| Untracked 
|  65|0x00000000c5f00000, 0x00000000c5f00000, 0x00000000c6000000|  0%| F|  |TAMS 0x00000000c5f00000| PB 0x00000000c5f00000| Untracked 
|  66|0x00000000c6000000, 0x00000000c60d5de0, 0x00000000c6100000| 83%| E|  |TAMS 0x00000000c6000000| PB 0x00000000c6000000| Complete 
|  67|0x00000000c6100000, 0x00000000c6200000, 0x00000000c6200000|100%| E|CS|TAMS 0x00000000c6100000| PB 0x00000000c6100000| Complete 
|  68|0x00000000c6200000, 0x00000000c6300000, 0x00000000c6300000|100%| E|CS|TAMS 0x00000000c6200000| PB 0x00000000c6200000| Complete 
|  69|0x00000000c6300000, 0x00000000c6400000, 0x00000000c6400000|100%| E|CS|TAMS 0x00000000c6300000| PB 0x00000000c6300000| Complete 

Card table byte_map: [0x00000202f9440000,0x00000202f9640000] _byte_map_base: 0x00000202f8e31000

Marking Bits: (CMBitMap*) 0x00000202f0b0b6d0
 Bits: [0x00000202f9640000, 0x00000202fa5c8000)

Polling page: 0x00000202f0280000

Metaspace:

Usage:
  Non-class:     69.79 MB used.
      Class:     10.95 MB used.
       Both:     80.74 MB used.

Virtual space:
  Non-class space:      128.00 MB reserved,      70.25 MB ( 55%) committed,  2 nodes.
      Class space:        1.00 GB reserved,      11.31 MB (  1%) committed,  1 nodes.
             Both:        1.12 GB reserved,      81.56 MB (  7%) committed. 

Chunk freelists:
   Non-Class:  9.73 MB
       Class:  4.58 MB
        Both:  14.31 MB

MaxMetaspaceSize: unlimited
CompressedClassSpaceSize: 1.00 GB
Initial GC threshold: 21.00 MB
Current GC threshold: 129.94 MB
CDS: on
 - commit_granule_bytes: 65536.
 - commit_granule_words: 8192.
 - virtual_space_node_default_size: 8388608.
 - enlarge_chunks_in_place: 1.
 - use_allocation_guard: 0.


Internal statistics:

num_allocs_failed_limit: 9.
num_arena_births: 1128.
num_arena_deaths: 0.
num_vsnodes_births: 3.
num_vsnodes_deaths: 0.
num_space_committed: 1305.
num_space_uncommitted: 0.
num_chunks_returned_to_freelist: 9.
num_chunks_taken_from_freelist: 4011.
num_chunk_merges: 9.
num_chunk_splits: 2881.
num_chunks_enlarged: 2263.
num_inconsistent_stats: 0.

CodeHeap 'non-profiled nmethods': size=120000Kb used=3238Kb max_used=3346Kb free=116761Kb
 bounds [0x0000020287ad0000, 0x0000020287e30000, 0x000002028f000000]
CodeHeap 'profiled nmethods': size=120000Kb used=11922Kb max_used=11922Kb free=108077Kb
 bounds [0x0000020280000000, 0x0000020280bb0000, 0x0000020287530000]
CodeHeap 'non-nmethods': size=5760Kb used=1721Kb max_used=1796Kb free=4038Kb
 bounds [0x0000020287530000, 0x00000202877a0000, 0x0000020287ad0000]
 total_blobs=7104 nmethods=6361 adapters=647
 compilation: enabled
              stopped_count=0, restarted_count=0
 full_count=0

Compilation events (20 events):
Event: 23.163 Thread 0x00000202fcfc2810 7535       1       com.fasterxml.jackson.databind.AnnotationIntrospector::findInjectableValueId (2 bytes)
Event: 23.163 Thread 0x00000202fcfc2810 nmethod 7535 0x0000020287cf0990 code [0x0000020287cf0b20, 0x0000020287cf0bf0]
Event: 23.163 Thread 0x00000202fcfc2810 7534       2       com.fasterxml.jackson.datatype.jdk8.Jdk8TypeModifier::modifyType (108 bytes)
Event: 23.164 Thread 0x00000202fcfc2810 nmethod 7534 0x0000020280ba5690 code [0x0000020280ba58c0, 0x0000020280ba5c20]
Event: 23.164 Thread 0x00000202fcfc2810 7538       1       com.fasterxml.jackson.databind.deser.SettableBeanProperty::getType (5 bytes)
Event: 23.164 Thread 0x00000202fcfc2810 nmethod 7538 0x0000020287cf0690 code [0x0000020287cf0820, 0x0000020287cf08e8]
Event: 23.164 Thread 0x00000202fcfc2810 7539       1       com.fasterxml.jackson.databind.type.TypeBase::getSuperClass (5 bytes)
Event: 23.165 Thread 0x00000202fcfc2810 nmethod 7539 0x0000020287cf0390 code [0x0000020287cf0520, 0x0000020287cf05e8]
Event: 23.165 Thread 0x00000202fcfc2810 7532       1       com.fasterxml.jackson.databind.AnnotationIntrospector::hasIgnoreMarker (2 bytes)
Event: 23.165 Thread 0x00000202fcfc2810 nmethod 7532 0x0000020287cf0090 code [0x0000020287cf0220, 0x0000020287cf02e8]
Event: 23.165 Thread 0x00000202fcfc2810 7537       1       com.fasterxml.jackson.databind.type.SimpleType::hasContentType (2 bytes)
Event: 23.165 Thread 0x00000202fcfc2810 nmethod 7537 0x0000020287cefd90 code [0x0000020287ceff20, 0x0000020287ceffe8]
Event: 23.165 Thread 0x00000202fcfc2810 7541       1       com.fasterxml.jackson.databind.introspect.ConcreteBeanPropertyBase::getMetadata (5 bytes)
Event: 23.165 Thread 0x00000202fcfc2810 nmethod 7541 0x0000020287cefa90 code [0x0000020287cefc20, 0x0000020287cefce8]
Event: 23.165 Thread 0x00000202fcfc2810 7542       1       com.fasterxml.jackson.databind.PropertyMetadata::getMergeInfo (5 bytes)
Event: 23.165 Thread 0x00000202fcfc2810 nmethod 7542 0x0000020287cef590 code [0x0000020287cef720, 0x0000020287cef7e8]
Event: 23.165 Thread 0x00000202fcfc2810 7540       1       com.fasterxml.jackson.databind.AnnotationIntrospector::findPropertyAccess (2 bytes)
Event: 23.166 Thread 0x00000202fcfc2810 nmethod 7540 0x0000020287b91410 code [0x0000020287b915a0, 0x0000020287b91670]
Event: 23.166 Thread 0x00000202fcfc2810 7543       1       com.fasterxml.jackson.databind.deser.CreatorProperty::isIgnorable (5 bytes)
Event: 23.166 Thread 0x00000202fcfc2810 nmethod 7543 0x0000020287b91110 code [0x0000020287b912a0, 0x0000020287b91370]

GC Heap History (20 events):
Event: 15.873 GC heap before
{Heap before GC invocations=11 (full 0):
 garbage-first heap   total 61440K, used 51942K [0x00000000c1e00000, 0x0000000100000000)
  region size 1024K, 28 young (28672K), 3 survivors (3072K)
 Metaspace       used 52215K, committed 52800K, reserved 1114112K
  class space    used 6905K, committed 7168K, reserved 1048576K
}
Event: 15.880 GC heap after
{Heap after GC invocations=12 (full 0):
 garbage-first heap   total 61440K, used 28574K [0x00000000c1e00000, 0x0000000100000000)
  region size 1024K, 4 young (4096K), 4 survivors (4096K)
 Metaspace       used 52215K, committed 52800K, reserved 1114112K
  class space    used 6905K, committed 7168K, reserved 1048576K
}
Event: 16.703 GC heap before
{Heap before GC invocations=12 (full 0):
 garbage-first heap   total 61440K, used 52126K [0x00000000c1e00000, 0x0000000100000000)
  region size 1024K, 28 young (28672K), 4 survivors (4096K)
 Metaspace       used 58446K, committed 58944K, reserved 1114112K
  class space    used 7780K, committed 8000K, reserved 1048576K
}
Event: 16.710 GC heap after
{Heap after GC invocations=13 (full 0):
 garbage-first heap   total 61440K, used 30290K [0x00000000c1e00000, 0x0000000100000000)
  region size 1024K, 2 young (2048K), 2 survivors (2048K)
 Metaspace       used 58446K, committed 58944K, reserved 1114112K
  class space    used 7780K, committed 8000K, reserved 1048576K
}
Event: 16.829 GC heap before
{Heap before GC invocations=13 (full 0):
 garbage-first heap   total 61440K, used 32338K [0x00000000c1e00000, 0x0000000100000000)
  region size 1024K, 5 young (5120K), 2 survivors (2048K)
 Metaspace       used 59629K, committed 60160K, reserved 1114112K
  class space    used 7913K, committed 8128K, reserved 1048576K
}
Event: 16.831 GC heap after
{Heap after GC invocations=14 (full 0):
 garbage-first heap   total 61440K, used 30209K [0x00000000c1e00000, 0x0000000100000000)
  region size 1024K, 2 young (2048K), 2 survivors (2048K)
 Metaspace       used 59629K, committed 60160K, reserved 1114112K
  class space    used 7913K, committed 8128K, reserved 1048576K
}
Event: 17.749 GC heap before
{Heap before GC invocations=15 (full 0):
 garbage-first heap   total 61440K, used 53761K [0x00000000c1e00000, 0x0000000100000000)
  region size 1024K, 26 young (26624K), 2 survivors (2048K)
 Metaspace       used 64827K, committed 65408K, reserved 1114112K
  class space    used 8799K, committed 9088K, reserved 1048576K
}
Event: 17.752 GC heap after
{Heap after GC invocations=16 (full 0):
 garbage-first heap   total 61440K, used 31416K [0x00000000c1e00000, 0x0000000100000000)
  region size 1024K, 3 young (3072K), 3 survivors (3072K)
 Metaspace       used 64827K, committed 65408K, reserved 1114112K
  class space    used 8799K, committed 9088K, reserved 1048576K
}
Event: 18.950 GC heap before
{Heap before GC invocations=16 (full 0):
 garbage-first heap   total 61440K, used 53944K [0x00000000c1e00000, 0x0000000100000000)
  region size 1024K, 26 young (26624K), 3 survivors (3072K)
 Metaspace       used 69072K, committed 69760K, reserved 1114112K
  class space    used 9360K, committed 9664K, reserved 1048576K
}
Event: 18.963 GC heap after
{Heap after GC invocations=17 (full 0):
 garbage-first heap   total 61440K, used 33522K [0x00000000c1e00000, 0x0000000100000000)
  region size 1024K, 4 young (4096K), 4 survivors (4096K)
 Metaspace       used 69072K, committed 69760K, reserved 1114112K
  class space    used 9360K, committed 9664K, reserved 1048576K
}
Event: 19.982 GC heap before
{Heap before GC invocations=17 (full 0):
 garbage-first heap   total 61440K, used 54002K [0x00000000c1e00000, 0x0000000100000000)
  region size 1024K, 24 young (24576K), 4 survivors (4096K)
 Metaspace       used 71320K, committed 72064K, reserved 1114112K
  class space    used 9642K, committed 9984K, reserved 1048576K
}
Event: 19.990 GC heap after
{Heap after GC invocations=18 (full 0):
 garbage-first heap   total 61440K, used 35695K [0x00000000c1e00000, 0x0000000100000000)
  region size 1024K, 3 young (3072K), 3 survivors (3072K)
 Metaspace       used 71320K, committed 72064K, reserved 1114112K
  class space    used 9642K, committed 9984K, reserved 1048576K
}
Event: 20.899 GC heap before
{Heap before GC invocations=19 (full 0):
 garbage-first heap   total 63488K, used 53103K [0x00000000c1e00000, 0x0000000100000000)
  region size 1024K, 20 young (20480K), 3 survivors (3072K)
 Metaspace       used 73638K, committed 74304K, reserved 1114112K
  class space    used 9977K, committed 10304K, reserved 1048576K
}
Event: 20.907 GC heap after
{Heap after GC invocations=20 (full 0):
 garbage-first heap   total 63488K, used 37364K [0x00000000c1e00000, 0x0000000100000000)
  region size 1024K, 2 young (2048K), 2 survivors (2048K)
 Metaspace       used 73638K, committed 74304K, reserved 1114112K
  class space    used 9977K, committed 10304K, reserved 1048576K
}
Event: 21.726 GC heap before
{Heap before GC invocations=20 (full 0):
 garbage-first heap   total 63488K, used 56820K [0x00000000c1e00000, 0x0000000100000000)
  region size 1024K, 21 young (21504K), 2 survivors (2048K)
 Metaspace       used 76237K, committed 76992K, reserved 1179648K
  class space    used 10344K, committed 10688K, reserved 1048576K
}
Event: 21.733 GC heap after
{Heap after GC invocations=21 (full 0):
 garbage-first heap   total 63488K, used 39102K [0x00000000c1e00000, 0x0000000100000000)
  region size 1024K, 3 young (3072K), 3 survivors (3072K)
 Metaspace       used 76237K, committed 76992K, reserved 1179648K
  class space    used 10344K, committed 10688K, reserved 1048576K
}
Event: 22.380 GC heap before
{Heap before GC invocations=21 (full 0):
 garbage-first heap   total 63488K, used 55486K [0x00000000c1e00000, 0x0000000100000000)
  region size 1024K, 19 young (19456K), 3 survivors (3072K)
 Metaspace       used 78815K, committed 79680K, reserved 1179648K
  class space    used 10673K, committed 11072K, reserved 1048576K
}
Event: 22.389 GC heap after
{Heap after GC invocations=22 (full 0):
 garbage-first heap   total 63488K, used 40516K [0x00000000c1e00000, 0x0000000100000000)
  region size 1024K, 2 young (2048K), 2 survivors (2048K)
 Metaspace       used 78815K, committed 79680K, reserved 1179648K
  class space    used 10673K, committed 11072K, reserved 1048576K
}
Event: 23.013 GC heap before
{Heap before GC invocations=23 (full 0):
 garbage-first heap   total 71680K, used 54852K [0x00000000c1e00000, 0x0000000100000000)
  region size 1024K, 17 young (17408K), 2 survivors (2048K)
 Metaspace       used 81696K, committed 82496K, reserved 1179648K
  class space    used 11083K, committed 11456K, reserved 1048576K
}
Event: 23.019 GC heap after
{Heap after GC invocations=24 (full 0):
 garbage-first heap   total 71680K, used 42594K [0x00000000c1e00000, 0x0000000100000000)
  region size 1024K, 3 young (3072K), 3 survivors (3072K)
 Metaspace       used 81696K, committed 82496K, reserved 1179648K
  class space    used 11083K, committed 11456K, reserved 1048576K
}

Dll operation events (11 events):
Event: 0.070 Loaded shared library C:\Program Files\Java\jdk-21\bin\java.dll
Event: 0.222 Loaded shared library C:\Program Files\Java\jdk-21\bin\jsvml.dll
Event: 0.456 Loaded shared library C:\Program Files\Java\jdk-21\bin\net.dll
Event: 0.465 Loaded shared library C:\Program Files\Java\jdk-21\bin\nio.dll
Event: 0.493 Loaded shared library C:\Program Files\Java\jdk-21\bin\zip.dll
Event: 1.172 Loaded shared library C:\Program Files\Java\jdk-21\bin\jimage.dll
Event: 5.558 Loaded shared library C:\Program Files\Java\jdk-21\bin\sunmscapi.dll
Event: 11.669 Loaded shared library C:\Program Files\Java\jdk-21\bin\management.dll
Event: 11.719 Loaded shared library C:\Program Files\Java\jdk-21\bin\management_ext.dll
Event: 13.876 Loaded shared library C:\Program Files\Java\jdk-21\bin\verify.dll
Event: 14.854 Loaded shared library C:\Program Files\Java\jdk-21\bin\extnet.dll

Deoptimization events (20 events):
Event: 22.651 Thread 0x00000202f0ad1520 Uncommon trap: trap_request=0xffffff45 fr.pc=0x0000020287ad6ca8 relative=0x0000000000000208
Event: 22.651 Thread 0x00000202f0ad1520 Uncommon trap: reason=unstable_if action=reinterpret pc=0x0000020287ad6ca8 method=java.lang.StringCoding.countPositives([BII)I @ 17 c2
Event: 22.651 Thread 0x00000202f0ad1520 DEOPT PACKING pc=0x0000020287ad6ca8 sp=0x00000039da1fb9a0
Event: 22.651 Thread 0x00000202f0ad1520 DEOPT UNPACKING pc=0x00000202875846a2 sp=0x00000039da1fb948 mode 2
Event: 22.659 Thread 0x00000202f0ad1520 Uncommon trap: trap_request=0xffffff45 fr.pc=0x0000020287aee8b8 relative=0x0000000000000218
Event: 22.659 Thread 0x00000202f0ad1520 Uncommon trap: reason=unstable_if action=reinterpret pc=0x0000020287aee8b8 method=java.lang.String.indexOf(Ljava/lang/String;)I @ 10 c2
Event: 22.659 Thread 0x00000202f0ad1520 DEOPT PACKING pc=0x0000020287aee8b8 sp=0x00000039da1fc220
Event: 22.659 Thread 0x00000202f0ad1520 DEOPT UNPACKING pc=0x00000202875846a2 sp=0x00000039da1fc158 mode 2
Event: 22.659 Thread 0x00000202f0ad1520 Uncommon trap: trap_request=0xffffff45 fr.pc=0x0000020287b99f84 relative=0x00000000000001e4
Event: 22.659 Thread 0x00000202f0ad1520 Uncommon trap: reason=unstable_if action=reinterpret pc=0x0000020287b99f84 method=java.lang.String.indexOf(Ljava/lang/String;)I @ 10 c2
Event: 22.659 Thread 0x00000202f0ad1520 DEOPT PACKING pc=0x0000020287b99f84 sp=0x00000039da1fc1b0
Event: 22.659 Thread 0x00000202f0ad1520 DEOPT UNPACKING pc=0x00000202875846a2 sp=0x00000039da1fc150 mode 2
Event: 23.042 Thread 0x00000202f0ad1520 Uncommon trap: trap_request=0xffffff45 fr.pc=0x0000020287c15d94 relative=0x0000000000000254
Event: 23.042 Thread 0x00000202f0ad1520 Uncommon trap: reason=unstable_if action=reinterpret pc=0x0000020287c15d94 method=java.util.HashMap.getNode(Ljava/lang/Object;)Ljava/util/HashMap$Node; @ 66 c2
Event: 23.042 Thread 0x00000202f0ad1520 DEOPT PACKING pc=0x0000020287c15d94 sp=0x00000039da1fb1a0
Event: 23.042 Thread 0x00000202f0ad1520 DEOPT UNPACKING pc=0x00000202875846a2 sp=0x00000039da1fb0c0 mode 2
Event: 23.062 Thread 0x00000202f0ad1520 Uncommon trap: trap_request=0xffffff45 fr.pc=0x0000020287bac000 relative=0x00000000000001c0
Event: 23.062 Thread 0x00000202f0ad1520 Uncommon trap: reason=unstable_if action=reinterpret pc=0x0000020287bac000 method=java.util.HashMap.getNode(Ljava/lang/Object;)Ljava/util/HashMap$Node; @ 66 c2
Event: 23.062 Thread 0x00000202f0ad1520 DEOPT PACKING pc=0x0000020287bac000 sp=0x00000039da1fad00
Event: 23.063 Thread 0x00000202f0ad1520 DEOPT UNPACKING pc=0x00000202875846a2 sp=0x00000039da1fac70 mode 2

Classes loaded (20 events):
Event: 22.803 Loading class sun/security/ssl/SSLContextImpl$DefaultSSLContext
Event: 22.803 Loading class sun/security/ssl/SSLContextImpl$DefaultSSLContext done
Event: 22.803 Loading class sun/security/ssl/SSLContextImpl$DefaultManagersHolder
Event: 22.804 Loading class sun/security/ssl/SSLContextImpl$DefaultManagersHolder done
Event: 22.804 Loading class sun/security/ssl/SSLContextImpl$DefaultManagersHolder$1
Event: 22.805 Loading class sun/security/ssl/SSLContextImpl$DefaultManagersHolder$1 done
Event: 22.805 Loading class sun/security/ssl/SunX509KeyManagerImpl
Event: 22.805 Loading class sun/security/ssl/SunX509KeyManagerImpl done
Event: 22.870 Loading class java/time/format/DateTimeFormatterBuilder$ZoneTextPrinterParser
Event: 22.871 Loading class java/time/format/DateTimeFormatterBuilder$ZoneTextPrinterParser done
Event: 22.871 Loading class java/time/format/DateTimeFormatterBuilder$ReducedPrinterParser
Event: 22.871 Loading class java/time/format/DateTimeFormatterBuilder$ReducedPrinterParser done
Event: 23.007 Loading class org/w3c/dom/Node
Event: 23.008 Loading class org/w3c/dom/Node done
Event: 23.008 Loading class org/w3c/dom/Document
Event: 23.009 Loading class org/w3c/dom/Document done
Event: 23.180 Loading class java/util/concurrent/atomic/AtomicMarkableReference
Event: 23.180 Loading class java/util/concurrent/atomic/AtomicMarkableReference done
Event: 23.181 Loading class java/util/concurrent/atomic/AtomicMarkableReference$Pair
Event: 23.181 Loading class java/util/concurrent/atomic/AtomicMarkableReference$Pair done

Classes unloaded (0 events):
No events

Classes redefined (0 events):
No events

Internal exceptions (20 events):
Event: 18.291 Thread 0x00000202f0ad1520 Exception <a 'java/lang/IncompatibleClassChangeError'{0x00000000c4e6c418}: Found class java.lang.Object, but interface was expected> (0x00000000c4e6c418) 
thrown [s\open\src\hotspot\share\interpreter\linkResolver.cpp, line 840]
Event: 18.501 Thread 0x00000202f0ad1520 Exception <a 'java/lang/IncompatibleClassChangeError'{0x00000000c4b64cb0}: Found class java.lang.Object, but interface was expected> (0x00000000c4b64cb0) 
thrown [s\open\src\hotspot\share\interpreter\linkResolver.cpp, line 840]
Event: 18.845 Thread 0x00000202f0ad1520 Exception <a 'java/lang/NoSuchMethodError'{0x00000000c4597968}: 'java.lang.Object java.lang.invoke.DirectMethodHandle$Holder.newInvokeSpecial(java.lang.Object, java.lang.Object, int, java.lang.Object, java.lang.Object)'> (0x00000000c4597968) 
thrown [s\open\src\hotspot\share\interpreter\linkResolver.cpp, line 773]
Event: 18.908 Thread 0x00000202f0ad1520 Exception <a 'java/lang/NoSuchMethodError'{0x00000000c4476d90}: 'java.lang.Object java.lang.invoke.DirectMethodHandle$Holder.newInvokeSpecial(java.lang.Object, java.lang.Object, java.lang.Object, java.lang.Object, java.lang.Object, java.lang.Object, java.lang.Object, java.lang.Object)'> (0x00000000c4476d90) 
thrown [s\open\src\hotspot\share\interpreter\linkResolver.cpp, line 773]
Event: 19.186 Thread 0x00000202f0ad1520 Exception <a 'java/lang/NoSuchMethodError'{0x00000000c54b51c8}: 'java.lang.Object java.lang.invoke.DirectMethodHandle$Holder.invokeVirtual(java.lang.Object, java.lang.Object, java.lang.Object, java.lang.Object, java.lang.Object, java.lang.Object, java.lang.Object)'> (0x00000000c54b51c8) 
thrown [s\open\src\hotspot\share\interpreter\linkResolver.cpp, line 773]
Event: 19.290 Thread 0x00000202f0ad1520 Exception <a 'java/lang/NoSuchMethodError'{0x00000000c526a9f8}: 'void java.lang.invoke.Invokers$Holder.invokeExact_MT(java.lang.Object, java.lang.Object, int, java.lang.Object)'> (0x00000000c526a9f8) 
thrown [s\open\src\hotspot\share\interpreter\linkResolver.cpp, line 773]
Event: 19.385 Thread 0x00000202f0ad1520 Implicit null exception at 0x0000020287cf3400 to 0x0000020287cf34b8
Event: 19.517 Thread 0x00000202f0ad1520 Exception <a 'java/lang/NoSuchMethodError'{0x00000000c4e5ac58}: 'void java.lang.invoke.DirectMethodHandle$Holder.invokeStatic(java.lang.Object, java.lang.Object, java.lang.Object, int)'> (0x00000000c4e5ac58) 
thrown [s\open\src\hotspot\share\interpreter\linkResolver.cpp, line 773]
Event: 19.667 Thread 0x00000202f0ad1520 Exception <a 'java/lang/IncompatibleClassChangeError'{0x00000000c4c32310}: Found class java.lang.Object, but interface was expected> (0x00000000c4c32310) 
thrown [s\open\src\hotspot\share\interpreter\linkResolver.cpp, line 840]
Event: 19.998 Thread 0x00000202f0ad1520 Exception <a 'java/lang/NoSuchMethodError'{0x00000000c5d1cb70}: 'void java.lang.invoke.DelegatingMethodHandle$Holder.reinvoke_L(java.lang.Object, java.lang.Object, int, java.lang.Object)'> (0x00000000c5d1cb70) 
thrown [s\open\src\hotspot\share\interpreter\linkResolver.cpp, line 773]
Event: 20.856 Thread 0x00000202f0ad1520 Exception <a 'java/lang/IncompatibleClassChangeError'{0x00000000c4b01d20}: Found class java.lang.Object, but interface was expected> (0x00000000c4b01d20) 
thrown [s\open\src\hotspot\share\interpreter\linkResolver.cpp, line 840]
Event: 21.086 Thread 0x00000202f0ad1520 Exception <a 'java/lang/NoSuchMethodError'{0x00000000c58a43c8}: 'java.lang.Object java.lang.invoke.DirectMethodHandle$Holder.invokeInterface(java.lang.Object, java.lang.Object, java.lang.Object, java.lang.Object)'> (0x00000000c58a43c8) 
thrown [s\open\src\hotspot\share\interpreter\linkResolver.cpp, line 773]
Event: 21.203 Thread 0x00000202f0ad1520 Exception <a 'java/lang/NoSuchMethodError'{0x00000000c5678128}: 'void java.lang.invoke.DirectMethodHandle$Holder.invokeVirtual(java.lang.Object, java.lang.Object, long)'> (0x00000000c5678128) 
thrown [s\open\src\hotspot\share\interpreter\linkResolver.cpp, line 773]
Event: 21.344 Thread 0x00000202f0ad1520 Exception <a 'java/lang/NoSuchMethodError'{0x00000000c52317b0}: 'int java.lang.invoke.DirectMethodHandle$Holder.invokeStaticInit(java.lang.Object, java.lang.Object, java.lang.Object, java.lang.Object)'> (0x00000000c52317b0) 
thrown [s\open\src\hotspot\share\interpreter\linkResolver.cpp, line 773]
Event: 21.387 Thread 0x00000202f0ad1520 Exception <a 'java/lang/NoSuchMethodError'{0x00000000c51124f8}: 'java.lang.Object java.lang.invoke.DirectMethodHandle$Holder.invokeVirtual(java.lang.Object, java.lang.Object, java.lang.Object, java.lang.Object, java.lang.Object, java.lang.Object, java.lang.Object, java.lang.Object, java.lang.Object)'> (0x00000000c51124f8) 
thrown [s\open\src\hotspot\share\interpreter\linkResolver.cpp, line 773]
Event: 21.478 Thread 0x00000202f0ad1520 Exception <a 'java/lang/NoSuchMethodError'{0x00000000c5071920}: 'java.lang.Object java.lang.invoke.DirectMethodHandle$Holder.invokeVirtual(java.lang.Object, java.lang.Object, java.lang.Object, java.lang.Object, java.lang.Object, java.lang.Object, java.lang.Object, java.lang.Object, java.lang.Object, java.lang.Object)'> (0x00000000c5071920) 
thrown [s\open\src\hotspot\share\interpreter\linkResolver.cpp, line 773]
Event: 21.609 Thread 0x00000202f0ad1520 Exception <a 'java/lang/IncompatibleClassChangeError'{0x00000000c4d09148}: Found class java.lang.Object, but interface was expected> (0x00000000c4d09148) 
thrown [s\open\src\hotspot\share\interpreter\linkResolver.cpp, line 840]
Event: 21.622 Thread 0x00000202f0ad1520 Implicit null exception at 0x0000020287c33d0b to 0x0000020287c33f84
Event: 22.168 Thread 0x00000202f0ad1520 Exception <a 'java/lang/IncompatibleClassChangeError'{0x00000000c4f284f8}: Found class java.lang.Object, but interface was expected> (0x00000000c4f284f8) 
thrown [s\open\src\hotspot\share\interpreter\linkResolver.cpp, line 840]
Event: 22.242 Thread 0x00000202f0ad1520 Implicit null exception at 0x0000020287bc4fb1 to 0x0000020287bc5306

ZGC Phase Switch (0 events):
No events

VM Operations (20 events):
Event: 21.252 Executing VM operation: HandshakeAllThreads (Deoptimize)
Event: 21.252 Executing VM operation: HandshakeAllThreads (Deoptimize) done
Event: 21.726 Executing VM operation: G1CollectForAllocation (G1 Evacuation Pause)
Event: 21.733 Executing VM operation: G1CollectForAllocation (G1 Evacuation Pause) done
Event: 21.829 Executing VM operation: HandshakeAllThreads (Deoptimize)
Event: 21.830 Executing VM operation: HandshakeAllThreads (Deoptimize) done
Event: 22.360 Executing VM operation: ICBufferFull
Event: 22.360 Executing VM operation: ICBufferFull done
Event: 22.379 Executing VM operation: G1CollectForAllocation (G1 Evacuation Pause)
Event: 22.389 Executing VM operation: G1CollectForAllocation (G1 Evacuation Pause) done
Event: 22.459 Executing VM operation: G1PauseRemark
Event: 22.467 Executing VM operation: G1PauseRemark done
Event: 22.488 Executing VM operation: HandshakeAllThreads (Deoptimize)
Event: 22.488 Executing VM operation: HandshakeAllThreads (Deoptimize) done
Event: 22.507 Executing VM operation: G1PauseCleanup
Event: 22.508 Executing VM operation: G1PauseCleanup done
Event: 22.933 Executing VM operation: HandshakeAllThreads (Deoptimize)
Event: 22.933 Executing VM operation: HandshakeAllThreads (Deoptimize) done
Event: 23.013 Executing VM operation: G1CollectForAllocation (G1 Evacuation Pause)
Event: 23.019 Executing VM operation: G1CollectForAllocation (G1 Evacuation Pause) done

Events (20 events):
Event: 22.466 Thread 0x00000202fcf92f30 flushing nmethod 0x0000020287cd6d90
Event: 22.466 Thread 0x00000202fcf92f30 flushing nmethod 0x0000020287c7b310
Event: 22.466 Thread 0x00000202fcf92f30 flushing nmethod 0x0000020287bc5690
Event: 22.466 Thread 0x00000202fcf92f30 flushing nmethod 0x0000020287c83c10
Event: 22.466 Thread 0x00000202fcf92f30 flushing nmethod 0x0000020287c82f10
Event: 22.466 Thread 0x00000202fcf92f30 flushing nmethod 0x0000020287c52990
Event: 22.466 Thread 0x00000202fcf92f30 flushing nmethod 0x0000020287c48b10
Event: 22.466 Thread 0x00000202fcf92f30 flushing nmethod 0x0000020287c02c90
Event: 22.466 Thread 0x00000202fcf92f30 flushing nmethod 0x0000020287bf6810
Event: 22.466 Thread 0x00000202fcf92f30 flushing nmethod 0x0000020287baeb10
Event: 22.466 Thread 0x00000202fcf92f30 flushing nmethod 0x0000020287b9a410
Event: 22.466 Thread 0x00000202fcf92f30 flushing nmethod 0x0000020287b8f690
Event: 22.466 Thread 0x00000202fcf92f30 flushing nmethod 0x0000020287b72890
Event: 22.466 Thread 0x00000202fcf92f30 flushing nmethod 0x0000020287b44210
Event: 22.466 Thread 0x00000202fcf92f30 flushing nmethod 0x0000020287b5d190
Event: 22.466 Thread 0x00000202fcf92f30 flushing nmethod 0x0000020287b49210
Event: 22.466 Thread 0x00000202fcf92f30 flushing nmethod 0x0000020287b21710
Event: 22.466 Thread 0x00000202fcf92f30 flushing nmethod 0x0000020287add190
Event: 22.533 Thread 0x00000202d5a1f8f0 Thread added: 0x00000202d5a1f8f0
Event: 22.798 Thread 0x00000202d5a1f260 Thread added: 0x00000202d5a1f260


Dynamic libraries:
0x00007ff7b3320000 - 0x00007ff7b3330000 	C:\Program Files\Java\jdk-21\bin\javaw.exe
0x00007ff8bc8b0000 - 0x00007ff8bcac7000 	C:\Windows\SYSTEM32\ntdll.dll
0x00007ff8baee0000 - 0x00007ff8bafa4000 	C:\Windows\System32\KERNEL32.DLL
0x00007ff8ba220000 - 0x00007ff8ba5d7000 	C:\Windows\System32\KERNELBASE.dll
0x00007ff8b9d10000 - 0x00007ff8b9e21000 	C:\Windows\System32\ucrtbase.dll
0x00007ff837870000 - 0x00007ff837889000 	C:\Program Files\Java\jdk-21\bin\jli.dll
0x00007ff8ba6e0000 - 0x00007ff8ba792000 	C:\Windows\System32\ADVAPI32.dll
0x00007ff8ba9e0000 - 0x00007ff8baa87000 	C:\Windows\System32\msvcrt.dll
0x00007ff8bb600000 - 0x00007ff8bb6a8000 	C:\Windows\System32\sechost.dll
0x00007ff8b9c30000 - 0x00007ff8b9c58000 	C:\Windows\System32\bcrypt.dll
0x00007ff8bb4e0000 - 0x00007ff8bb5f4000 	C:\Windows\System32\RPCRT4.dll
0x00007ff8ab380000 - 0x00007ff8ab39b000 	C:\Program Files\Java\jdk-21\bin\VCRUNTIME140.dll
0x00007ff8bad30000 - 0x00007ff8baedf000 	C:\Windows\System32\USER32.dll
0x00007ff8b9c60000 - 0x00007ff8b9c86000 	C:\Windows\System32\win32u.dll
0x00007ff8bb4b0000 - 0x00007ff8bb4d9000 	C:\Windows\System32\GDI32.dll
0x00007ff8ba100000 - 0x00007ff8ba218000 	C:\Windows\System32\gdi32full.dll
0x00007ff8b9e30000 - 0x00007ff8b9eca000 	C:\Windows\System32\msvcp_win.dll
0x00007ff8a86a0000 - 0x00007ff8a8933000 	C:\Windows\WinSxS\amd64_microsoft.windows.common-controls_6595b64144ccf1df_6.0.22621.3672_none_2713b9d173822955\COMCTL32.dll
0x00007ff8b54b0000 - 0x00007ff8b54ba000 	C:\Windows\SYSTEM32\VERSION.dll
0x00007ff8bacf0000 - 0x00007ff8bad21000 	C:\Windows\System32\IMM32.DLL
0x00007ff8b61b0000 - 0x00007ff8b61bc000 	C:\Program Files\Java\jdk-21\bin\vcruntime140_1.dll
0x00007ff884b60000 - 0x00007ff884bee000 	C:\Program Files\Java\jdk-21\bin\msvcp140.dll
0x00007ff80b470000 - 0x00007ff80c185000 	C:\Program Files\Java\jdk-21\bin\server\jvm.dll
0x00007ff8bc160000 - 0x00007ff8bc1d1000 	C:\Windows\System32\WS2_32.dll
0x00007ff8b98e0000 - 0x00007ff8b992d000 	C:\Windows\SYSTEM32\POWRPROF.dll
0x00007ff8b5660000 - 0x00007ff8b5694000 	C:\Windows\SYSTEM32\WINMM.dll
0x00007ff8b98c0000 - 0x00007ff8b98d3000 	C:\Windows\SYSTEM32\UMPDC.dll
0x00007ff8b8b70000 - 0x00007ff8b8b88000 	C:\Windows\SYSTEM32\kernel.appcore.dll
0x00007ff85f020000 - 0x00007ff85f02a000 	C:\Program Files\Java\jdk-21\bin\jimage.dll
0x00007ff8b7170000 - 0x00007ff8b73a2000 	C:\Windows\SYSTEM32\DBGHELP.DLL
0x00007ff8bc4e0000 - 0x00007ff8bc86e000 	C:\Windows\System32\combase.dll
0x00007ff8bc3b0000 - 0x00007ff8bc487000 	C:\Windows\System32\OLEAUT32.dll
0x00007ff8a3ba0000 - 0x00007ff8a3bd2000 	C:\Windows\SYSTEM32\dbgcore.DLL
0x00007ff8b9c90000 - 0x00007ff8b9d0b000 	C:\Windows\System32\bcryptPrimitives.dll
0x00007ff837850000 - 0x00007ff83786f000 	C:\Program Files\Java\jdk-21\bin\java.dll
0x00007ff8bb8f0000 - 0x00007ff8bc159000 	C:\Windows\System32\SHELL32.dll
0x00007ff8b7ae0000 - 0x00007ff8b83df000 	C:\Windows\SYSTEM32\windows.storage.dll
0x00007ff8b79a0000 - 0x00007ff8b7adf000 	C:\Windows\SYSTEM32\wintypes.dll
0x00007ff8baa90000 - 0x00007ff8bab89000 	C:\Windows\System32\SHCORE.dll
0x00007ff8bb890000 - 0x00007ff8bb8ee000 	C:\Windows\System32\shlwapi.dll
0x00007ff8b9af0000 - 0x00007ff8b9b17000 	C:\Windows\SYSTEM32\profapi.dll
0x00007ff80ac80000 - 0x00007ff80ad57000 	C:\Program Files\Java\jdk-21\bin\jsvml.dll
0x00007ff84a310000 - 0x00007ff84a320000 	C:\Program Files\Java\jdk-21\bin\net.dll
0x00007ff8b5ae0000 - 0x00007ff8b5c16000 	C:\Windows\SYSTEM32\WINHTTP.dll
0x00007ff8b9040000 - 0x00007ff8b90a9000 	C:\Windows\system32\mswsock.dll
0x00007ff80ab70000 - 0x00007ff80ab86000 	C:\Program Files\Java\jdk-21\bin\nio.dll
0x00007ff80ab90000 - 0x00007ff80aba8000 	C:\Program Files\Java\jdk-21\bin\zip.dll
0x00007ff8b8640000 - 0x00007ff8b866d000 	C:\Windows\SYSTEM32\IPHLPAPI.DLL
0x00007ff8ba5f0000 - 0x00007ff8ba5f9000 	C:\Windows\System32\NSI.dll
0x00007ff8b86b0000 - 0x00007ff8b87b2000 	C:\Windows\SYSTEM32\DNSAPI.dll
0x00007ff8b17d0000 - 0x00007ff8b17da000 	C:\Windows\System32\rasadhlp.dll
0x00007ff8b3280000 - 0x00007ff8b3303000 	C:\Windows\System32\fwpuclnt.dll
0x00007ff8a93e0000 - 0x00007ff8a93ee000 	C:\Program Files\Java\jdk-21\bin\sunmscapi.dll
0x00007ff8b9ed0000 - 0x00007ff8ba036000 	C:\Windows\System32\CRYPT32.dll
0x00007ff8b9490000 - 0x00007ff8b94bd000 	C:\Windows\SYSTEM32\ncrypt.dll
0x00007ff8b9450000 - 0x00007ff8b9487000 	C:\Windows\SYSTEM32\NTASN1.dll
0x00007ff8b92c0000 - 0x00007ff8b92db000 	C:\Windows\SYSTEM32\CRYPTSP.dll
0x00007ff8b8b30000 - 0x00007ff8b8b65000 	C:\Windows\system32\rsaenh.dll
0x00007ff8b9110000 - 0x00007ff8b9138000 	C:\Windows\SYSTEM32\USERENV.dll
0x00007ff8b92b0000 - 0x00007ff8b92bc000 	C:\Windows\SYSTEM32\CRYPTBASE.dll
0x00007ff88d550000 - 0x00007ff88d55a000 	C:\Program Files\Java\jdk-21\bin\management.dll
0x00007ff88d540000 - 0x00007ff88d54b000 	C:\Program Files\Java\jdk-21\bin\management_ext.dll
0x00007ff8ba5e0000 - 0x00007ff8ba5e8000 	C:\Windows\System32\PSAPI.DLL
0x00007ff849dc0000 - 0x00007ff849dd0000 	C:\Program Files\Java\jdk-21\bin\verify.dll
0x00007ff88b490000 - 0x00007ff88b497000 	C:\Program Files\Java\jdk-21\bin\extnet.dll
0x00007ff848fc0000 - 0x00007ff848fc8000 	C:\Windows\system32\wshunix.dll

dbghelp: loaded successfully - version: 4.0.5 - missing functions: none
symbol engine: initialized successfully - sym options: 0x614 - pdb path: .;C:\Program Files\Java\jdk-21\bin;C:\Windows\SYSTEM32;C:\Windows\WinSxS\amd64_microsoft.windows.common-controls_6595b64144ccf1df_6.0.22621.3672_none_2713b9d173822955;C:\Program Files\Java\jdk-21\bin\server

VM Arguments:
jvm_args: -Dserver.port=0 -Dfile.encoding=UTF-8 -Dstdout.encoding=UTF-8 -Dstderr.encoding=UTF-8 -XX:+ShowCodeDetailsInExceptionMessages 
java_command: com.CourierManagement.TrackingService.TrackingServiceApplication
java_class_path (initial): D:\Courier_Management_System\TrackingService\target\classes;C:\Users\DELL\.m2\repository\org\springframework\cloud\spring-cloud-starter-netflix-eureka-client\4.1.1\spring-cloud-starter-netflix-eureka-client-4.1.1.jar;C:\Users\DELL\.m2\repository\org\springframework\cloud\spring-cloud-starter\4.1.2\spring-cloud-starter-4.1.2.jar;C:\Users\DELL\.m2\repository\org\springframework\cloud\spring-cloud-context\4.1.2\spring-cloud-context-4.1.2.jar;C:\Users\DELL\.m2\repository\org\springframework\security\spring-security-rsa\1.1.2\spring-security-rsa-1.1.2.jar;C:\Users\DELL\.m2\repository\org\bouncycastle\bcprov-jdk18on\1.77\bcprov-jdk18on-1.77.jar;C:\Users\DELL\.m2\repository\org\springframework\cloud\spring-cloud-netflix-eureka-client\4.1.1\spring-cloud-netflix-eureka-client-4.1.1.jar;C:\Users\DELL\.m2\repository\org\apache\httpcomponents\client5\httpclient5\5.3.1\httpclient5-5.3.1.jar;C:\Users\DELL\.m2\repository\org\apache\httpcomponents\core5\httpcore5\5.2.5\httpcore5-5.2.5.jar;C:\Users\DELL\.m2\repository\org\apache\httpcomponents\core5\httpcore5-h2\5.2.5\httpcore5-h2-5.2.5.jar;C:\Users\DELL\.m2\repository\com\netflix\eureka\eureka-client\2.0.2\eureka-client-2.0.2.jar;C:\Users\DELL\.m2\repository\com\netflix\netflix-commons\netflix-eventbus\0.3.0\netflix-eventbus-0.3.0.jar;C:\Users\DELL\.m2\repository\com\netflix\netflix-commons\netflix-infix\0.3.0\netflix-infix-0.3.0.jar;C:\Users\DELL\.m2\repository\commons-jxpath\commons-jxpath\1.3\commons-jxpath-1.3.jar;C:\Users\DELL\.m2\repository\joda-time\joda-time\2.3\joda-time-2.3.jar;C:\Users\DELL\.m2\repository\org\antlr\antlr-runtime\3.4\antlr-runtime-3.4.jar;C:\Users\DELL\.m2\repository\org\antlr\stringtemplate\3.2.1\stringtemplate-3.2.1.jar;C:\Users\DELL\.m2\repository\antlr\antlr\2.7.7\antlr-2.7.7.jar;C:\Users\DELL\.m2\repository\com\google\code\gson\gson\2.10.1\gson-2.10.1.jar;C:\Users\DELL\.m2\repository\org\apache\commons\commons-math\2.2\commons-math-2.2.jar;C:\Users\DELL\.m2\repository\com\thoughtworks\xstream\xstream\1.4.19\xstream-1.4.19.jar;C:\Users\DELL\.m2\repository\io\github\x-stream\mxparser\1.2.2\mxparser-1.2.2.jar;C:\Users\DELL\.m2\repository\xmlpull\xmlpull\1.1.3.1\xmlpull-1.1.3.1.jar;C:\Users\DELL\.m2\repository\jakarta\ws\rs\jakarta.ws.rs-api\3.1.0\jakarta.ws.rs-api-3.1.0.jar;C:\Users\DELL\.m2\repository\jakarta\inject\jakarta.inject-api\2.0.1\jakarta.inject-api-2.0.1.jar;C:\Users\DELL\.m2\repository\jakarta\annotation\jakarta.annotation-api\2.1.1\jakarta.annotation-api-2.1.1.jar;C:\Users\DELL\.m2\repository\com\netflix\servo\servo-core\0.12.21\servo-core-0.12.21.jar;C:\Users\DELL\.m2\repository\com\google\guava\guava\19.0\guava-19.0.jar;C:\Users\DELL\.m2\repository\org\apache\httpcomponents\httpclient\4.5.3\httpclient-4.5.3.jar;C:\Users\DELL\.m2\repository\org\apache\httpcomponents\httpcore\4.4.16\httpcore-4.4.16.jar;C:\Users\DELL\.m2\repository\commons-codec\commons-codec\1.16.1\commons-codec-1.16.1.jar;C:\Users\DELL\.m2\repository\commons-configuration\commons-configuration\1.10\commons-configuration-1.10.jar;C:\Users\DELL\.m2\repository\commons-lang\commons-lang\2.6\commons-lang-2.6.jar;C:\Users\DELL\.m2\repository\com\fasterxml\jackson\core\jackson-annotations\2.17.2\jackson-annotations-2.17.2.jar;C:\Users\DELL\.m2\repository\com\fasterxml\jackson\core\jackson-core\2.17.2\jackson-core-2.17.2.jar;C:\Users\DELL\.m2\repository\com\fasterxml\jackson\core\jackson-databind\2.17.2\jackson-databind-2.17.2.jar;C:\Users\DELL\.m2\repository\org\codehaus\jettison\jettison\1.5.4\jettison-1.5.4.jar;C:\Users\DELL\.m2\repository\com\netflix\eureka\eureka-core\2.0.2\eureka-core-2.0.2.jar;C:\Users\DELL\.m2\repository\com\fasterxml\woodstox\woodstox-core\6.2.1\woodstox-core-6.2.1.jar;C:\Users\DELL\.m2\repository\org\codehaus\woodstox\stax2-api\4.2.1\stax2-api-4.2.1.jar;C:\Users\DELL\.m2\repository\org\springframework\cloud\spring-cloud-starter-loadbalancer\4.1.2\spring-cloud-starter-loadbalancer-4.1.2.jar;C:\Users\DELL\.m2\repository\org\springframework\cloud\spring-cloud-loadbalancer\4.1.2\spring-cloud-loadbalancer-4.1.2.jar;C:\Users\DELL\.m2\repository\io\projectreactor\reactor-core\3.6.11\reactor-core-3.6.11.jar;C:\Users\DELL\.m2\repository\org\reactivestreams\reactive-streams\1.0.4\reactive-streams-1.0.4.jar;C:\Users\DELL\.m2\repository\io\projectreactor\addons\reactor-extra\3.5.2\reactor-extra-3.5.2.jar;C:\Users\DELL\.m2\repository\org\springframework\boot\spring-boot-starter-cache\3.3.5\spring-boot-starter-cache-3.3.5.jar;C:\Users\DELL\.m2\repository\org\springframework\spring-context-support\6.1.14\spring-context-support-6.1.14.jar;C:\Users\DELL\.m2\repository\com\stoyanr\evictor\1.0.0\evictor-1.0.0.jar;C:\Users\DELL\.m2\repository\org\springframework\boot\spring-boot-starter-data-jpa\3.3.5\spring-boot-starter-data-jpa-3.3.5.jar;C:\Users\DELL\.m2\repository\org\springframework\boot\spring-boot-starter-aop\3.3.5\spring-boot-starter-aop-3.3.5.jar;C:\Users\DELL\.m2\repository\org\aspectj\aspectjweaver\1.9.22.1\aspectjweaver-1.9.22.1.jar;C:\Users\DELL\.m2\repository\org\springframework\boot\spring-boot-starter-jdbc\3.3.5\spring-boot-starter-jdbc-3.3.5.jar;C:\Users\DELL\.m2\repository\com\zaxxer\HikariCP\5.1.0\HikariCP-5.1.0.jar;C:\Users\DELL\.m2\repository\org\springframework\spring-jdbc\6.1.14\spring-jdbc-6.1.14.jar;C:\Users\DELL\.m2\repository\org\hibernate\orm\hibernate-core\6.5.3.Final\hibernate-core-6.5.3.Final.jar;C:\Users\DELL\.m2\repository\jakarta\persistence\jakarta.persistence-api\3.1.0\jakarta.persistence-api-3.1.0.jar;C:\Users\DELL\.m2\repository\jakarta\transaction\jakarta.transaction-api\2.0.1\jakarta.transaction-api-2.0.1.jar;C:\Users\DELL\.m2\repository\org\jboss\logging\jboss-logging\3.5.3.Final\jboss-logging-3.5.3.Final.jar;C:\Users\DELL\.m2\repository\org\hibernate\common\hibernate-commons-annotations\6.0.6.Final\hibernate-commons-annotations-6.0.6.Final.jar;C:\Users\DELL\.m2\repository\io\smallrye\jandex\3.1.2\jandex-3.1.2.jar;C:\Users\DELL\.m2\repository\com\fasterxml\classmate\1.7.0\classmate-1.7.0.jar;C:\Users\DELL\.m2\repository\net\bytebuddy\byte-buddy\1.14.19\byte-buddy-1.14.19.jar;C:\Users\DELL\.m2\repository\org\glassfish\jaxb\jaxb-runtime\4.0.5\jaxb-runtime-4.0.5.jar;C:\Users\DELL\.m2\repository\org\glassfish\jaxb\jaxb-core\4.0.5\jaxb-core-4.0.5.jar;C:\Users\DELL\.m2\repository\org\eclipse\angus\angus-activation\2.0.2\angus-activation-2.0.2.jar;C:\Users\DELL\.m2\repository\org\glassfish\jaxb\txw2\4.0.5\txw2-4.0.5.jar;C:\Users\DELL\.m2\repository\com\sun\istack\istack-commons-runtime\4.1.2\istack-commons-runtime-4.1.2.jar;C:\Users\DELL\.m2\repository\org\antlr\antlr4-runtime\4.13.0\antlr4-runtime-4.13.0.jar;C:\Users\DELL\.m2\repository\org\springframework\data\spring-data-jpa\3.3.5\spring-data-jpa-3.3.5.jar;C:\Users\DELL\.m2\repository\org\springframework\data\spring-data-commons\3.3.5\spring-data-commons-3.3.5.jar;C:\Users\DELL\.m2\repository\org\springframework\spring-orm\6.1.14\spring-orm-6.1.14.jar;C:\Users\DELL\.m2\repository\org\springframework\spring-context\6.1.14\spring-context-6.1.14.jar;C:\Users\DELL\.m2\repository\org\springframework\spring-tx\6.1.14\spring-tx-6.1.14.jar;C:\Users\DELL\.m2\repository\org\springframework\spring-beans\6.1.14\spring-beans-6.1.14.jar;C:\Users\DELL\.m2\repository\org\springframework\spring-aspects\6.1.14\spring-aspects-6.1.14.jar;C:\Users\DELL\.m2\repository\org\springframework\boot\spring-boot-starter-security\3.3.5\spring-boot-starter-security-3.3.5.jar;C:\Users\DELL\.m2\repository\org\springframework\boot\spring-boot-starter\3.3.5\spring-boot-starter-3.3.5.jar;C:\Users\DELL\.m2\repository\org\springframework\boot\spring-boot\3.3.5\spring-boot-3.3.5.jar;C:\Users\DELL\.m2\repository\org\springframework\boot\spring-boot-autoconfigure\3.3.5\spring-boot-autoconfigure-3.3.5.jar;C:\Users\DELL\.m2\repository\org\springframework\boot\spring-boot-starter-logging\3.3.5\spring-boot-starter-logging-3.3.5.jar;C:\Users\DELL\.m2\repository\ch\qos\logback\logback-classic\1.5.11\logback-classic-1.5.11.jar;C:\Users\DELL\.m2\repository\ch\qos\logback\logback-core\1.5.11\logback-core-1.5.11.jar;C:\Users\DELL\.m2\repository\org\apache\logging\log4j\log4j-to-slf4j\2.23.1\log4j-to-slf4j-2.23.1.jar;C:\Users\DELL\.m2\repository\org\apache\logging\log4j\log4j-api\2.23.1\log4j-api-2.23.1.jar;C:\Users\DELL\.m2\repository\org\slf4j\jul-to-slf4j\2.0.16\jul-to-slf4j-2.0.16.jar;C:\Users\DELL\.m2\repository\org\yaml\snakeyaml\2.2\snakeyaml-2.2.jar;C:\Users\DELL\.m2\repository\org\springframework\spring-aop\6.1.14\spring-aop-6.1.14.jar;C:\Users\DELL\.m2\repository\org\springframework\security\spring-security-config\6.3.4\spring-security-config-6.3.4.jar;C:\Users\DELL\.m2\repository\org\springframework\security\spring-security-web\6.3.4\spring-security-web-6.3.4.jar;C:\Users\DELL\.m2\repository\org\springframework\spring-expression\6.1.14\spring-expression-6.1.14.jar;C:\Users\DELL\.m2\repository\org\springframework\boot\spring-boot-starter-validation\3.3.5\spring-boot-starter-validation-3.3.5.jar;C:\Users\DELL\.m2\repository\org\apache\tomcat\embed\tomcat-embed-el\10.1.31\tomcat-embed-el-10.1.31.jar;C:\Users\DELL\.m2\repository\org\hibernate\validator\hibernate-validator\8.0.1.Final\hibernate-validator-8.0.1.Final.jar;C:\Users\DELL\.m2\repository\jakarta\validation\jakarta.validation-api\3.0.2\jakarta.validation-api-3.0.2.jar;C:\Users\DELL\.m2\repository\org\springframework\boot\spring-boot-starter-web\3.3.5\spring-boot-starter-web-3.3.5.jar;C:\Users\DELL\.m2\repository\org\springframework\boot\spring-boot-starter-json\3.3.5\spring-boot-starter-json-3.3.5.jar;C:\Users\DELL\.m2\repository\com\fasterxml\jackson\datatype\jackson-datatype-jdk8\2.17.2\jackson-datatype-jdk8-2.17.2.jar;C:\Users\DELL\.m2\repository\com\fasterxml\jackson\datatype\jackson-datatype-jsr310\2.17.2\jackson-datatype-jsr310-2.17.2.jar;C:\Users\DELL\.m2\repository\com\fasterxml\jackson\module\jackson-module-parameter-names\2.17.2\jackson-module-parameter-names-2.17.2.jar;C:\Users\DELL\.m2\repository\org\springframework\boot\spring-boot-starter-tomcat\3.3.5\spring-boot-starter-tomcat-3.3.5.jar;C:\Users\DELL\.m2\repository\org\apache\tomcat\embed\tomcat-embed-core\10.1.31\tomcat-embed-core-10.1.31.jar;C:\Users\DELL\.m2\repository\org\apache\tomcat\embed\tomcat-embed-websocket\10.1.31\tomcat-embed-websocket-10.1.31.jar;C:\Users\DELL\.m2\repository\org\springframework\spring-web\6.1.14\spring-web-6.1.14.jar;C:\Users\DELL\.m2\repository\io\micrometer\micrometer-observation\1.13.6\micrometer-observation-1.13.6.jar;C:\Users\DELL\.m2\repository\io\micrometer\micrometer-commons\1.13.6\micrometer-commons-1.13.6.jar;C:\Users\DELL\.m2\repository\org\springframework\spring-webmvc\6.1.14\spring-webmvc-6.1.14.jar;C:\Users\DELL\.m2\repository\org\springdoc\springdoc-openapi-starter-webmvc-ui\2.3.0\springdoc-openapi-starter-webmvc-ui-2.3.0.jar;C:\Users\DELL\.m2\repository\org\springdoc\springdoc-openapi-starter-webmvc-api\2.3.0\springdoc-openapi-starter-webmvc-api-2.3.0.jar;C:\Users\DELL\.m2\repository\org\springdoc\springdoc-openapi-starter-common\2.3.0\springdoc-openapi-starter-common-2.3.0.jar;C:\Users\DELL\.m2\repository\io\swagger\core\v3\swagger-core-jakarta\2.2.19\swagger-core-jakarta-2.2.19.jar;C:\Users\DELL\.m2\repository\org\apache\commons\commons-lang3\3.14.0\commons-lang3-3.14.0.jar;C:\Users\DELL\.m2\repository\io\swagger\core\v3\swagger-annotations-jakarta\2.2.19\swagger-annotations-jakarta-2.2.19.jar;C:\Users\DELL\.m2\repository\io\swagger\core\v3\swagger-models-jakarta\2.2.19\swagger-models-jakarta-2.2.19.jar;C:\Users\DELL\.m2\repository\com\fasterxml\jackson\dataformat\jackson-dataformat-yaml\2.17.2\jackson-dataformat-yaml-2.17.2.jar;C:\Users\DELL\.m2\repository\org\webjars\swagger-ui\5.10.3\swagger-ui-5.10.3.jar;C:\Users\DELL\.m2\repository\com\mysql\mysql-connector-j\8.3.0\mysql-connector-j-8.3.0.jar;C:\Users\DELL\.m2\repository\org\projectlombok\lombok\1.18.34\lombok-1.18.34.jar;C:\Users\DELL\.m2\repository\io\micrometer\micrometer-tracing-bridge-brave\1.3.5\micrometer-tracing-bridge-brave-1.3.5.jar;C:\Users\DELL\.m2\repository\io\micrometer\micrometer-tracing\1.3.5\micrometer-tracing-1.3.5.jar;C:\Users\DELL\.m2\repository\io\micrometer\context-propagation\1.1.2\context-propagation-1.1.2.jar;C:\Users\DELL\.m2\repository\aopalliance\aopalliance\1.0\aopalliance-1.0.jar;C:\Users\DELL\.m2\repository\org\slf4j\slf4j-api\2.0.16\slf4j-api-2.0.16.jar;C:\Users\DELL\.m2\repository\io\zipkin\brave\brave\6.0.3\brave-6.0.3.jar;C:\Users\DELL\.m2\repository\io\zipkin\brave\brave-context-slf4j\6.0.3\brave-context-slf4j-6.0.3.jar;C:\Users\DELL\.m2\repository\io\zipkin\brave\brave-instrumentation-http\6.0.3\brave-instrumentation-http-6.0.3.jar;C:\Users\DELL\.m2\repository\io\zipkin\aws\brave-propagation-aws\1.2.5\brave-propagation-aws-1.2.5.jar;C:\Users\DELL\.m2\repository\io\zipkin\contrib\brave-propagation-w3c\brave-propagation-tracecontext\0.2.0\brave-propagation-tracecontext-0.2.0.jar;C:\Users\DELL\.m2\repository\io\zipkin\reporter2\zipkin-reporter-brave\3.4.2\zipkin-reporter-brave-3.4.2.jar;C:\Users\DELL\.m2\repository\io\zipkin\reporter2\zipkin-reporter\3.4.2\zipkin-reporter-3.4.2.jar;C:\Users\DELL\.m2\repository\jakarta\xml\bind\jakarta.xml.bind-api\4.0.2\jakarta.xml.bind-api-4.0.2.jar;C:\Users\DELL\.m2\repository\jakarta\activation\jakarta.activation-api\2.1.3\jakarta.activation-api-2.1.3.jar;C:\Users\DELL\.m2\repository\org\springframework\spring-core\6.1.14\spring-core-6.1.14.jar;C:\Users\DELL\.m2\repository\org\springframework\spring-jcl\6.1.14\spring-jcl-6.1.14.jar;C:\Users\DELL\.m2\repository\org\springframework\security\spring-security-core\6.3.4\spring-security-core-6.3.4.jar;C:\Users\DELL\.m2\repository\org\springframework\security\spring-security-crypto\6.3.4\spring-security-crypto-6.3.4.jar;C:\Users\DELL\.m2\repository\org\springframework\cloud\spring-cloud-starter-openfeign\4.1.1\spring-cloud-starter-openfeign-4.1.1.jar;C:\Users\DELL\.m2\repository\org\springframework\cloud\spring-cloud-openfeign-core\4.1.1\spring-cloud-openfeign-core-4.1.1.jar;C:\Users\DELL\.m2\repository\io\github\openfeign\form\feign-form-spring\3.8.0\feign-form-spring-3.8.0.jar;C:\Users\DELL\.m2\repository\io\github\openfeign\form\feign-form\3.8.0\feign-form-3.8.0.jar;C:\Users\DELL\.m2\repository\commons-fileupload\commons-fileupload\1.5\commons-fileupload-1.5.jar;C:\Users\DELL\.m2\repository\commons-io\commons-io\2.11.0\commons-io-2.11.0.jar;C:\Users\DELL\.m2\repository\org\springframework\cloud\spring-cloud-commons\4.1.2\spring-cloud-commons-4.1.2.jar;C:\Users\DELL\.m2\repository\io\github\openfeign\feign-core\13.2.1\feign-core-13.2.1.jar;C:\Users\DELL\.m2\repository\io\github\openfeign\feign-slf4j\13.2.1\feign-slf4j-13.2.1.jar
Launcher Type: SUN_STANDARD

[Global flags]
     intx CICompilerCount                          = 4                                         {product} {ergonomic}
     uint ConcGCThreads                            = 2                                         {product} {ergonomic}
     uint G1ConcRefinementThreads                  = 8                                         {product} {ergonomic}
   size_t G1HeapRegionSize                         = 1048576                                   {product} {ergonomic}
    uintx GCDrainStackTargetSize                   = 64                                        {product} {ergonomic}
   size_t InitialHeapSize                          = 67108864                                  {product} {ergonomic}
   size_t MarkStackSize                            = 4194304                                   {product} {ergonomic}
   size_t MaxHeapSize                              = 1042284544                                {product} {ergonomic}
   size_t MaxNewSize                               = 624951296                                 {product} {ergonomic}
   size_t MinHeapDeltaBytes                        = 1048576                                   {product} {ergonomic}
   size_t MinHeapSize                              = 8388608                                   {product} {ergonomic}
    uintx NonNMethodCodeHeapSize                   = 5839372                                {pd product} {ergonomic}
    uintx NonProfiledCodeHeapSize                  = 122909434                              {pd product} {ergonomic}
    uintx ProfiledCodeHeapSize                     = 122909434                              {pd product} {ergonomic}
    uintx ReservedCodeCacheSize                    = 251658240                              {pd product} {ergonomic}
     bool SegmentedCodeCache                       = true                                      {product} {ergonomic}
     bool ShowCodeDetailsInExceptionMessages       = true                                   {manageable} {command line}
   size_t SoftMaxHeapSize                          = 1042284544                             {manageable} {ergonomic}
     bool UseCompressedOops                        = true                           {product lp64_product} {ergonomic}
     bool UseG1GC                                  = true                                      {product} {ergonomic}
     bool UseLargePagesIndividualAllocation        = false                                  {pd product} {ergonomic}

Logging:
Log output configuration:
 #0: stdout all=warning uptime,level,tags foldmultilines=false
 #1: stderr all=off uptime,level,tags foldmultilines=false

Environment Variables:
JAVA_HOME=C:\Program Files\Java\jdk1.8.0_202\bin
PATH=C:/Program Files/Java/jdk-21/bin/server;C:/Program Files/Java/jdk-21/bin;D:\oracle\product\10.2.0\db_1\bin;C:\Program Files\Smart Projects\IsoBuster;C:\Program Files\Common Files\Oracle\Java\javapath;C:\Program Files (x86)\Common Files\Oracle\Java\javapath;C:\oraclexe\app\oracle\product\11.2.0\server\bin;C:\Windows\system32;C:\Windows;C:\Windows\System32\Wbem;C:\Windows\System32\WindowsPowerShell\v1.0\;C:\Windows\System32\OpenSSH\;C:\Program Files\Git\cmd;C:\composer;C:\Program Files\Git\bin;C:\Program Files\nodejs\;C:\Program Files (x86)\Microsoft SQL Server\160\Tools\Binn\;C:\Program Files\Microsoft SQL Server\160\Tools\Binn\;C:\Program Files\Microsoft SQL Server\Client SDK\ODBC\170\Tools\Binn\;C:\Program Files\Microsoft SQL Server\160\DTS\Binn\;C:\Program Files\Java\jdk1.8.0_202\bin;C:\Program Files\MySQL\MySQL Server 8.0\bin;C:\Program Files\Erlang OTP\bin;;C:\Program Files\Docker\Docker\resources\bin;C:\Program Files\MySQL\MySQL Shell 8.0\bin\;C:\Users\DELL\AppData\Local\Programs\Python\Python313\Scripts\;C:\Users\DELL\AppData\Local\Programs\Python\Python313\;C:\Users\DELL\AppData\Local\Programs\Python\Python311\Scripts\;C:\Users\DELL\AppData\Local\Programs\Python\Python311\;C:\Users\DELL\AppData\Local\Microsoft\WindowsApps;C:\Users\DELL\AppData\Local\Programs\Microsoft VS Code\bin;C:\MinGW\bin;C:\xampp\php;C:\Users\DELL\composer;C:\Users\DELL\AppData\Roaming\Composer\vendor\bin;C:\Users\DELL\AppData\Roaming\npm;C:\Windows\System32;
USERNAME=DELL
OS=Windows_NT
PROCESSOR_IDENTIFIER=Intel64 Family 6 Model 142 Stepping 12, GenuineIntel
TMP=C:\Users\DELL\AppData\Local\Temp
TEMP=C:\Users\DELL\AppData\Local\Temp




Periodic native trim disabled

---------------  S Y S T E M  ---------------

OS:
 Windows 11 , 64 bit Build 22621 (10.0.22621.3958)
OS uptime: 3 days 2:41 hours
Hyper-V role detected

CPU: total 8 (initial active 8) (4 cores per cpu, 2 threads per core) family 6 model 142 stepping 12 microcode 0xf8, cx8, cmov, fxsr, ht, mmx, 3dnowpref, sse, sse2, sse3, ssse3, sse4.1, sse4.2, popcnt, lzcnt, tsc, tscinvbit, avx, avx2, aes, erms, clmul, bmi1, bmi2, adx, fma, vzeroupper, clflush, clflushopt, hv, rdtscp, f16c
Processor Information for all 8 processors :
  Max Mhz: 1800, Current Mhz: 1600, Mhz Limit: 1584

Memory: 4k page, system-wide physical 3971M (191M free)
TotalPageFile size 16259M (AvailPageFile size 5M)
current process WorkingSet (physical memory assigned to process): 269M, peak: 272M
current process commit charge ("private bytes"): 320M, peak: 323M

vm_info: Java HotSpot(TM) 64-Bit Server VM (21.0.1+12-LTS-29) for windows-amd64 JRE (21.0.1+12-LTS-29), built on 2023-10-05T13:27:09Z by "mach5one" with MS VC++ 17.1 (VS2022)

END.
