#
# There is insufficient memory for the Java Runtime Environment to continue.
# Native memory allocation (malloc) failed to allocate 672336 bytes for Chunk::new
# Possible reasons:
#   The system is out of physical RAM or swap space
#   The process is running with CompressedOops enabled, and the Java Heap may be blocking the growth of the native heap
# Possible solutions:
#   Reduce memory load on the system
#   Increase physical memory or swap space
#   Check if swap backing store is full
#   Decrease Java heap size (-Xmx/-Xms)
#   Decrease number of Java threads
#   Decrease Java thread stack sizes (-Xss)
#   Set larger code cache with -XX:ReservedCodeCacheSize=
#   JVM is running with Unscaled Compressed Oops mode in which the Java heap is
#     placed in the first 4GB address space. The Java Heap base address is the
#     maximum limit for the native heap growth. Please use -XX:HeapBaseMinAddress
#     to set the Java Heap base and to place the Java Heap above 4GB virtual address.
# This output file may be truncated or incomplete.
#
#  Out of Memory Error (arena.cpp:168), pid=8080, tid=24312
#
# JRE version: Java(TM) SE Runtime Environment (21.0.1+12) (build 21.0.1+12-LTS-29)
# Java VM: Java HotSpot(TM) 64-Bit Server VM (21.0.1+12-LTS-29, mixed mode, sharing, tiered, compressed oops, compressed class ptrs, g1 gc, windows-amd64)
# No core dump will be written. Minidumps are not enabled by default on client versions of Windows
#

---------------  S U M M A R Y ------------

Command Line: -Dserver.port=0 -Dfile.encoding=UTF-8 -Dstdout.encoding=UTF-8 -Dstderr.encoding=UTF-8 -XX:+ShowCodeDetailsInExceptionMessages com.CourierManagement.ApiGateway.ApiGatewayApplication

Host: Intel(R) Core(TM) i5-8265U CPU @ 1.60GHz, 8 cores, 3G,  Windows 11 , 64 bit Build 22621 (10.0.22621.3958)
Time: Sat Mar 28 15:53:13 2026 India Standard Time elapsed time: 287.489135 seconds (0d 0h 4m 47s)

---------------  T H R E A D  ---------------

Current thread (0x0000028dc7ce9cf0):  JavaThread "C2 CompilerThread0" daemon [_thread_in_native, id=24312, stack(0x000000b061a00000,0x000000b061b00000) (1024K)]


Current CompileTask:
C2: 287489 6909       4       org.springframework.core.convert.support.GenericConversionService$Converters::find (119 bytes)

Stack: [0x000000b061a00000,0x000000b061b00000]
Native frames: (J=compiled Java code, j=interpreted, Vv=VM code, C=native code)
V  [jvm.dll+0x6c9029]
V  [jvm.dll+0x854b81]
V  [jvm.dll+0x856e5e]
V  [jvm.dll+0x857543]
V  [jvm.dll+0x280c06]
V  [jvm.dll+0xc3ead]
V  [jvm.dll+0xc43c3]
V  [jvm.dll+0x2f3f3f]
V  [jvm.dll+0x5f40a6]
V  [jvm.dll+0x252bef]
V  [jvm.dll+0x24b431]
V  [jvm.dll+0x248fa3]
V  [jvm.dll+0x1c9ca1]
V  [jvm.dll+0x2586b9]
V  [jvm.dll+0x256c9a]
V  [jvm.dll+0x3ef1b6]
V  [jvm.dll+0x7fd728]
V  [jvm.dll+0x6c777d]
C  [ucrtbase.dll+0x29333]
C  [KERNEL32.DLL+0x1257d]
C  [ntdll.dll+0x5af08]


---------------  P R O C E S S  ---------------

Threads class SMR info:
_java_thread_list=0x0000028e10eb2000, length=22, elements={
0x0000028dc7ccec40, 0x0000028dc7ccfb60, 0x0000028dc7cd2530, 0x0000028dc7cd50d0,
0x0000028dc7cd5c60, 0x0000028dc7ce28a0, 0x0000028dc7ce9cf0, 0x0000028dc7ced7b0,
0x0000028dc7ce2f30, 0x0000028dc7ce2210, 0x0000028dc7ce42e0, 0x0000028dc7ce14f0,
0x0000028dc7ce3c50, 0x0000028dc7ce1b80, 0x0000028dc7ce4970, 0x0000028e106025d0,
0x0000028e105ffe70, 0x0000028e105ff7e0, 0x0000028e10601f40, 0x0000028e10600b90,
0x0000028e10602c60, 0x0000028e105fbcd0
}

Java Threads: ( => current thread )
  0x0000028dc7ccec40 JavaThread "Reference Handler"          daemon [_thread_blocked, id=8360, stack(0x000000b061400000,0x000000b061500000) (1024K)]
  0x0000028dc7ccfb60 JavaThread "Finalizer"                  daemon [_thread_blocked, id=16152, stack(0x000000b061500000,0x000000b061600000) (1024K)]
  0x0000028dc7cd2530 JavaThread "Signal Dispatcher"          daemon [_thread_blocked, id=3192, stack(0x000000b061600000,0x000000b061700000) (1024K)]
  0x0000028dc7cd50d0 JavaThread "Attach Listener"            daemon [_thread_blocked, id=15904, stack(0x000000b061700000,0x000000b061800000) (1024K)]
  0x0000028dc7cd5c60 JavaThread "Service Thread"             daemon [_thread_blocked, id=22952, stack(0x000000b061800000,0x000000b061900000) (1024K)]
  0x0000028dc7ce28a0 JavaThread "Monitor Deflation Thread"   daemon [_thread_blocked, id=6384, stack(0x000000b061900000,0x000000b061a00000) (1024K)]
=>0x0000028dc7ce9cf0 JavaThread "C2 CompilerThread0"         daemon [_thread_in_native, id=24312, stack(0x000000b061a00000,0x000000b061b00000) (1024K)]
  0x0000028dc7ced7b0 JavaThread "C1 CompilerThread0"         daemon [_thread_blocked, id=16604, stack(0x000000b061b00000,0x000000b061c00000) (1024K)]
  0x0000028dc7ce2f30 JavaThread "Notification Thread"        daemon [_thread_blocked, id=7580, stack(0x000000b061c00000,0x000000b061d00000) (1024K)]
  0x0000028dc7ce2210 JavaThread "Common-Cleaner"             daemon [_thread_blocked, id=21132, stack(0x000000b061d00000,0x000000b061e00000) (1024K)]
  0x0000028dc7ce42e0 JavaThread "boundedElastic-evictor-1"   daemon [_thread_blocked, id=20136, stack(0x000000b062600000,0x000000b062700000) (1024K)]
  0x0000028dc7ce14f0 JavaThread "spring.cloud.inetutils"     daemon [_thread_blocked, id=15872, stack(0x000000b062700000,0x000000b062800000) (1024K)]
  0x0000028dc7ce3c50 JavaThread "reactor-http-nio-1"         daemon [_thread_in_native, id=12484, stack(0x000000b062800000,0x000000b062900000) (1024K)]
  0x0000028dc7ce1b80 JavaThread "server"                            [_thread_blocked, id=18996, stack(0x000000b062900000,0x000000b062a00000) (1024K)]
  0x0000028dc7ce4970 JavaThread "spectator-gauge-polling-0"  daemon [_thread_blocked, id=10256, stack(0x000000b062a00000,0x000000b062b00000) (1024K)]
  0x0000028e106025d0 JavaThread "AsyncResolver-bootstrap-%d" daemon [_thread_blocked, id=14472, stack(0x000000b062b00000,0x000000b062c00000) (1024K)]
  0x0000028e105ffe70 JavaThread "DiscoveryClient-%d"         daemon [_thread_blocked, id=22248, stack(0x000000b062d00000,0x000000b062e00000) (1024K)]
  0x0000028e105ff7e0 JavaThread "DiscoveryClient-%d"         daemon [_thread_blocked, id=17400, stack(0x000000b062e00000,0x000000b062f00000) (1024K)]
  0x0000028e10601f40 JavaThread "DiscoveryClient-InstanceInfoReplicator-%d" daemon [_thread_blocked, id=17080, stack(0x000000b062f00000,0x000000b063000000) (1024K)]
  0x0000028e10600b90 JavaThread "DestroyJavaVM"                     [_thread_blocked, id=3156, stack(0x000000b060c00000,0x000000b060d00000) (1024K)]
  0x0000028e10602c60 JavaThread "DiscoveryClient-CacheRefreshExecutor-%d" daemon [_thread_blocked, id=11632, stack(0x000000b063200000,0x000000b063300000) (1024K)]
  0x0000028e105fbcd0 JavaThread "DiscoveryClient-HeartbeatExecutor-%d" daemon [_thread_blocked, id=23620, stack(0x000000b063300000,0x000000b063400000) (1024K)]
Total: 22

Other Threads:
  0x0000028dc7cb2bd0 VMThread "VM Thread"                           [id=18484, stack(0x000000b061300000,0x000000b061400000) (1024K)]
  0x0000028dac898640 WatcherThread "VM Periodic Task Thread"        [id=8340, stack(0x000000b061200000,0x000000b061300000) (1024K)]
  0x0000028dac82a130 WorkerThread "GC Thread#0"                     [id=23972, stack(0x000000b060d00000,0x000000b060e00000) (1024K)]
  0x0000028e0d929100 WorkerThread "GC Thread#1"                     [id=22384, stack(0x000000b061e00000,0x000000b061f00000) (1024K)]
  0x0000028e0d929cc0 WorkerThread "GC Thread#2"                     [id=4316, stack(0x000000b061f00000,0x000000b062000000) (1024K)]
  0x0000028e0dce0450 WorkerThread "GC Thread#3"                     [id=17784, stack(0x000000b062000000,0x000000b062100000) (1024K)]
  0x0000028e0dd41380 WorkerThread "GC Thread#4"                     [id=14880, stack(0x000000b062100000,0x000000b062200000) (1024K)]
  0x0000028e0e5f9a60 WorkerThread "GC Thread#5"                     [id=18368, stack(0x000000b062300000,0x000000b062400000) (1024K)]
  0x0000028e0e5f9e00 WorkerThread "GC Thread#6"                     [id=13112, stack(0x000000b062400000,0x000000b062500000) (1024K)]
  0x0000028e0e5fa1a0 WorkerThread "GC Thread#7"                     [id=4840, stack(0x000000b062500000,0x000000b062600000) (1024K)]
  0x0000028dac832f00 ConcurrentGCThread "G1 Main Marker"            [id=3756, stack(0x000000b060e00000,0x000000b060f00000) (1024K)]
  0x0000028dac8349b0 WorkerThread "G1 Conc#0"                       [id=17484, stack(0x000000b060f00000,0x000000b061000000) (1024K)]
  0x0000028e0e5741c0 WorkerThread "G1 Conc#1"                       [id=19824, stack(0x000000b062200000,0x000000b062300000) (1024K)]
  0x0000028dac88e2f0 ConcurrentGCThread "G1 Refine#0"               [id=18280, stack(0x000000b061000000,0x000000b061100000) (1024K)]
  0x0000028dac88ee60 ConcurrentGCThread "G1 Service"                [id=17040, stack(0x000000b061100000,0x000000b061200000) (1024K)]
Total: 15

Threads with active compile tasks:
C2 CompilerThread0   287566 6909       4       org.springframework.core.convert.support.GenericConversionService$Converters::find (119 bytes)
Total: 1

VM state: not at safepoint (normal execution)

VM Mutex/Monitor currently owned by a thread: None

Heap address: 0x00000000c1e00000, size: 994 MB, Compressed Oops mode: 32-bit

CDS archive(s) mapped at: [0x0000028dc8000000-0x0000028dc8c90000-0x0000028dc8c90000), size 13172736, SharedBaseAddress: 0x0000028dc8000000, ArchiveRelocationMode: 1.
Compressed class space mapped at: 0x0000028dc9000000-0x0000028e09000000, reserved size: 1073741824
Narrow klass base: 0x0000028dc8000000, Narrow klass shift: 0, Narrow klass range: 0x100000000

GC Precious Log:
 CardTable entry size: 512
 Card Set container configuration: InlinePtr #cards 5 size 8 Array Of Cards #cards 12 size 40 Howl #buckets 4 coarsen threshold 1843 Howl Bitmap #cards 512 size 80 coarsen threshold 460 Card regions per heap region 1 cards per card region 2048
 CPUs: 8 total, 8 available
 Memory: 3971M
 Large Page Support: Disabled
 NUMA Support: Disabled
 Compressed Oops: Enabled (32-bit)
 Heap Region Size: 1M
 Heap Min Capacity: 8M
 Heap Initial Capacity: 64M
 Heap Max Capacity: 994M
 Pre-touch: Disabled
 Parallel Workers: 8
 Concurrent Workers: 2
 Concurrent Refinement Workers: 8
 Periodic GC: Disabled

Heap:
 garbage-first heap   total 70656K, used 58541K [0x00000000c1e00000, 0x0000000100000000)
  region size 1024K, 31 young (31744K), 5 survivors (5120K)
 Metaspace       used 54874K, committed 55680K, reserved 1114112K
  class space    used 7324K, committed 7680K, reserved 1048576K

Heap Regions: E=young(eden), S=young(survivor), O=old, HS=humongous(starts), HC=humongous(continues), CS=collection set, F=free, TAMS=top-at-mark-start, PB=parsable bottom
|   0|0x00000000c1e00000, 0x00000000c1f00000, 0x00000000c1f00000|100%|HS|  |TAMS 0x00000000c1e00000| PB 0x00000000c1e00000| Complete 
|   1|0x00000000c1f00000, 0x00000000c2000000, 0x00000000c2000000|100%| O|  |TAMS 0x00000000c1f00000| PB 0x00000000c1f00000| Untracked 
|   2|0x00000000c2000000, 0x00000000c2100000, 0x00000000c2100000|100%| O|  |TAMS 0x00000000c2000000| PB 0x00000000c2000000| Untracked 
|   3|0x00000000c2100000, 0x00000000c2200000, 0x00000000c2200000|100%| O|  |TAMS 0x00000000c2100000| PB 0x00000000c2100000| Untracked 
|   4|0x00000000c2200000, 0x00000000c2300000, 0x00000000c2300000|100%| O|  |TAMS 0x00000000c2200000| PB 0x00000000c2200000| Untracked 
|   5|0x00000000c2300000, 0x00000000c2400000, 0x00000000c2400000|100%| O|  |TAMS 0x00000000c2300000| PB 0x00000000c2300000| Untracked 
|   6|0x00000000c2400000, 0x00000000c2500000, 0x00000000c2500000|100%| O|  |TAMS 0x00000000c2400000| PB 0x00000000c2400000| Untracked 
|   7|0x00000000c2500000, 0x00000000c2600000, 0x00000000c2600000|100%| O|  |TAMS 0x00000000c2500000| PB 0x00000000c2500000| Untracked 
|   8|0x00000000c2600000, 0x00000000c2700000, 0x00000000c2700000|100%| O|  |TAMS 0x00000000c2600000| PB 0x00000000c2600000| Untracked 
|   9|0x00000000c2700000, 0x00000000c2800000, 0x00000000c2800000|100%| O|  |TAMS 0x00000000c2700000| PB 0x00000000c2700000| Untracked 
|  10|0x00000000c2800000, 0x00000000c2900000, 0x00000000c2900000|100%| O|  |TAMS 0x00000000c2800000| PB 0x00000000c2800000| Untracked 
|  11|0x00000000c2900000, 0x00000000c2a00000, 0x00000000c2a00000|100%| O|  |TAMS 0x00000000c2900000| PB 0x00000000c2900000| Untracked 
|  12|0x00000000c2a00000, 0x00000000c2b00000, 0x00000000c2b00000|100%| O|  |TAMS 0x00000000c2a00000| PB 0x00000000c2a00000| Untracked 
|  13|0x00000000c2b00000, 0x00000000c2c00000, 0x00000000c2c00000|100%| O|  |TAMS 0x00000000c2b00000| PB 0x00000000c2b00000| Untracked 
|  14|0x00000000c2c00000, 0x00000000c2d00000, 0x00000000c2d00000|100%| O|  |TAMS 0x00000000c2c00000| PB 0x00000000c2c00000| Untracked 
|  15|0x00000000c2d00000, 0x00000000c2e00000, 0x00000000c2e00000|100%| O|  |TAMS 0x00000000c2d00000| PB 0x00000000c2d00000| Untracked 
|  16|0x00000000c2e00000, 0x00000000c2f00000, 0x00000000c2f00000|100%| O|  |TAMS 0x00000000c2e00000| PB 0x00000000c2e00000| Untracked 
|  17|0x00000000c2f00000, 0x00000000c3000000, 0x00000000c3000000|100%| O|  |TAMS 0x00000000c2f00000| PB 0x00000000c2f00000| Untracked 
|  18|0x00000000c3000000, 0x00000000c3100000, 0x00000000c3100000|100%| O|  |TAMS 0x00000000c3000000| PB 0x00000000c3000000| Untracked 
|  19|0x00000000c3100000, 0x00000000c3200000, 0x00000000c3200000|100%| O|  |TAMS 0x00000000c3100000| PB 0x00000000c3100000| Untracked 
|  20|0x00000000c3200000, 0x00000000c3300000, 0x00000000c3300000|100%| O|  |TAMS 0x00000000c3200000| PB 0x00000000c3200000| Untracked 
|  21|0x00000000c3300000, 0x00000000c3400000, 0x00000000c3400000|100%| O|  |TAMS 0x00000000c3300000| PB 0x00000000c3300000| Untracked 
|  22|0x00000000c3400000, 0x00000000c3500000, 0x00000000c3500000|100%| O|  |TAMS 0x00000000c3400000| PB 0x00000000c3400000| Untracked 
|  23|0x00000000c3500000, 0x00000000c3600000, 0x00000000c3600000|100%| O|  |TAMS 0x00000000c3500000| PB 0x00000000c3500000| Untracked 
|  24|0x00000000c3600000, 0x00000000c3700000, 0x00000000c3700000|100%| O|  |TAMS 0x00000000c3600000| PB 0x00000000c3600000| Untracked 
|  25|0x00000000c3700000, 0x00000000c3800000, 0x00000000c3800000|100%| O|  |TAMS 0x00000000c3700000| PB 0x00000000c3700000| Untracked 
|  26|0x00000000c3800000, 0x00000000c3900000, 0x00000000c3900000|100%| O|  |TAMS 0x00000000c3800000| PB 0x00000000c3800000| Untracked 
|  27|0x00000000c3900000, 0x00000000c3900000, 0x00000000c3a00000|  0%| F|  |TAMS 0x00000000c3900000| PB 0x00000000c3900000| Untracked 
|  28|0x00000000c3a00000, 0x00000000c3a00000, 0x00000000c3b00000|  0%| F|  |TAMS 0x00000000c3a00000| PB 0x00000000c3a00000| Untracked 
|  29|0x00000000c3b00000, 0x00000000c3b2b6a8, 0x00000000c3c00000| 16%| S|CS|TAMS 0x00000000c3b00000| PB 0x00000000c3b00000| Complete 
|  30|0x00000000c3c00000, 0x00000000c3d00000, 0x00000000c3d00000|100%| O|  |TAMS 0x00000000c3c00000| PB 0x00000000c3c00000| Untracked 
|  31|0x00000000c3d00000, 0x00000000c3e00000, 0x00000000c3e00000|100%| S|CS|TAMS 0x00000000c3d00000| PB 0x00000000c3d00000| Complete 
|  32|0x00000000c3e00000, 0x00000000c3f00000, 0x00000000c3f00000|100%| S|CS|TAMS 0x00000000c3e00000| PB 0x00000000c3e00000| Complete 
|  33|0x00000000c3f00000, 0x00000000c3f00000, 0x00000000c4000000|  0%| F|  |TAMS 0x00000000c3f00000| PB 0x00000000c3f00000| Untracked 
|  34|0x00000000c4000000, 0x00000000c4000000, 0x00000000c4100000|  0%| F|  |TAMS 0x00000000c4000000| PB 0x00000000c4000000| Untracked 
|  35|0x00000000c4100000, 0x00000000c4100000, 0x00000000c4200000|  0%| F|  |TAMS 0x00000000c4100000| PB 0x00000000c4100000| Untracked 
|  36|0x00000000c4200000, 0x00000000c4200000, 0x00000000c4300000|  0%| F|  |TAMS 0x00000000c4200000| PB 0x00000000c4200000| Untracked 
|  37|0x00000000c4300000, 0x00000000c4400000, 0x00000000c4400000|100%| S|CS|TAMS 0x00000000c4300000| PB 0x00000000c4300000| Complete 
|  38|0x00000000c4400000, 0x00000000c4500000, 0x00000000c4500000|100%| S|CS|TAMS 0x00000000c4400000| PB 0x00000000c4400000| Complete 
|  39|0x00000000c4500000, 0x00000000c4500000, 0x00000000c4600000|  0%| F|  |TAMS 0x00000000c4500000| PB 0x00000000c4500000| Untracked 
|  40|0x00000000c4600000, 0x00000000c4600000, 0x00000000c4700000|  0%| F|  |TAMS 0x00000000c4600000| PB 0x00000000c4600000| Untracked 
|  41|0x00000000c4700000, 0x00000000c4700000, 0x00000000c4800000|  0%| F|  |TAMS 0x00000000c4700000| PB 0x00000000c4700000| Untracked 
|  42|0x00000000c4800000, 0x00000000c4800000, 0x00000000c4900000|  0%| F|  |TAMS 0x00000000c4800000| PB 0x00000000c4800000| Untracked 
|  43|0x00000000c4900000, 0x00000000c49178f8, 0x00000000c4a00000|  9%| E|  |TAMS 0x00000000c4900000| PB 0x00000000c4900000| Complete 
|  44|0x00000000c4a00000, 0x00000000c4b00000, 0x00000000c4b00000|100%| E|CS|TAMS 0x00000000c4a00000| PB 0x00000000c4a00000| Complete 
|  45|0x00000000c4b00000, 0x00000000c4c00000, 0x00000000c4c00000|100%| E|CS|TAMS 0x00000000c4b00000| PB 0x00000000c4b00000| Complete 
|  46|0x00000000c4c00000, 0x00000000c4d00000, 0x00000000c4d00000|100%| E|CS|TAMS 0x00000000c4c00000| PB 0x00000000c4c00000| Complete 
|  47|0x00000000c4d00000, 0x00000000c4e00000, 0x00000000c4e00000|100%| E|CS|TAMS 0x00000000c4d00000| PB 0x00000000c4d00000| Complete 
|  48|0x00000000c4e00000, 0x00000000c4f00000, 0x00000000c4f00000|100%| E|CS|TAMS 0x00000000c4e00000| PB 0x00000000c4e00000| Complete 
|  49|0x00000000c4f00000, 0x00000000c5000000, 0x00000000c5000000|100%| E|CS|TAMS 0x00000000c4f00000| PB 0x00000000c4f00000| Complete 
|  50|0x00000000c5000000, 0x00000000c5100000, 0x00000000c5100000|100%| E|CS|TAMS 0x00000000c5000000| PB 0x00000000c5000000| Complete 
|  51|0x00000000c5100000, 0x00000000c5200000, 0x00000000c5200000|100%| E|CS|TAMS 0x00000000c5100000| PB 0x00000000c5100000| Complete 
|  52|0x00000000c5200000, 0x00000000c5300000, 0x00000000c5300000|100%| E|CS|TAMS 0x00000000c5200000| PB 0x00000000c5200000| Complete 
|  53|0x00000000c5300000, 0x00000000c5400000, 0x00000000c5400000|100%| E|CS|TAMS 0x00000000c5300000| PB 0x00000000c5300000| Complete 
|  54|0x00000000c5400000, 0x00000000c5500000, 0x00000000c5500000|100%| E|CS|TAMS 0x00000000c5400000| PB 0x00000000c5400000| Complete 
|  55|0x00000000c5500000, 0x00000000c5600000, 0x00000000c5600000|100%| E|CS|TAMS 0x00000000c5500000| PB 0x00000000c5500000| Complete 
|  56|0x00000000c5600000, 0x00000000c5700000, 0x00000000c5700000|100%| E|CS|TAMS 0x00000000c5600000| PB 0x00000000c5600000| Complete 
|  57|0x00000000c5700000, 0x00000000c5800000, 0x00000000c5800000|100%| E|CS|TAMS 0x00000000c5700000| PB 0x00000000c5700000| Complete 
|  58|0x00000000c5800000, 0x00000000c5900000, 0x00000000c5900000|100%| E|CS|TAMS 0x00000000c5800000| PB 0x00000000c5800000| Complete 
|  59|0x00000000c5900000, 0x00000000c5a00000, 0x00000000c5a00000|100%| E|CS|TAMS 0x00000000c5900000| PB 0x00000000c5900000| Complete 
|  60|0x00000000c5a00000, 0x00000000c5b00000, 0x00000000c5b00000|100%| E|CS|TAMS 0x00000000c5a00000| PB 0x00000000c5a00000| Complete 
|  61|0x00000000c5b00000, 0x00000000c5c00000, 0x00000000c5c00000|100%| E|CS|TAMS 0x00000000c5b00000| PB 0x00000000c5b00000| Complete 
|  62|0x00000000c5c00000, 0x00000000c5d00000, 0x00000000c5d00000|100%| E|CS|TAMS 0x00000000c5c00000| PB 0x00000000c5c00000| Complete 
|  63|0x00000000c5d00000, 0x00000000c5e00000, 0x00000000c5e00000|100%| E|CS|TAMS 0x00000000c5d00000| PB 0x00000000c5d00000| Complete 
|  64|0x00000000c5e00000, 0x00000000c5f00000, 0x00000000c5f00000|100%| E|CS|TAMS 0x00000000c5e00000| PB 0x00000000c5e00000| Complete 
|  65|0x00000000c5f00000, 0x00000000c6000000, 0x00000000c6000000|100%| E|CS|TAMS 0x00000000c5f00000| PB 0x00000000c5f00000| Complete 
|  66|0x00000000c6000000, 0x00000000c6100000, 0x00000000c6100000|100%| E|CS|TAMS 0x00000000c6000000| PB 0x00000000c6000000| Complete 
|  67|0x00000000c6100000, 0x00000000c6200000, 0x00000000c6200000|100%| E|CS|TAMS 0x00000000c6100000| PB 0x00000000c6100000| Complete 
|  68|0x00000000c6200000, 0x00000000c6300000, 0x00000000c6300000|100%| E|CS|TAMS 0x00000000c6200000| PB 0x00000000c6200000| Complete 

Card table byte_map: [0x0000028dc4160000,0x0000028dc4360000] _byte_map_base: 0x0000028dc3b51000

Marking Bits: (CMBitMap*) 0x0000028dac82a830
 Bits: [0x0000028dc4360000, 0x0000028dc52e8000)

Polling page: 0x0000028daa7d0000

Metaspace:

Usage:
  Non-class:     46.44 MB used.
      Class:      7.15 MB used.
       Both:     53.59 MB used.

Virtual space:
  Non-class space:       64.00 MB reserved,      46.88 MB ( 73%) committed,  1 nodes.
      Class space:        1.00 GB reserved,       7.50 MB ( <1%) committed,  1 nodes.
             Both:        1.06 GB reserved,      54.38 MB (  5%) committed. 

Chunk freelists:
   Non-Class:  1.00 MB
       Class:  8.38 MB
        Both:  9.38 MB

MaxMetaspaceSize: unlimited
CompressedClassSpaceSize: 1.00 GB
Initial GC threshold: 21.00 MB
Current GC threshold: 58.88 MB
CDS: on
 - commit_granule_bytes: 65536.
 - commit_granule_words: 8192.
 - virtual_space_node_default_size: 8388608.
 - enlarge_chunks_in_place: 1.
 - use_allocation_guard: 0.


Internal statistics:

num_allocs_failed_limit: 6.
num_arena_births: 1262.
num_arena_deaths: 0.
num_vsnodes_births: 2.
num_vsnodes_deaths: 0.
num_space_committed: 870.
num_space_uncommitted: 0.
num_chunks_returned_to_freelist: 6.
num_chunks_taken_from_freelist: 3295.
num_chunk_merges: 6.
num_chunk_splits: 2249.
num_chunks_enlarged: 1634.
num_inconsistent_stats: 0.

CodeHeap 'non-profiled nmethods': size=120000Kb used=3430Kb max_used=3430Kb free=116569Kb
 bounds [0x0000028dbc700000, 0x0000028dbca60000, 0x0000028dc3c30000]
CodeHeap 'profiled nmethods': size=120000Kb used=12761Kb max_used=12761Kb free=107238Kb
 bounds [0x0000028db4c30000, 0x0000028db58b0000, 0x0000028dbc160000]
CodeHeap 'non-nmethods': size=5760Kb used=1608Kb max_used=1674Kb free=4151Kb
 bounds [0x0000028dbc160000, 0x0000028dbc3d0000, 0x0000028dbc700000]
 total_blobs=7171 nmethods=6509 adapters=566
 compilation: enabled
              stopped_count=0, restarted_count=0
 full_count=0

Compilation events (20 events):
Event: 287.254 Thread 0x0000028dc7ced7b0 6911       3       org.springframework.boot.context.properties.bind.JavaBeanBinder$BeanProperties::isCandidate (83 bytes)
Event: 287.256 Thread 0x0000028dc7ced7b0 nmethod 6911 0x0000028db589f910 code [0x0000028db589fb40, 0x0000028db58a05a0]
Event: 287.256 Thread 0x0000028dc7ced7b0 6894       3       org.springframework.boot.context.properties.bind.JavaBeanBinder$BeanProperties$$Lambda/0x0000028dc9102f68::accept (12 bytes)
Event: 287.257 Thread 0x0000028dc7ced7b0 nmethod 6894 0x0000028db58a0810 code [0x0000028db58a0a00, 0x0000028db58a0f30]
Event: 287.257 Thread 0x0000028dc7ced7b0 6912       3       java.util.concurrent.ConcurrentLinkedDeque$AbstractItr::next (23 bytes)
Event: 287.258 Thread 0x0000028dc7ced7b0 nmethod 6912 0x0000028db58a1110 code [0x0000028db58a12e0, 0x0000028db58a1548]
Event: 287.259 Thread 0x0000028dc7ced7b0 6913       3       reactor.core.publisher.FluxMergeSequential$MergeSequentialInner::requestOne (49 bytes)
Event: 287.260 Thread 0x0000028dc7ced7b0 nmethod 6913 0x0000028db58a1690 code [0x0000028db58a1840, 0x0000028db58a1af0]
Event: 287.264 Thread 0x0000028dc7ced7b0 6914       3       java.lang.ThreadLocal$ThreadLocalMap::expungeStaleEntry (146 bytes)
Event: 287.267 Thread 0x0000028dc7ced7b0 nmethod 6914 0x0000028db58a1c10 code [0x0000028db58a1e60, 0x0000028db58a2c58]
Event: 287.269 Thread 0x0000028dc7ced7b0 6915       3       reactor.core.publisher.Mono::<init> (5 bytes)
Event: 287.272 Thread 0x0000028dc7ced7b0 nmethod 6915 0x0000028db58a2f90 code [0x0000028db58a3140, 0x0000028db58a32a8]
Event: 287.272 Thread 0x0000028dc7ced7b0 6917       3       reactor.core.publisher.Mono::onAssembly (56 bytes)
Event: 287.285 Thread 0x0000028dc7ced7b0 nmethod 6917 0x0000028db58a3390 code [0x0000028db58a35c0, 0x0000028db58a3da8]
Event: 287.286 Thread 0x0000028dc7ced7b0 6918       3       reactor.util.concurrent.SpscArrayQueue::poll (44 bytes)
Event: 287.294 Thread 0x0000028dc7ced7b0 nmethod 6918 0x0000028db58a3f90 code [0x0000028db58a4300, 0x0000028db58a5938]
Event: 287.294 Thread 0x0000028dc7ced7b0 6916       1       reactor.util.context.Context0::hasKey (2 bytes)
Event: 287.295 Thread 0x0000028dc7ced7b0 nmethod 6916 0x0000028dbca59590 code [0x0000028dbca59720, 0x0000028dbca597e8]
Event: 287.295 Thread 0x0000028dc7ced7b0 6919       3       io.micrometer.core.instrument.Counter::increment (8 bytes)
Event: 287.296 Thread 0x0000028dc7ced7b0 nmethod 6919 0x0000028db58a6110 code [0x0000028db58a62e0, 0x0000028db58a64b8]

GC Heap History (20 events):
Event: 3.055 GC heap before
{Heap before GC invocations=1 (full 0):
 garbage-first heap   total 65536K, used 32704K [0x00000000c1e00000, 0x0000000100000000)
  region size 1024K, 28 young (28672K), 3 survivors (3072K)
 Metaspace       used 11593K, committed 11904K, reserved 1114112K
  class space    used 1539K, committed 1664K, reserved 1048576K
}
Event: 3.063 GC heap after
{Heap after GC invocations=2 (full 0):
 garbage-first heap   total 65536K, used 10522K [0x00000000c1e00000, 0x0000000100000000)
  region size 1024K, 3 young (3072K), 3 survivors (3072K)
 Metaspace       used 11593K, committed 11904K, reserved 1114112K
  class space    used 1539K, committed 1664K, reserved 1048576K
}
Event: 4.841 GC heap before
{Heap before GC invocations=2 (full 0):
 garbage-first heap   total 65536K, used 40218K [0x00000000c1e00000, 0x0000000100000000)
  region size 1024K, 33 young (33792K), 3 survivors (3072K)
 Metaspace       used 18110K, committed 18368K, reserved 1114112K
  class space    used 2264K, committed 2368K, reserved 1048576K
}
Event: 4.849 GC heap after
{Heap after GC invocations=3 (full 0):
 garbage-first heap   total 65536K, used 13030K [0x00000000c1e00000, 0x0000000100000000)
  region size 1024K, 5 young (5120K), 5 survivors (5120K)
 Metaspace       used 18110K, committed 18368K, reserved 1114112K
  class space    used 2264K, committed 2368K, reserved 1048576K
}
Event: 6.056 GC heap before
{Heap before GC invocations=3 (full 0):
 garbage-first heap   total 65536K, used 41702K [0x00000000c1e00000, 0x0000000100000000)
  region size 1024K, 35 young (35840K), 5 survivors (5120K)
 Metaspace       used 21211K, committed 21504K, reserved 1114112K
  class space    used 2644K, committed 2752K, reserved 1048576K
}
Event: 6.069 GC heap after
{Heap after GC invocations=4 (full 0):
 garbage-first heap   total 65536K, used 15595K [0x00000000c1e00000, 0x0000000100000000)
  region size 1024K, 5 young (5120K), 5 survivors (5120K)
 Metaspace       used 21211K, committed 21504K, reserved 1114112K
  class space    used 2644K, committed 2752K, reserved 1048576K
}
Event: 7.102 GC heap before
{Heap before GC invocations=5 (full 0):
 garbage-first heap   total 58368K, used 44267K [0x00000000c1e00000, 0x0000000100000000)
  region size 1024K, 34 young (34816K), 5 survivors (5120K)
 Metaspace       used 24265K, committed 24576K, reserved 1114112K
  class space    used 3060K, committed 3200K, reserved 1048576K
}
Event: 7.115 GC heap after
{Heap after GC invocations=6 (full 0):
 garbage-first heap   total 58368K, used 18119K [0x00000000c1e00000, 0x0000000100000000)
  region size 1024K, 3 young (3072K), 3 survivors (3072K)
 Metaspace       used 24265K, committed 24576K, reserved 1114112K
  class space    used 3060K, committed 3200K, reserved 1048576K
}
Event: 8.024 GC heap before
{Heap before GC invocations=6 (full 0):
 garbage-first heap   total 58368K, used 45767K [0x00000000c1e00000, 0x0000000100000000)
  region size 1024K, 30 young (30720K), 3 survivors (3072K)
 Metaspace       used 29101K, committed 29632K, reserved 1114112K
  class space    used 3768K, committed 4032K, reserved 1048576K
}
Event: 8.038 GC heap after
{Heap after GC invocations=7 (full 0):
 garbage-first heap   total 58368K, used 20729K [0x00000000c1e00000, 0x0000000100000000)
  region size 1024K, 3 young (3072K), 3 survivors (3072K)
 Metaspace       used 29101K, committed 29632K, reserved 1114112K
  class space    used 3768K, committed 4032K, reserved 1048576K
}
Event: 8.928 GC heap before
{Heap before GC invocations=7 (full 0):
 garbage-first heap   total 58368K, used 46329K [0x00000000c1e00000, 0x0000000100000000)
  region size 1024K, 29 young (29696K), 3 survivors (3072K)
 Metaspace       used 34606K, committed 35136K, reserved 1114112K
  class space    used 4554K, committed 4736K, reserved 1048576K
}
Event: 8.940 GC heap after
{Heap after GC invocations=8 (full 0):
 garbage-first heap   total 58368K, used 22528K [0x00000000c1e00000, 0x0000000100000000)
  region size 1024K, 2 young (2048K), 2 survivors (2048K)
 Metaspace       used 34606K, committed 35136K, reserved 1114112K
  class space    used 4554K, committed 4736K, reserved 1048576K
}
Event: 9.117 GC heap before
{Heap before GC invocations=8 (full 0):
 garbage-first heap   total 58368K, used 25600K [0x00000000c1e00000, 0x0000000100000000)
  region size 1024K, 6 young (6144K), 2 survivors (2048K)
 Metaspace       used 35508K, committed 35968K, reserved 1114112K
  class space    used 4687K, committed 4864K, reserved 1048576K
}
Event: 9.123 GC heap after
{Heap after GC invocations=9 (full 0):
 garbage-first heap   total 70656K, used 22732K [0x00000000c1e00000, 0x0000000100000000)
  region size 1024K, 3 young (3072K), 3 survivors (3072K)
 Metaspace       used 35508K, committed 35968K, reserved 1114112K
  class space    used 4687K, committed 4864K, reserved 1048576K
}
Event: 10.420 GC heap before
{Heap before GC invocations=10 (full 0):
 garbage-first heap   total 70656K, used 59596K [0x00000000c1e00000, 0x0000000100000000)
  region size 1024K, 39 young (39936K), 3 survivors (3072K)
 Metaspace       used 39975K, committed 40576K, reserved 1114112K
  class space    used 5322K, committed 5632K, reserved 1048576K
}
Event: 10.434 GC heap after
{Heap after GC invocations=11 (full 0):
 garbage-first heap   total 70656K, used 25961K [0x00000000c1e00000, 0x0000000100000000)
  region size 1024K, 5 young (5120K), 5 survivors (5120K)
 Metaspace       used 39975K, committed 40576K, reserved 1114112K
  class space    used 5322K, committed 5632K, reserved 1048576K
}
Event: 11.630 GC heap before
{Heap before GC invocations=11 (full 0):
 garbage-first heap   total 70656K, used 58729K [0x00000000c1e00000, 0x0000000100000000)
  region size 1024K, 37 young (37888K), 5 survivors (5120K)
 Metaspace       used 44416K, committed 45184K, reserved 1114112K
  class space    used 5974K, committed 6336K, reserved 1048576K
}
Event: 11.649 GC heap after
{Heap after GC invocations=12 (full 0):
 garbage-first heap   total 70656K, used 29100K [0x00000000c1e00000, 0x0000000100000000)
  region size 1024K, 4 young (4096K), 4 survivors (4096K)
 Metaspace       used 44416K, committed 45184K, reserved 1114112K
  class space    used 5974K, committed 6336K, reserved 1048576K
}
Event: 12.828 GC heap before
{Heap before GC invocations=12 (full 0):
 garbage-first heap   total 70656K, used 59820K [0x00000000c1e00000, 0x0000000100000000)
  region size 1024K, 34 young (34816K), 4 survivors (4096K)
 Metaspace       used 52528K, committed 53376K, reserved 1114112K
  class space    used 7057K, committed 7424K, reserved 1048576K
}
Event: 12.839 GC heap after
{Heap after GC invocations=13 (full 0):
 garbage-first heap   total 70656K, used 32941K [0x00000000c1e00000, 0x0000000100000000)
  region size 1024K, 5 young (5120K), 5 survivors (5120K)
 Metaspace       used 52528K, committed 53376K, reserved 1114112K
  class space    used 7057K, committed 7424K, reserved 1048576K
}

Dll operation events (11 events):
Event: 0.020 Loaded shared library C:\Program Files\Java\jdk-21\bin\java.dll
Event: 0.057 Loaded shared library C:\Program Files\Java\jdk-21\bin\jsvml.dll
Event: 0.221 Loaded shared library C:\Program Files\Java\jdk-21\bin\net.dll
Event: 0.224 Loaded shared library C:\Program Files\Java\jdk-21\bin\nio.dll
Event: 0.227 Loaded shared library C:\Program Files\Java\jdk-21\bin\zip.dll
Event: 0.388 Loaded shared library C:\Program Files\Java\jdk-21\bin\jimage.dll
Event: 7.721 Loaded shared library C:\Program Files\Java\jdk-21\bin\verify.dll
Event: 11.336 Loaded shared library C:\Program Files\Java\jdk-21\bin\management.dll
Event: 11.344 Loaded shared library C:\Program Files\Java\jdk-21\bin\management_ext.dll
Event: 11.978 Loaded shared library C:\Program Files\Java\jdk-21\bin\sunmscapi.dll
Event: 12.014 Loaded shared library C:\Program Files\Java\jdk-21\bin\extnet.dll

Deoptimization events (20 events):
Event: 13.031 Thread 0x0000028daa5c0eb0 Uncommon trap: trap_request=0xffffff45 fr.pc=0x0000028dbc883e80 relative=0x00000000000008c0
Event: 13.031 Thread 0x0000028daa5c0eb0 Uncommon trap: reason=unstable_if action=reinterpret pc=0x0000028dbc883e80 method=org.springframework.boot.context.properties.source.ConfigurationPropertyName.hashCode()I @ 18 c2
Event: 13.031 Thread 0x0000028daa5c0eb0 DEOPT PACKING pc=0x0000028dbc883e80 sp=0x000000b060cfcec0
Event: 13.031 Thread 0x0000028daa5c0eb0 DEOPT UNPACKING pc=0x0000028dbc1b46a2 sp=0x000000b060cfce48 mode 2
Event: 13.043 Thread 0x0000028e10601f40 Uncommon trap: trap_request=0xffffff45 fr.pc=0x0000028dbc7e42e4 relative=0x00000000000001a4
Event: 13.043 Thread 0x0000028e10601f40 Uncommon trap: reason=unstable_if action=reinterpret pc=0x0000028dbc7e42e4 method=java.lang.Integer.getChars(II[B)I @ 4 c2
Event: 13.043 Thread 0x0000028e10601f40 DEOPT PACKING pc=0x0000028dbc7e42e4 sp=0x000000b062ffcfa0
Event: 13.043 Thread 0x0000028e10601f40 DEOPT UNPACKING pc=0x0000028dbc1b46a2 sp=0x000000b062ffcf30 mode 2
Event: 13.056 Thread 0x0000028e10601f40 Uncommon trap: trap_request=0xffffff45 fr.pc=0x0000028dbc8aea68 relative=0x0000000000000048
Event: 13.056 Thread 0x0000028e10601f40 Uncommon trap: reason=unstable_if action=reinterpret pc=0x0000028dbc8aea68 method=java.util.IdentityHashMap.maskNull(Ljava/lang/Object;)Ljava/lang/Object; @ 1 c2
Event: 13.056 Thread 0x0000028e10601f40 DEOPT PACKING pc=0x0000028dbc8aea68 sp=0x000000b062ffdad0
Event: 13.056 Thread 0x0000028e10601f40 DEOPT UNPACKING pc=0x0000028dbc1b46a2 sp=0x000000b062ffda70 mode 2
Event: 13.104 Thread 0x0000028daa5c0eb0 Uncommon trap: trap_request=0xfffffff4 fr.pc=0x0000028dbc9cfca4 relative=0x0000000000000364
Event: 13.104 Thread 0x0000028daa5c0eb0 Uncommon trap: reason=null_check action=make_not_entrant pc=0x0000028dbc9cfca4 method=sun.invoke.util.VerifyType.isNullConversion(Ljava/lang/Class;Ljava/lang/Class;Z)Z @ 67 c2
Event: 13.105 Thread 0x0000028daa5c0eb0 DEOPT PACKING pc=0x0000028dbc9cfca4 sp=0x000000b060cfbd40
Event: 13.105 Thread 0x0000028daa5c0eb0 DEOPT UNPACKING pc=0x0000028dbc1b46a2 sp=0x000000b060cfbcc0 mode 2
Event: 43.142 Thread 0x0000028e10602c60 Uncommon trap: trap_request=0xffffffde fr.pc=0x0000028dbc84dd28 relative=0x00000000000019c8
Event: 43.142 Thread 0x0000028e10602c60 Uncommon trap: reason=class_check action=maybe_recompile pc=0x0000028dbc84dd28 method=java.util.zip.InflaterInputStream.read([BII)I @ 78 c2
Event: 43.142 Thread 0x0000028e10602c60 DEOPT PACKING pc=0x0000028dbc84dd28 sp=0x000000b0632fe320
Event: 43.142 Thread 0x0000028e10602c60 DEOPT UNPACKING pc=0x0000028dbc1b46a2 sp=0x000000b0632fe380 mode 2

Classes loaded (20 events):
Event: 12.967 Loading class java/util/stream/ReferencePipeline$4
Event: 12.967 Loading class java/util/stream/ReferencePipeline$4 done
Event: 12.968 Loading class java/util/function/IntBinaryOperator
Event: 12.968 Loading class java/util/function/IntBinaryOperator done
Event: 12.968 Loading class java/util/stream/ReduceOps$6
Event: 12.968 Loading class java/util/stream/ReduceOps$6 done
Event: 12.968 Loading class java/util/stream/ReduceOps$5ReducingSink
Event: 12.968 Loading class java/util/stream/ReduceOps$5ReducingSink done
Event: 12.968 Loading class java/util/stream/ReferencePipeline$4$1
Event: 12.968 Loading class java/util/stream/ReferencePipeline$4$1 done
Event: 13.070 Loading class java/util/ArrayList$SubList$1
Event: 13.071 Loading class java/util/ArrayList$SubList$1 done
Event: 13.101 Loading class jdk/internal/ValueBased
Event: 13.101 Loading class jdk/internal/ValueBased done
Event: 13.310 Loading class java/util/IdentityHashMap$KeySpliterator
Event: 13.310 Loading class java/util/IdentityHashMap$IdentityHashMapSpliterator
Event: 13.310 Loading class java/util/IdentityHashMap$IdentityHashMapSpliterator done
Event: 13.310 Loading class java/util/IdentityHashMap$KeySpliterator done
Event: 22.267 Loading class java/util/concurrent/ConcurrentLinkedQueue$Itr
Event: 22.267 Loading class java/util/concurrent/ConcurrentLinkedQueue$Itr done

Classes unloaded (0 events):
No events

Classes redefined (0 events):
No events

Internal exceptions (20 events):
Event: 11.798 Thread 0x0000028dc7ce2f30 Exception <a 'java/lang/NoSuchMethodError'{0x00000000c629db48}: 'long java.lang.invoke.DirectMethodHandle$Holder.invokeStatic(java.lang.Object, java.lang.Object, java.lang.Object)'> (0x00000000c629db48) 
thrown [s\open\src\hotspot\share\interpreter\linkResolver.cpp, line 773]
Event: 11.876 Thread 0x0000028daa5c0eb0 Exception <a 'java/lang/NoSuchMethodError'{0x00000000c5fea938}: 'void java.lang.invoke.DirectMethodHandle$Holder.invokeStatic(java.lang.Object, java.lang.Object, double)'> (0x00000000c5fea938) 
thrown [s\open\src\hotspot\share\interpreter\linkResolver.cpp, line 773]
Event: 11.890 Thread 0x0000028daa5c0eb0 Exception <a 'java/lang/NoSuchMethodError'{0x00000000c5e3fdf8}: 'double java.lang.invoke.DirectMethodHandle$Holder.invokeStatic(java.lang.Object, java.lang.Object, java.lang.Object)'> (0x00000000c5e3fdf8) 
thrown [s\open\src\hotspot\share\interpreter\linkResolver.cpp, line 773]
Event: 11.905 Thread 0x0000028daa5c0eb0 Exception <a 'java/lang/NoSuchMethodError'{0x00000000c5eacdc0}: 'java.lang.Object java.lang.invoke.DirectMethodHandle$Holder.newInvokeSpecial(java.lang.Object, java.lang.Object, int, java.lang.Object, java.lang.Object)'> (0x00000000c5eacdc0) 
thrown [s\open\src\hotspot\share\interpreter\linkResolver.cpp, line 773]
Event: 11.906 Thread 0x0000028daa5c0eb0 Exception <a 'java/lang/NoSuchMethodError'{0x00000000c5ebacd8}: 'java.lang.Object java.lang.invoke.DirectMethodHandle$Holder.newInvokeSpecial(java.lang.Object, java.lang.Object, java.lang.Object, int)'> (0x00000000c5ebacd8) 
thrown [s\open\src\hotspot\share\interpreter\linkResolver.cpp, line 773]
Event: 11.906 Thread 0x0000028daa5c0eb0 Exception <a 'java/lang/NoSuchMethodError'{0x00000000c5ebeb58}: 'java.lang.Object java.lang.invoke.DirectMethodHandle$Holder.invokeSpecial(java.lang.Object, java.lang.Object, java.lang.Object, java.lang.Object, int)'> (0x00000000c5ebeb58) 
thrown [s\open\src\hotspot\share\interpreter\linkResolver.cpp, line 773]
Event: 11.906 Thread 0x0000028daa5c0eb0 Exception <a 'java/lang/NoSuchMethodError'{0x00000000c5ec1fe0}: 'java.lang.Object java.lang.invoke.Invokers$Holder.linkToTargetMethod(java.lang.Object, java.lang.Object, int, java.lang.Object)'> (0x00000000c5ec1fe0) 
thrown [s\open\src\hotspot\share\interpreter\linkResolver.cpp, line 773]
Event: 12.029 Thread 0x0000028daa5c0eb0 Exception <a 'java/lang/UnsatisfiedLinkError'{0x00000000c5c66ec8}: 'int io.netty.channel.epoll.Native.offsetofEpollData()'> (0x00000000c5c66ec8) 
thrown [s\open\src\hotspot\share\prims\nativeLookup.cpp, line 415]
Event: 12.030 Thread 0x0000028daa5c0eb0 Exception <a 'java/lang/ExceptionInInitializerError'{0x00000000c5c69588}> (0x00000000c5c69588) 
thrown [s\open\src\hotspot\share\oops\instanceKlass.cpp, line 1185]
Event: 12.093 Thread 0x0000028daa5c0eb0 Exception <a 'java/lang/NoSuchMethodError'{0x00000000c5ba0a00}: 'java.lang.Object java.lang.invoke.DirectMethodHandle$Holder.newInvokeSpecial(java.lang.Object, java.lang.Object, int, java.lang.Object)'> (0x00000000c5ba0a00) 
thrown [s\open\src\hotspot\share\interpreter\linkResolver.cpp, line 773]
Event: 12.093 Thread 0x0000028daa5c0eb0 Exception <a 'java/lang/NoSuchMethodError'{0x00000000c5ba4360}: 'java.lang.Object java.lang.invoke.Invokers$Holder.linkToTargetMethod(java.lang.Object, int, java.lang.Object, java.lang.Object)'> (0x00000000c5ba4360) 
thrown [s\open\src\hotspot\share\interpreter\linkResolver.cpp, line 773]
Event: 12.194 Thread 0x0000028daa5c0eb0 Exception <a 'java/lang/IncompatibleClassChangeError'{0x00000000c5836c70}: Found class java.lang.Object, but interface was expected> (0x00000000c5836c70) 
thrown [s\open\src\hotspot\share\interpreter\linkResolver.cpp, line 840]
Event: 12.199 Thread 0x0000028daa5c0eb0 Implicit null exception at 0x0000028dbc8b230c to 0x0000028dbc8b2984
Event: 12.927 Thread 0x0000028daa5c0eb0 Exception <a 'java/lang/NoSuchMethodError'{0x00000000c61e6448}: 'long java.lang.invoke.DirectMethodHandle$Holder.invokeStatic(java.lang.Object, java.lang.Object, int)'> (0x00000000c61e6448) 
thrown [s\open\src\hotspot\share\interpreter\linkResolver.cpp, line 773]
Event: 12.928 Thread 0x0000028daa5c0eb0 Exception <a 'java/lang/NoSuchMethodError'{0x00000000c61f0f38}: 'java.lang.Object java.lang.invoke.DelegatingMethodHandle$Holder.reinvoke_L(java.lang.Object, int, int, long, java.lang.Object, long, long, long)'> (0x00000000c61f0f38) 
thrown [s\open\src\hotspot\share\interpreter\linkResolver.cpp, line 773]
Event: 12.931 Thread 0x0000028daa5c0eb0 Exception <a 'java/lang/NoSuchMethodError'{0x00000000c6014f20}: 'java.lang.Object java.lang.invoke.DelegatingMethodHandle$Holder.reinvoke_L(java.lang.Object, java.lang.Object, java.lang.Object, java.lang.Object, java.lang.Object, java.lang.Object, java.lang.Object, java.lang.Object, java.lang.Object, java.lang.Object, java.lang.Object, java.lang.Object, java.lang.Object, java.lang.Object, int, java.lang.Object, java.lang.Object, java.lang.Object, java.lang.Object, java.lang.Object, java.lang.Object, java.l
Event: 12.934 Thread 0x0000028daa5c0eb0 Exception <a 'java/lang/NoSuchMethodError'{0x00000000c6063300}: 'java.lang.Object java.lang.invoke.DirectMethodHandle$Holder.invokeStatic(java.lang.Object, java.lang.Object, java.lang.Object, java.lang.Object, java.lang.Object, java.lang.Object, java.lang.Object, java.lang.Object, java.lang.Object, java.lang.Object, java.lang.Object, java.lang.Object, java.lang.Object)'> (0x00000000c6063300) 
thrown [s\open\src\hotspot\share\interpreter\linkResolver.cpp, line 773]
Event: 12.936 Thread 0x0000028daa5c0eb0 Exception <a 'java/lang/NoSuchMethodError'{0x00000000c60846f8}: 'java.lang.Object java.lang.invoke.DirectMethodHandle$Holder.invokeStatic(java.lang.Object, java.lang.Object, java.lang.Object, java.lang.Object, java.lang.Object, java.lang.Object, java.lang.Object, java.lang.Object, java.lang.Object, java.lang.Object, java.lang.Object, java.lang.Object, java.lang.Object, java.lang.Object)'> (0x00000000c60846f8) 
thrown [s\open\src\hotspot\share\interpreter\linkResolver.cpp, line 773]
Event: 12.937 Thread 0x0000028daa5c0eb0 Exception <a 'java/lang/NoSuchMethodError'{0x00000000c609a410}: 'java.lang.Object java.lang.invoke.DelegatingMethodHandle$Holder.reinvoke_L(java.lang.Object, java.lang.Object, java.lang.Object, java.lang.Object, java.lang.Object, java.lang.Object, java.lang.Object, java.lang.Object, java.lang.Object, java.lang.Object, java.lang.Object, java.lang.Object, java.lang.Object, java.lang.Object, java.lang.Object, java.lang.Object, java.lang.Object, java.lang.Object, java.lang.Object, java.lang.Object, java.lang.O
Event: 13.104 Thread 0x0000028daa5c0eb0 Implicit null exception at 0x0000028dbc9cfa17 to 0x0000028dbc9cfc90

ZGC Phase Switch (0 events):
No events

VM Operations (20 events):
Event: 182.569 Executing VM operation: Cleanup
Event: 182.569 Executing VM operation: Cleanup done
Event: 183.580 Executing VM operation: Cleanup
Event: 183.580 Executing VM operation: Cleanup done
Event: 188.640 Executing VM operation: Cleanup
Event: 188.640 Executing VM operation: Cleanup done
Event: 194.715 Executing VM operation: Cleanup
Event: 194.715 Executing VM operation: Cleanup done
Event: 225.041 Executing VM operation: Cleanup
Event: 225.044 Executing VM operation: Cleanup done
Event: 226.054 Executing VM operation: Cleanup
Event: 226.054 Executing VM operation: Cleanup done
Event: 227.059 Executing VM operation: Cleanup
Event: 227.059 Executing VM operation: Cleanup done
Event: 243.204 Executing VM operation: Cleanup
Event: 243.207 Executing VM operation: Cleanup done
Event: 255.350 Executing VM operation: Cleanup
Event: 255.351 Executing VM operation: Cleanup done
Event: 257.373 Executing VM operation: Cleanup
Event: 257.373 Executing VM operation: Cleanup done

Events (20 events):
Event: 9.154 Thread 0x0000028dc7cb2bd0 flushing nmethod 0x0000028dbc71c390
Event: 9.154 Thread 0x0000028dc7cb2bd0 flushing nmethod 0x0000028dbc71bb10
Event: 9.154 Thread 0x0000028dc7cb2bd0 flushing nmethod 0x0000028dbc716c90
Event: 9.154 Thread 0x0000028dc7cb2bd0 flushing nmethod 0x0000028dbc711b10
Event: 9.154 Thread 0x0000028dc7cb2bd0 flushing nmethod 0x0000028dbc70f290
Event: 9.154 Thread 0x0000028dc7cb2bd0 flushing nmethod 0x0000028dbc70e410
Event: 9.154 Thread 0x0000028dc7cb2bd0 flushing nmethod 0x0000028dbc701790
Event: 9.154 Thread 0x0000028dc7cb2bd0 flushing nmethod 0x0000028dbc701090
Event: 9.928 Thread 0x0000028dc7ce14f0 Thread added: 0x0000028dc7ce14f0
Event: 12.184 Thread 0x0000028dc7ce3c50 Thread added: 0x0000028dc7ce3c50
Event: 12.195 Thread 0x0000028dc7ce1b80 Thread added: 0x0000028dc7ce1b80
Event: 12.253 Thread 0x0000028dc7ce4970 Thread added: 0x0000028dc7ce4970
Event: 12.288 Thread 0x0000028e106025d0 Thread added: 0x0000028e106025d0
Event: 12.961 Thread 0x0000028e105ffe70 Thread added: 0x0000028e105ffe70
Event: 12.963 Thread 0x0000028e105ff7e0 Thread added: 0x0000028e105ff7e0
Event: 12.966 Thread 0x0000028e10601f40 Thread added: 0x0000028e10601f40
Event: 13.316 Thread 0x0000028daa5c0eb0 Thread exited: 0x0000028daa5c0eb0
Event: 13.316 Thread 0x0000028e10600b90 Thread added: 0x0000028e10600b90
Event: 42.985 Thread 0x0000028e10602c60 Thread added: 0x0000028e10602c60
Event: 42.985 Thread 0x0000028e105fbcd0 Thread added: 0x0000028e105fbcd0


Dynamic libraries:
0x00007ff7b3320000 - 0x00007ff7b3330000 	C:\Program Files\Java\jdk-21\bin\javaw.exe
0x00007ff8bc8b0000 - 0x00007ff8bcac7000 	C:\Windows\SYSTEM32\ntdll.dll
0x00007ff8baee0000 - 0x00007ff8bafa4000 	C:\Windows\System32\KERNEL32.DLL
0x00007ff8ba220000 - 0x00007ff8ba5d7000 	C:\Windows\System32\KERNELBASE.dll
0x00007ff8b9d10000 - 0x00007ff8b9e21000 	C:\Windows\System32\ucrtbase.dll
0x00007ff837870000 - 0x00007ff837889000 	C:\Program Files\Java\jdk-21\bin\jli.dll
0x00007ff8ab380000 - 0x00007ff8ab39b000 	C:\Program Files\Java\jdk-21\bin\VCRUNTIME140.dll
0x00007ff8ba6e0000 - 0x00007ff8ba792000 	C:\Windows\System32\ADVAPI32.dll
0x00007ff8ba9e0000 - 0x00007ff8baa87000 	C:\Windows\System32\msvcrt.dll
0x00007ff8bb600000 - 0x00007ff8bb6a8000 	C:\Windows\System32\sechost.dll
0x00007ff8b9c30000 - 0x00007ff8b9c58000 	C:\Windows\System32\bcrypt.dll
0x00007ff8bb4e0000 - 0x00007ff8bb5f4000 	C:\Windows\System32\RPCRT4.dll
0x00007ff8bad30000 - 0x00007ff8baedf000 	C:\Windows\System32\USER32.dll
0x00007ff8a86a0000 - 0x00007ff8a8933000 	C:\Windows\WinSxS\amd64_microsoft.windows.common-controls_6595b64144ccf1df_6.0.22621.3672_none_2713b9d173822955\COMCTL32.dll
0x00007ff8b9c60000 - 0x00007ff8b9c86000 	C:\Windows\System32\win32u.dll
0x00007ff8bb4b0000 - 0x00007ff8bb4d9000 	C:\Windows\System32\GDI32.dll
0x00007ff8ba100000 - 0x00007ff8ba218000 	C:\Windows\System32\gdi32full.dll
0x00007ff8b9e30000 - 0x00007ff8b9eca000 	C:\Windows\System32\msvcp_win.dll
0x00007ff8b54b0000 - 0x00007ff8b54ba000 	C:\Windows\SYSTEM32\VERSION.dll
0x00007ff8bacf0000 - 0x00007ff8bad21000 	C:\Windows\System32\IMM32.DLL
0x00007ff8b61b0000 - 0x00007ff8b61bc000 	C:\Program Files\Java\jdk-21\bin\vcruntime140_1.dll
0x00007ff884b60000 - 0x00007ff884bee000 	C:\Program Files\Java\jdk-21\bin\msvcp140.dll
0x00007ff80b470000 - 0x00007ff80c185000 	C:\Program Files\Java\jdk-21\bin\server\jvm.dll
0x00007ff8bc160000 - 0x00007ff8bc1d1000 	C:\Windows\System32\WS2_32.dll
0x00007ff8b98e0000 - 0x00007ff8b992d000 	C:\Windows\SYSTEM32\POWRPROF.dll
0x00007ff8b5660000 - 0x00007ff8b5694000 	C:\Windows\SYSTEM32\WINMM.dll
0x00007ff8b98c0000 - 0x00007ff8b98d3000 	C:\Windows\SYSTEM32\UMPDC.dll
0x00007ff8b8b70000 - 0x00007ff8b8b88000 	C:\Windows\SYSTEM32\kernel.appcore.dll
0x00007ff85f020000 - 0x00007ff85f02a000 	C:\Program Files\Java\jdk-21\bin\jimage.dll
0x00007ff8b7170000 - 0x00007ff8b73a2000 	C:\Windows\SYSTEM32\DBGHELP.DLL
0x00007ff8bc4e0000 - 0x00007ff8bc86e000 	C:\Windows\System32\combase.dll
0x00007ff8bc3b0000 - 0x00007ff8bc487000 	C:\Windows\System32\OLEAUT32.dll
0x00007ff8a3ba0000 - 0x00007ff8a3bd2000 	C:\Windows\SYSTEM32\dbgcore.DLL
0x00007ff8b9c90000 - 0x00007ff8b9d0b000 	C:\Windows\System32\bcryptPrimitives.dll
0x00007ff837850000 - 0x00007ff83786f000 	C:\Program Files\Java\jdk-21\bin\java.dll
0x00007ff8bb8f0000 - 0x00007ff8bc159000 	C:\Windows\System32\SHELL32.dll
0x00007ff8b7ae0000 - 0x00007ff8b83df000 	C:\Windows\SYSTEM32\windows.storage.dll
0x00007ff8b79a0000 - 0x00007ff8b7adf000 	C:\Windows\SYSTEM32\wintypes.dll
0x00007ff8baa90000 - 0x00007ff8bab89000 	C:\Windows\System32\SHCORE.dll
0x00007ff8bb890000 - 0x00007ff8bb8ee000 	C:\Windows\System32\shlwapi.dll
0x00007ff8b9af0000 - 0x00007ff8b9b17000 	C:\Windows\SYSTEM32\profapi.dll
0x00007ff80ac80000 - 0x00007ff80ad57000 	C:\Program Files\Java\jdk-21\bin\jsvml.dll
0x00007ff84a310000 - 0x00007ff84a320000 	C:\Program Files\Java\jdk-21\bin\net.dll
0x00007ff8b5ae0000 - 0x00007ff8b5c16000 	C:\Windows\SYSTEM32\WINHTTP.dll
0x00007ff8b9040000 - 0x00007ff8b90a9000 	C:\Windows\system32\mswsock.dll
0x00007ff80ab70000 - 0x00007ff80ab86000 	C:\Program Files\Java\jdk-21\bin\nio.dll
0x00007ff80ab90000 - 0x00007ff80aba8000 	C:\Program Files\Java\jdk-21\bin\zip.dll
0x00007ff8b8640000 - 0x00007ff8b866d000 	C:\Windows\SYSTEM32\IPHLPAPI.DLL
0x00007ff8ba5f0000 - 0x00007ff8ba5f9000 	C:\Windows\System32\NSI.dll
0x00007ff8b86b0000 - 0x00007ff8b87b2000 	C:\Windows\SYSTEM32\DNSAPI.dll
0x00007ff8b17d0000 - 0x00007ff8b17da000 	C:\Windows\System32\rasadhlp.dll
0x00007ff8b3280000 - 0x00007ff8b3303000 	C:\Windows\System32\fwpuclnt.dll
0x00007ff849dc0000 - 0x00007ff849dd0000 	C:\Program Files\Java\jdk-21\bin\verify.dll
0x00007ff8b92c0000 - 0x00007ff8b92db000 	C:\Windows\SYSTEM32\CRYPTSP.dll
0x00007ff8b8b30000 - 0x00007ff8b8b65000 	C:\Windows\system32\rsaenh.dll
0x00007ff8b9110000 - 0x00007ff8b9138000 	C:\Windows\SYSTEM32\USERENV.dll
0x00007ff8b92b0000 - 0x00007ff8b92bc000 	C:\Windows\SYSTEM32\CRYPTBASE.dll
0x00007ff88d550000 - 0x00007ff88d55a000 	C:\Program Files\Java\jdk-21\bin\management.dll
0x00007ff88d540000 - 0x00007ff88d54b000 	C:\Program Files\Java\jdk-21\bin\management_ext.dll
0x00007ff8ba5e0000 - 0x00007ff8ba5e8000 	C:\Windows\System32\PSAPI.DLL
0x00007ff8a93e0000 - 0x00007ff8a93ee000 	C:\Program Files\Java\jdk-21\bin\sunmscapi.dll
0x00007ff8b9ed0000 - 0x00007ff8ba036000 	C:\Windows\System32\CRYPT32.dll
0x00007ff8b9490000 - 0x00007ff8b94bd000 	C:\Windows\SYSTEM32\ncrypt.dll
0x00007ff8b9450000 - 0x00007ff8b9487000 	C:\Windows\SYSTEM32\NTASN1.dll
0x00007ff848fc0000 - 0x00007ff848fc8000 	C:\Windows\system32\wshunix.dll
0x00007ff88b490000 - 0x00007ff88b497000 	C:\Program Files\Java\jdk-21\bin\extnet.dll

dbghelp: loaded successfully - version: 4.0.5 - missing functions: none
symbol engine: initialized successfully - sym options: 0x614 - pdb path: .;C:\Program Files\Java\jdk-21\bin;C:\Windows\SYSTEM32;C:\Windows\WinSxS\amd64_microsoft.windows.common-controls_6595b64144ccf1df_6.0.22621.3672_none_2713b9d173822955;C:\Program Files\Java\jdk-21\bin\server

VM Arguments:
jvm_args: -Dserver.port=0 -Dfile.encoding=UTF-8 -Dstdout.encoding=UTF-8 -Dstderr.encoding=UTF-8 -XX:+ShowCodeDetailsInExceptionMessages 
java_command: com.CourierManagement.ApiGateway.ApiGatewayApplication
java_class_path (initial): D:\Courier_Management_System\ApiGateway\target\classes;C:\Users\DELL\.m2\repository\org\springframework\cloud\spring-cloud-starter-netflix-eureka-client\4.1.3\spring-cloud-starter-netflix-eureka-client-4.1.3.jar;C:\Users\DELL\.m2\repository\org\springframework\cloud\spring-cloud-starter\4.1.4\spring-cloud-starter-4.1.4.jar;C:\Users\DELL\.m2\repository\org\springframework\cloud\spring-cloud-context\4.1.4\spring-cloud-context-4.1.4.jar;C:\Users\DELL\.m2\repository\org\springframework\cloud\spring-cloud-commons\4.1.4\spring-cloud-commons-4.1.4.jar;C:\Users\DELL\.m2\repository\org\springframework\security\spring-security-rsa\1.1.3\spring-security-rsa-1.1.3.jar;C:\Users\DELL\.m2\repository\org\bouncycastle\bcprov-jdk18on\1.78\bcprov-jdk18on-1.78.jar;C:\Users\DELL\.m2\repository\org\springframework\cloud\spring-cloud-netflix-eureka-client\4.1.3\spring-cloud-netflix-eureka-client-4.1.3.jar;C:\Users\DELL\.m2\repository\org\apache\httpcomponents\client5\httpclient5\5.3.1\httpclient5-5.3.1.jar;C:\Users\DELL\.m2\repository\org\apache\httpcomponents\core5\httpcore5\5.2.5\httpcore5-5.2.5.jar;C:\Users\DELL\.m2\repository\org\apache\httpcomponents\core5\httpcore5-h2\5.2.5\httpcore5-h2-5.2.5.jar;C:\Users\DELL\.m2\repository\com\netflix\eureka\eureka-client\2.0.3\eureka-client-2.0.3.jar;C:\Users\DELL\.m2\repository\com\thoughtworks\xstream\xstream\1.4.20\xstream-1.4.20.jar;C:\Users\DELL\.m2\repository\io\github\x-stream\mxparser\1.2.2\mxparser-1.2.2.jar;C:\Users\DELL\.m2\repository\xmlpull\xmlpull\1.1.3.1\xmlpull-1.1.3.1.jar;C:\Users\DELL\.m2\repository\jakarta\ws\rs\jakarta.ws.rs-api\3.1.0\jakarta.ws.rs-api-3.1.0.jar;C:\Users\DELL\.m2\repository\jakarta\inject\jakarta.inject-api\2.0.1\jakarta.inject-api-2.0.1.jar;C:\Users\DELL\.m2\repository\jakarta\annotation\jakarta.annotation-api\2.1.1\jakarta.annotation-api-2.1.1.jar;C:\Users\DELL\.m2\repository\com\netflix\spectator\spectator-api\1.7.3\spectator-api-1.7.3.jar;C:\Users\DELL\.m2\repository\org\apache\httpcomponents\httpclient\4.5.3\httpclient-4.5.3.jar;C:\Users\DELL\.m2\repository\org\apache\httpcomponents\httpcore\4.4.16\httpcore-4.4.16.jar;C:\Users\DELL\.m2\repository\commons-codec\commons-codec\1.16.1\commons-codec-1.16.1.jar;C:\Users\DELL\.m2\repository\commons-configuration\commons-configuration\1.10\commons-configuration-1.10.jar;C:\Users\DELL\.m2\repository\commons-lang\commons-lang\2.6\commons-lang-2.6.jar;C:\Users\DELL\.m2\repository\com\fasterxml\jackson\core\jackson-annotations\2.17.2\jackson-annotations-2.17.2.jar;C:\Users\DELL\.m2\repository\com\fasterxml\jackson\core\jackson-core\2.17.2\jackson-core-2.17.2.jar;C:\Users\DELL\.m2\repository\com\netflix\netflix-commons\netflix-eventbus\0.3.0\netflix-eventbus-0.3.0.jar;C:\Users\DELL\.m2\repository\com\netflix\netflix-commons\netflix-infix\0.3.0\netflix-infix-0.3.0.jar;C:\Users\DELL\.m2\repository\commons-jxpath\commons-jxpath\1.3\commons-jxpath-1.3.jar;C:\Users\DELL\.m2\repository\joda-time\joda-time\2.3\joda-time-2.3.jar;C:\Users\DELL\.m2\repository\org\antlr\antlr-runtime\3.4\antlr-runtime-3.4.jar;C:\Users\DELL\.m2\repository\org\antlr\stringtemplate\3.2.1\stringtemplate-3.2.1.jar;C:\Users\DELL\.m2\repository\antlr\antlr\2.7.7\antlr-2.7.7.jar;C:\Users\DELL\.m2\repository\com\google\code\gson\gson\2.10.1\gson-2.10.1.jar;C:\Users\DELL\.m2\repository\com\netflix\servo\servo-core\0.5.3\servo-core-0.5.3.jar;C:\Users\DELL\.m2\repository\org\apache\commons\commons-math\2.2\commons-math-2.2.jar;C:\Users\DELL\.m2\repository\javax\annotation\javax.annotation-api\1.2\javax.annotation-api-1.2.jar;C:\Users\DELL\.m2\repository\org\codehaus\jettison\jettison\1.5.4\jettison-1.5.4.jar;C:\Users\DELL\.m2\repository\com\netflix\eureka\eureka-core\2.0.3\eureka-core-2.0.3.jar;C:\Users\DELL\.m2\repository\com\fasterxml\woodstox\woodstox-core\6.2.1\woodstox-core-6.2.1.jar;C:\Users\DELL\.m2\repository\org\codehaus\woodstox\stax2-api\4.2.1\stax2-api-4.2.1.jar;C:\Users\DELL\.m2\repository\com\google\guava\guava\33.0.0-jre\guava-33.0.0-jre.jar;C:\Users\DELL\.m2\repository\com\google\guava\failureaccess\1.0.2\failureaccess-1.0.2.jar;C:\Users\DELL\.m2\repository\com\google\guava\listenablefuture\9999.0-empty-to-avoid-conflict-with-guava\listenablefuture-9999.0-empty-to-avoid-conflict-with-guava.jar;C:\Users\DELL\.m2\repository\org\checkerframework\checker-qual\3.41.0\checker-qual-3.41.0.jar;C:\Users\DELL\.m2\repository\com\google\errorprone\error_prone_annotations\2.23.0\error_prone_annotations-2.23.0.jar;C:\Users\DELL\.m2\repository\com\google\j2objc\j2objc-annotations\2.8\j2objc-annotations-2.8.jar;C:\Users\DELL\.m2\repository\org\springframework\cloud\spring-cloud-starter-gateway\4.1.5\spring-cloud-starter-gateway-4.1.5.jar;C:\Users\DELL\.m2\repository\org\springframework\cloud\spring-cloud-gateway-server\4.1.5\spring-cloud-gateway-server-4.1.5.jar;C:\Users\DELL\.m2\repository\org\springframework\boot\spring-boot-starter-validation\3.3.5\spring-boot-starter-validation-3.3.5.jar;C:\Users\DELL\.m2\repository\org\apache\tomcat\embed\tomcat-embed-el\10.1.31\tomcat-embed-el-10.1.31.jar;C:\Users\DELL\.m2\repository\org\hibernate\validator\hibernate-validator\8.0.1.Final\hibernate-validator-8.0.1.Final.jar;C:\Users\DELL\.m2\repository\jakarta\validation\jakarta.validation-api\3.0.2\jakarta.validation-api-3.0.2.jar;C:\Users\DELL\.m2\repository\org\jboss\logging\jboss-logging\3.5.3.Final\jboss-logging-3.5.3.Final.jar;C:\Users\DELL\.m2\repository\com\fasterxml\classmate\1.7.0\classmate-1.7.0.jar;C:\Users\DELL\.m2\repository\io\projectreactor\addons\reactor-extra\3.5.2\reactor-extra-3.5.2.jar;C:\Users\DELL\.m2\repository\io\micrometer\micrometer-tracing-bridge-brave\1.3.5\micrometer-tracing-bridge-brave-1.3.5.jar;C:\Users\DELL\.m2\repository\io\micrometer\micrometer-tracing\1.3.5\micrometer-tracing-1.3.5.jar;C:\Users\DELL\.m2\repository\io\micrometer\context-propagation\1.1.2\context-propagation-1.1.2.jar;C:\Users\DELL\.m2\repository\aopalliance\aopalliance\1.0\aopalliance-1.0.jar;C:\Users\DELL\.m2\repository\org\slf4j\slf4j-api\2.0.16\slf4j-api-2.0.16.jar;C:\Users\DELL\.m2\repository\io\zipkin\brave\brave\6.0.3\brave-6.0.3.jar;C:\Users\DELL\.m2\repository\io\zipkin\brave\brave-context-slf4j\6.0.3\brave-context-slf4j-6.0.3.jar;C:\Users\DELL\.m2\repository\io\zipkin\brave\brave-instrumentation-http\6.0.3\brave-instrumentation-http-6.0.3.jar;C:\Users\DELL\.m2\repository\io\zipkin\aws\brave-propagation-aws\1.2.5\brave-propagation-aws-1.2.5.jar;C:\Users\DELL\.m2\repository\io\zipkin\contrib\brave-propagation-w3c\brave-propagation-tracecontext\0.2.0\brave-propagation-tracecontext-0.2.0.jar;C:\Users\DELL\.m2\repository\io\zipkin\reporter2\zipkin-reporter-brave\3.4.2\zipkin-reporter-brave-3.4.2.jar;C:\Users\DELL\.m2\repository\io\zipkin\reporter2\zipkin-reporter\3.4.2\zipkin-reporter-3.4.2.jar;C:\Users\DELL\.m2\repository\org\springframework\cloud\spring-cloud-starter-loadbalancer\4.1.4\spring-cloud-starter-loadbalancer-4.1.4.jar;C:\Users\DELL\.m2\repository\org\springframework\cloud\spring-cloud-loadbalancer\4.1.4\spring-cloud-loadbalancer-4.1.4.jar;C:\Users\DELL\.m2\repository\org\springframework\boot\spring-boot-starter-cache\3.3.5\spring-boot-starter-cache-3.3.5.jar;C:\Users\DELL\.m2\repository\org\springframework\spring-context-support\6.1.14\spring-context-support-6.1.14.jar;C:\Users\DELL\.m2\repository\com\stoyanr\evictor\1.0.0\evictor-1.0.0.jar;C:\Users\DELL\.m2\repository\org\springframework\boot\spring-boot-starter-actuator\3.3.5\spring-boot-starter-actuator-3.3.5.jar;C:\Users\DELL\.m2\repository\org\springframework\boot\spring-boot-starter\3.3.5\spring-boot-starter-3.3.5.jar;C:\Users\DELL\.m2\repository\org\springframework\boot\spring-boot\3.3.5\spring-boot-3.3.5.jar;C:\Users\DELL\.m2\repository\org\springframework\boot\spring-boot-autoconfigure\3.3.5\spring-boot-autoconfigure-3.3.5.jar;C:\Users\DELL\.m2\repository\org\springframework\boot\spring-boot-starter-logging\3.3.5\spring-boot-starter-logging-3.3.5.jar;C:\Users\DELL\.m2\repository\ch\qos\logback\logback-classic\1.5.11\logback-classic-1.5.11.jar;C:\Users\DELL\.m2\repository\ch\qos\logback\logback-core\1.5.11\logback-core-1.5.11.jar;C:\Users\DELL\.m2\repository\org\apache\logging\log4j\log4j-to-slf4j\2.23.1\log4j-to-slf4j-2.23.1.jar;C:\Users\DELL\.m2\repository\org\apache\logging\log4j\log4j-api\2.23.1\log4j-api-2.23.1.jar;C:\Users\DELL\.m2\repository\org\slf4j\jul-to-slf4j\2.0.16\jul-to-slf4j-2.0.16.jar;C:\Users\DELL\.m2\repository\org\yaml\snakeyaml\2.2\snakeyaml-2.2.jar;C:\Users\DELL\.m2\repository\org\springframework\boot\spring-boot-actuator-autoconfigure\3.3.5\spring-boot-actuator-autoconfigure-3.3.5.jar;C:\Users\DELL\.m2\repository\org\springframework\boot\spring-boot-actuator\3.3.5\spring-boot-actuator-3.3.5.jar;C:\Users\DELL\.m2\repository\com\fasterxml\jackson\datatype\jackson-datatype-jsr310\2.17.2\jackson-datatype-jsr310-2.17.2.jar;C:\Users\DELL\.m2\repository\io\micrometer\micrometer-observation\1.13.6\micrometer-observation-1.13.6.jar;C:\Users\DELL\.m2\repository\io\micrometer\micrometer-commons\1.13.6\micrometer-commons-1.13.6.jar;C:\Users\DELL\.m2\repository\io\micrometer\micrometer-jakarta9\1.13.6\micrometer-jakarta9-1.13.6.jar;C:\Users\DELL\.m2\repository\io\micrometer\micrometer-core\1.13.6\micrometer-core-1.13.6.jar;C:\Users\DELL\.m2\repository\org\hdrhistogram\HdrHistogram\2.2.2\HdrHistogram-2.2.2.jar;C:\Users\DELL\.m2\repository\org\latencyutils\LatencyUtils\2.0.3\LatencyUtils-2.0.3.jar;C:\Users\DELL\.m2\repository\org\springframework\boot\spring-boot-starter-security\3.3.5\spring-boot-starter-security-3.3.5.jar;C:\Users\DELL\.m2\repository\org\springframework\spring-aop\6.1.14\spring-aop-6.1.14.jar;C:\Users\DELL\.m2\repository\org\springframework\spring-beans\6.1.14\spring-beans-6.1.14.jar;C:\Users\DELL\.m2\repository\org\springframework\security\spring-security-config\6.3.4\spring-security-config-6.3.4.jar;C:\Users\DELL\.m2\repository\org\springframework\spring-context\6.1.14\spring-context-6.1.14.jar;C:\Users\DELL\.m2\repository\org\springframework\security\spring-security-web\6.3.4\spring-security-web-6.3.4.jar;C:\Users\DELL\.m2\repository\org\springframework\spring-expression\6.1.14\spring-expression-6.1.14.jar;C:\Users\DELL\.m2\repository\org\springframework\boot\spring-boot-starter-webflux\3.3.5\spring-boot-starter-webflux-3.3.5.jar;C:\Users\DELL\.m2\repository\org\springframework\boot\spring-boot-starter-json\3.3.5\spring-boot-starter-json-3.3.5.jar;C:\Users\DELL\.m2\repository\com\fasterxml\jackson\datatype\jackson-datatype-jdk8\2.17.2\jackson-datatype-jdk8-2.17.2.jar;C:\Users\DELL\.m2\repository\com\fasterxml\jackson\module\jackson-module-parameter-names\2.17.2\jackson-module-parameter-names-2.17.2.jar;C:\Users\DELL\.m2\repository\org\springframework\boot\spring-boot-starter-reactor-netty\3.3.5\spring-boot-starter-reactor-netty-3.3.5.jar;C:\Users\DELL\.m2\repository\io\projectreactor\netty\reactor-netty-http\1.1.23\reactor-netty-http-1.1.23.jar;C:\Users\DELL\.m2\repository\io\netty\netty-codec-http\4.1.114.Final\netty-codec-http-4.1.114.Final.jar;C:\Users\DELL\.m2\repository\io\netty\netty-common\4.1.114.Final\netty-common-4.1.114.Final.jar;C:\Users\DELL\.m2\repository\io\netty\netty-buffer\4.1.114.Final\netty-buffer-4.1.114.Final.jar;C:\Users\DELL\.m2\repository\io\netty\netty-transport\4.1.114.Final\netty-transport-4.1.114.Final.jar;C:\Users\DELL\.m2\repository\io\netty\netty-codec\4.1.114.Final\netty-codec-4.1.114.Final.jar;C:\Users\DELL\.m2\repository\io\netty\netty-handler\4.1.114.Final\netty-handler-4.1.114.Final.jar;C:\Users\DELL\.m2\repository\io\netty\netty-codec-http2\4.1.114.Final\netty-codec-http2-4.1.114.Final.jar;C:\Users\DELL\.m2\repository\io\netty\netty-resolver-dns\4.1.114.Final\netty-resolver-dns-4.1.114.Final.jar;C:\Users\DELL\.m2\repository\io\netty\netty-resolver\4.1.114.Final\netty-resolver-4.1.114.Final.jar;C:\Users\DELL\.m2\repository\io\netty\netty-codec-dns\4.1.114.Final\netty-codec-dns-4.1.114.Final.jar;C:\Users\DELL\.m2\repository\io\netty\netty-resolver-dns-native-macos\4.1.114.Final\netty-resolver-dns-native-macos-4.1.114.Final-osx-x86_64.jar;C:\Users\DELL\.m2\repository\io\netty\netty-resolver-dns-classes-macos\4.1.114.Final\netty-resolver-dns-classes-macos-4.1.114.Final.jar;C:\Users\DELL\.m2\repository\io\netty\netty-transport-native-epoll\4.1.114.Final\netty-transport-native-epoll-4.1.114.Final-linux-x86_64.jar;C:\Users\DELL\.m2\repository\io\netty\netty-transport-native-unix-common\4.1.114.Final\netty-transport-native-unix-common-4.1.114.Final.jar;C:\Users\DELL\.m2\repository\io\netty\netty-transport-classes-epoll\4.1.114.Final\netty-transport-classes-epoll-4.1.114.Final.jar;C:\Users\DELL\.m2\repository\io\projectreactor\netty\reactor-netty-core\1.1.23\reactor-netty-core-1.1.23.jar;C:\Users\DELL\.m2\repository\io\netty\netty-handler-proxy\4.1.114.Final\netty-handler-proxy-4.1.114.Final.jar;C:\Users\DELL\.m2\repository\io\netty\netty-codec-socks\4.1.114.Final\netty-codec-socks-4.1.114.Final.jar;C:\Users\DELL\.m2\repository\org\springframework\spring-web\6.1.14\spring-web-6.1.14.jar;C:\Users\DELL\.m2\repository\org\springframework\spring-webflux\6.1.14\spring-webflux-6.1.14.jar;C:\Users\DELL\.m2\repository\org\springdoc\springdoc-openapi-starter-webflux-ui\2.3.0\springdoc-openapi-starter-webflux-ui-2.3.0.jar;C:\Users\DELL\.m2\repository\org\springdoc\springdoc-openapi-starter-webflux-api\2.3.0\springdoc-openapi-starter-webflux-api-2.3.0.jar;C:\Users\DELL\.m2\repository\org\springdoc\springdoc-openapi-starter-common\2.3.0\springdoc-openapi-starter-common-2.3.0.jar;C:\Users\DELL\.m2\repository\io\swagger\core\v3\swagger-core-jakarta\2.2.19\swagger-core-jakarta-2.2.19.jar;C:\Users\DELL\.m2\repository\org\apache\commons\commons-lang3\3.14.0\commons-lang3-3.14.0.jar;C:\Users\DELL\.m2\repository\io\swagger\core\v3\swagger-annotations-jakarta\2.2.19\swagger-annotations-jakarta-2.2.19.jar;C:\Users\DELL\.m2\repository\io\swagger\core\v3\swagger-models-jakarta\2.2.19\swagger-models-jakarta-2.2.19.jar;C:\Users\DELL\.m2\repository\com\fasterxml\jackson\dataformat\jackson-dataformat-yaml\2.17.2\jackson-dataformat-yaml-2.17.2.jar;C:\Users\DELL\.m2\repository\org\webjars\swagger-ui\5.10.3\swagger-ui-5.10.3.jar;C:\Users\DELL\.m2\repository\io\jsonwebtoken\jjwt-api\0.11.5\jjwt-api-0.11.5.jar;C:\Users\DELL\.m2\repository\io\jsonwebtoken\jjwt-impl\0.11.5\jjwt-impl-0.11.5.jar;C:\Users\DELL\.m2\repository\io\jsonwebtoken\jjwt-jackson\0.11.5\jjwt-jackson-0.11.5.jar;C:\Users\DELL\.m2\repository\com\fasterxml\jackson\core\jackson-databind\2.17.2\jackson-databind-2.17.2.jar;C:\Users\DELL\.m2\repository\org\projectlombok\lombok\1.18.34\lombok-1.18.34.jar;C:\Users\DELL\.m2\repository\jakarta\xml\bind\jakarta.xml.bind-api\4.0.2\jakarta.xml.bind-api-4.0.2.jar;C:\Users\DELL\.m2\repository\jakarta\activation\jakarta.activation-api\2.1.3\jakarta.activation-api-2.1.3.jar;C:\Users\DELL\.m2\repository\org\springframework\spring-core\6.1.14\spring-core-6.1.14.jar;C:\Users\DELL\.m2\repository\org\springframework\spring-jcl\6.1.14\spring-jcl-6.1.14.jar;C:\Users\DELL\.m2\repository\io\projectreactor\reactor-core\3.6.11\reactor-core-3.6.11.jar;C:\Users\DELL\.m2\repository\org\reactivestreams\reactive-streams\1.0.4\reactive-streams-1.0.4.jar;C:\Users\DELL\.m2\repository\org\springframework\security\spring-security-core\6.3.4\spring-security-core-6.3.4.jar;C:\Users\DELL\.m2\repository\org\springframework\security\spring-security-crypto\6.3.4\spring-security-crypto-6.3.4.jar
Launcher Type: SUN_STANDARD

[Global flags]
     intx CICompilerCount                          = 4                                         {product} {ergonomic}
     uint ConcGCThreads                            = 2                                         {product} {ergonomic}
     uint G1ConcRefinementThreads                  = 8                                         {product} {ergonomic}
   size_t G1HeapRegionSize                         = 1048576                                   {product} {ergonomic}
    uintx GCDrainStackTargetSize                   = 64                                        {product} {ergonomic}
   size_t InitialHeapSize                          = 67108864                                  {product} {ergonomic}
   size_t MarkStackSize                            = 4194304                                   {product} {ergonomic}
   size_t MaxHeapSize                              = 1042284544                                {product} {ergonomic}
   size_t MaxNewSize                               = 624951296                                 {product} {ergonomic}
   size_t MinHeapDeltaBytes                        = 1048576                                   {product} {ergonomic}
   size_t MinHeapSize                              = 8388608                                   {product} {ergonomic}
    uintx NonNMethodCodeHeapSize                   = 5839372                                {pd product} {ergonomic}
    uintx NonProfiledCodeHeapSize                  = 122909434                              {pd product} {ergonomic}
    uintx ProfiledCodeHeapSize                     = 122909434                              {pd product} {ergonomic}
    uintx ReservedCodeCacheSize                    = 251658240                              {pd product} {ergonomic}
     bool SegmentedCodeCache                       = true                                      {product} {ergonomic}
     bool ShowCodeDetailsInExceptionMessages       = true                                   {manageable} {command line}
   size_t SoftMaxHeapSize                          = 1042284544                             {manageable} {ergonomic}
     bool UseCompressedOops                        = true                           {product lp64_product} {ergonomic}
     bool UseG1GC                                  = true                                      {product} {ergonomic}
     bool UseLargePagesIndividualAllocation        = false                                  {pd product} {ergonomic}

Logging:
Log output configuration:
 #0: stdout all=warning uptime,level,tags foldmultilines=false
 #1: stderr all=off uptime,level,tags foldmultilines=false

Environment Variables:
JAVA_HOME=C:\Program Files\Java\jdk1.8.0_202\bin
PATH=C:/Program Files/Java/jdk-21/bin/server;C:/Program Files/Java/jdk-21/bin;D:\oracle\product\10.2.0\db_1\bin;C:\Program Files\Smart Projects\IsoBuster;C:\Program Files\Common Files\Oracle\Java\javapath;C:\Program Files (x86)\Common Files\Oracle\Java\javapath;C:\oraclexe\app\oracle\product\11.2.0\server\bin;C:\Windows\system32;C:\Windows;C:\Windows\System32\Wbem;C:\Windows\System32\WindowsPowerShell\v1.0\;C:\Windows\System32\OpenSSH\;C:\Program Files\Git\cmd;C:\composer;C:\Program Files\Git\bin;C:\Program Files\nodejs\;C:\Program Files (x86)\Microsoft SQL Server\160\Tools\Binn\;C:\Program Files\Microsoft SQL Server\160\Tools\Binn\;C:\Program Files\Microsoft SQL Server\Client SDK\ODBC\170\Tools\Binn\;C:\Program Files\Microsoft SQL Server\160\DTS\Binn\;C:\Program Files\Java\jdk1.8.0_202\bin;C:\Program Files\MySQL\MySQL Server 8.0\bin;C:\Program Files\Erlang OTP\bin;;C:\Program Files\Docker\Docker\resources\bin;C:\Program Files\MySQL\MySQL Shell 8.0\bin\;C:\Users\DELL\AppData\Local\Programs\Python\Python313\Scripts\;C:\Users\DELL\AppData\Local\Programs\Python\Python313\;C:\Users\DELL\AppData\Local\Programs\Python\Python311\Scripts\;C:\Users\DELL\AppData\Local\Programs\Python\Python311\;C:\Users\DELL\AppData\Local\Microsoft\WindowsApps;C:\Users\DELL\AppData\Local\Programs\Microsoft VS Code\bin;C:\MinGW\bin;C:\xampp\php;C:\Users\DELL\composer;C:\Users\DELL\AppData\Roaming\Composer\vendor\bin;C:\Users\DELL\AppData\Roaming\npm;C:\Windows\System32;
USERNAME=DELL
OS=Windows_NT
PROCESSOR_IDENTIFIER=Intel64 Family 6 Model 142 Stepping 12, GenuineIntel
TMP=C:\Users\DELL\AppData\Local\Temp
TEMP=C:\Users\DELL\AppData\Local\Temp




Periodic native trim disabled

---------------  S Y S T E M  ---------------

OS:
 Windows 11 , 64 bit Build 22621 (10.0.22621.3958)
OS uptime: 3 days 1:47 hours
Hyper-V role detected

CPU: total 8 (initial active 8) (4 cores per cpu, 2 threads per core) family 6 model 142 stepping 12 microcode 0xf8, cx8, cmov, fxsr, ht, mmx, 3dnowpref, sse, sse2, sse3, ssse3, sse4.1, sse4.2, popcnt, lzcnt, tsc, tscinvbit, avx, avx2, aes, erms, clmul, bmi1, bmi2, adx, fma, vzeroupper, clflush, clflushopt, hv, rdtscp, f16c
Processor Information for all 8 processors :
  Max Mhz: 1800, Current Mhz: 1600, Mhz Limit: 1584

Memory: 4k page, system-wide physical 3971M (118M free)
TotalPageFile size 16259M (AvailPageFile size 0M)
current process WorkingSet (physical memory assigned to process): 54M, peak: 226M
current process commit charge ("private bytes"): 261M, peak: 278M

vm_info: Java HotSpot(TM) 64-Bit Server VM (21.0.1+12-LTS-29) for windows-amd64 JRE (21.0.1+12-LTS-29), built on 2023-10-05T13:27:09Z by "mach5one" with MS VC++ 17.1 (VS2022)

END.
